Archive member included to satisfy reference by file (symbol)

cpu/br34/liba/cpu.a(crc16.c.o)
                              obj/Release/cpu/br34/setup.o (symbol from plugin) (__crc16_mutex_init)
cpu/br34/liba/cpu.a(uart.c.o)
                              obj/Release/apps/common/audio/wm8978/iic.o (symbol from plugin) (delay)
cpu/br34/liba/cpu.a(clock.c.o)
                              obj/Release/cpu/br34/adc_api.o (symbol from plugin) (update_voltage_by_freq)
cpu/br34/liba/cpu.a(gpio.c.o)
                              obj/Release/apps/common/usb/usb_config.o (symbol from plugin) (usb_iomode)
cpu/br34/liba/cpu.a(timer.c.o)
                              obj/Release/apps/common/config/app_earphone_tool.o (symbol from plugin) (delay_2ms)
cpu/br34/liba/cpu.a(wdt.c.o)  obj/Release/apps/common/update/update.o (symbol from plugin) (wdt_clear)
cpu/br34/liba/cpu.a(efuse.c.o)
                              obj/Release/cpu/br34/charge.o (symbol from plugin) (get_vbat_trim)
cpu/br34/liba/cpu.a(encryption.c.o)
                              obj/Release/apps/common/config/app_earphone_tool.o (symbol from plugin) (doe)
cpu/br34/liba/cpu.a(debug.c.o)
                              obj/Release/apps/common/config/app_earphone_tool.o (symbol from plugin) (ram_protect_close)
cpu/br34/liba/cpu.a(usb.c.o)  obj/Release/apps/common/usb/device/usb_device.o (symbol from plugin) (usb_sof_clr_pnd)
cpu/br34/liba/cpu.a(vm.c.o)   obj/Release/apps/common/config/app_earphone_tool.o (symbol from plugin) (norflash_read)
cpu/br34/liba/cpu.a(p33.c.o)  obj/Release/cpu/br34/adc_api.o (symbol from plugin) (adc_pmu_ch_select)
cpu/br34/liba/cpu.a(power_hw.c.o)
                              clock.c.o (symbol from plugin) (VDC13_VOL_SEL)
cpu/br34/liba/cpu.a(power_wakeup.c.o)
                              power_hw.c.o (symbol from plugin) (p33_wakeup_irq_handler)
cpu/br34/liba/cpu.a(pmu_calibrate.c.o)
                              obj/Release/cpu/br34/adc_api.o (symbol from plugin) (get_wvdd_trim_level)
cpu/br34/liba/cpu.a(chargestore.c.o)
                              obj/Release/apps/earphone/power_manage/app_chargestore.o (symbol from plugin) (chargestore_api_write)
cpu/br34/liba/cpu.a(otg.c.o)  obj/Release/apps/common/usb/usb_config.o (symbol from plugin) (usb_otg_suspend)
cpu/br34/liba/cpu.a(usb_phy.c.o)
                              obj/Release/apps/common/usb/usb_config.o (symbol from plugin) (usb_read_sofframe)
cpu/br34/liba/cpu.a(usb_setup.c.o)
                              obj/Release/apps/common/usb/usb_config.o (symbol from plugin) (usb_device2id)
cpu/br34/liba/cpu.a(descriptor.c.o)
                              usb_setup.c.o (symbol from plugin) (get_device_descriptor)
cpu/br34/liba/cpu.a(startup.S.o)
                              (_start)
cpu/br34/liba/cpu.a(lp_timer_hw.c.o)
                              power_hw.c.o (symbol from plugin) (__lp_timer_dump)
cpu/br34/liba/cpu.a(lrc_hw.c.o)
                              power_hw.c.o (symbol from plugin) (__get_lrc_hz)
cpu/br34/liba/system.a(app_core.c.o)
                              obj/Release/apps/earphone/app_main.o (symbol from plugin) (start_app)
cpu/br34/liba/system.a(ASCII_lib.c.o)
                              obj/Release/cpu/br34/tone_player.o (symbol from plugin) (ASCII_StrCmpNoCase)
cpu/br34/liba/system.a(circular_buf.c.o)
                              obj/Release/apps/common/device/gSensor/gSensor_manage.o (symbol from plugin) (cbuf_read)
cpu/br34/liba/system.a(syscfg_api.c.o)
                              obj/Release/apps/earphone/aec/br34/audio_aec.o (symbol from plugin) (syscfg_read)
cpu/br34/liba/system.a(config_interface.c.o)
                              obj/Release/apps/common/config/app_config.o (symbol from plugin) (config_layer_init)
cpu/br34/liba/system.a(sbrk.c.o)
                              obj/Release/cpu/br34/setup.o (symbol from plugin) (memory_init)
cpu/br34/liba/system.a(bank_switch.c.o)
                              obj/Release/cpu/br34/setup.o (symbol from plugin) (load_common_code)
cpu/br34/liba/system.a(port_overwrite.c.o)
                              cpu/br34/liba/cpu.a(startup.S.o) (maskrom_init)
cpu/br34/liba/system.a(heap_mmu.c.o)
                              obj/Release/cpu/br34/setup.o (symbol from plugin) (mem_stats)
cpu/br34/liba/system.a(hwi.c.o)
                              obj/Release/apps/common/usb/usb_config.o (symbol from plugin) (request_irq)
cpu/br34/liba/system.a(bank_switch_asm.S.o)
                              obj/Release/cpu/br34/setup.o (symbol from plugin) (bank_syscall_entry)
cpu/br34/liba/system.a(memory.c.o)
                              obj/Release/apps/common/audio/audio_noise_gate.o (symbol from plugin) (malloc)
cpu/br34/liba/system.a(device_api.c.o)
                              obj/Release/apps/earphone/board/br34/board_ad6983d.o (symbol from plugin) (devices_init)
cpu/br34/liba/system.a(event.c.o)
                              obj/Release/apps/common/device/gSensor/gSensor_manage.o (symbol from plugin) (sys_event_notify)
[...]
Memory Configuration

Name             Origin             Length             Attributes
code0            0x01e00100         0x00100000         xr
ram0             0x00000000         0x0002bb60         xrw
*default*        0x00000000         0xffffffff

Linker script and memory map

LOAD obj/Release/apps/common/audio/audio_digital_vol.o
LOAD cpu\br34\tools\sdk.elf.o
LOAD obj/Release/apps/common/audio/audio_export_demo.o
LOAD obj/Release/apps/common/audio/audio_noise_gate.o
LOAD obj/Release/apps/common/audio/audio_ns.o
LOAD obj/Release/apps/common/audio/audio_plc.o
LOAD obj/Release/apps/common/audio/audio_utils.o
LOAD obj/Release/apps/common/audio/decode/audio_key_tone.o
LOAD obj/Release/apps/common/audio/decode/decode.o
LOAD obj/Release/apps/common/audio/sine_make.o
LOAD obj/Release/apps/common/audio/uartPcmSender.o
LOAD obj/Release/apps/common/audio/wm8978/iic.o
LOAD obj/Release/apps/common/audio/wm8978/wm8978.o
LOAD obj/Release/apps/common/cJSON/cJSON.o
LOAD obj/Release/apps/common/config/app_config.o
LOAD obj/Release/apps/common/config/app_earphone_tool.o
LOAD obj/Release/apps/common/config/bt_profile_config.o
LOAD obj/Release/apps/common/config/ci_transport_uart.o
LOAD obj/Release/apps/common/config/spp_eq_online_update.o
LOAD obj/Release/apps/common/debug/debug.o
LOAD obj/Release/apps/common/debug/debug_lite.o
LOAD obj/Release/apps/common/dev_manager/dev_update.o
LOAD obj/Release/apps/common/device/gSensor/da230.o
LOAD obj/Release/apps/common/device/gSensor/gSensor_manage.o
LOAD obj/Release/apps/common/device/gSensor/SC7A20.o
LOAD obj/Release/apps/common/device/gSensor/STK8321.o
LOAD obj/Release/apps/common/device/gx8002_npu/gx8002_enc/gx8002_enc.o
LOAD obj/Release/apps/common/device/gx8002_npu/gx8002_npu.o
LOAD obj/Release/apps/common/device/gx8002_npu/gx8002_npu_event_deal.o
LOAD obj/Release/apps/common/device/gx8002_npu/gx8002_upgrade/app_upgrade/gx_uart_upgrade_app.o
LOAD obj/Release/apps/common/device/gx8002_npu/gx8002_upgrade/app_upgrade/gx_uart_upgrade_tws.o
LOAD obj/Release/apps/common/device/gx8002_npu/gx8002_upgrade/gx_uart_upgrade.o
LOAD obj/Release/apps/common/device/gx8002_npu/gx8002_upgrade/gx_uart_upgrade_porting.o
LOAD obj/Release/apps/common/device/gx8002_npu/gx8002_upgrade/sdfile_upgrade/gx_uart_upgrade_sdfile.o
LOAD obj/Release/apps/common/device/gx8002_npu/gx8002_upgrade/spp_upgrade/gx_fifo.o
LOAD obj/Release/apps/common/device/gx8002_npu/gx8002_upgrade/spp_upgrade/gx_uart_upgrade_spp.o
LOAD obj/Release/apps/common/device/in_ear_detect/in_ear_detect.o
LOAD obj/Release/apps/common/device/in_ear_detect/in_ear_manage.o
LOAD obj/Release/apps/common/device/ir_sensor/ir_manage.o
LOAD obj/Release/apps/common/device/ir_sensor/jsa1221.o
LOAD obj/Release/apps/common/jl_kws/jl_kws_algo.o
LOAD obj/Release/apps/common/jl_kws/jl_kws_audio.o
LOAD obj/Release/apps/common/jl_kws/jl_kws_event.o
LOAD obj/Release/apps/common/jl_kws/jl_kws_main.o
LOAD obj/Release/apps/common/key/adkey.o
LOAD obj/Release/apps/common/key/adkey_rtcvdd.o
LOAD obj/Release/apps/common/key/ctmu_touch_key.o
LOAD obj/Release/apps/common/key/iokey.o
LOAD obj/Release/apps/common/key/irkey.o
LOAD obj/Release/apps/common/key/key_driver.o
LOAD obj/Release/apps/common/key/touch_key.o
LOAD obj/Release/apps/common/key/uart_key.o
LOAD obj/Release/apps/common/ntc/ntc_det.o
LOAD obj/Release/apps/common/third_party_profile/common/3th_profile_api.o
LOAD obj/Release/apps/common/third_party_profile/common/custom_cfg.o
LOAD obj/Release/apps/common/third_party_profile/common/mic_rec.o
LOAD obj/Release/apps/common/third_party_profile/interface/app_protocol_api.o
LOAD obj/Release/apps/common/third_party_profile/interface/app_protocol_common.o
LOAD obj/Release/apps/common/third_party_profile/interface/app_protocol_dma.o
LOAD obj/Release/apps/common/third_party_profile/interface/app_protocol_gma.o
LOAD obj/Release/apps/common/third_party_profile/interface/app_protocol_mma.o
LOAD obj/Release/apps/common/third_party_profile/interface/app_protocol_ota.o
LOAD obj/Release/apps/common/third_party_profile/interface/app_protocol_tme.o
LOAD obj/Release/apps/common/third_party_profile/jieli/JL_rcsp/adv_app_setting/adv_anc_voice.o
LOAD obj/Release/apps/common/third_party_profile/jieli/JL_rcsp/adv_app_setting/adv_anc_voice_key.o
LOAD obj/Release/apps/common/third_party_profile/jieli/JL_rcsp/adv_app_setting/adv_bt_name_setting.o
LOAD obj/Release/apps/common/third_party_profile/jieli/JL_rcsp/adv_app_setting/adv_eq_setting.o
LOAD obj/Release/apps/common/third_party_profile/jieli/JL_rcsp/adv_app_setting/adv_high_low_vol_setting.o
LOAD obj/Release/apps/common/third_party_profile/jieli/JL_rcsp/adv_app_setting/adv_key_setting.o
LOAD obj/Release/apps/common/third_party_profile/jieli/JL_rcsp/adv_app_setting/adv_led_setting.o
LOAD obj/Release/apps/common/third_party_profile/jieli/JL_rcsp/adv_app_setting/adv_mic_setting.o
LOAD obj/Release/apps/common/third_party_profile/jieli/JL_rcsp/adv_app_setting/adv_music_info_setting.o
LOAD obj/Release/apps/common/third_party_profile/jieli/JL_rcsp/adv_app_setting/adv_time_stamp_setting.o
LOAD obj/Release/apps/common/third_party_profile/jieli/JL_rcsp/adv_app_setting/adv_work_setting.o
LOAD obj/Release/apps/common/third_party_profile/jieli/JL_rcsp/adv_rcsp_protocol/rcsp_adv_bluetooth.o
LOAD obj/Release/apps/common/third_party_profile/jieli/JL_rcsp/adv_rcsp_protocol/rcsp_adv_customer_user.o
LOAD obj/Release/apps/common/third_party_profile/jieli/JL_rcsp/adv_rcsp_protocol/rcsp_adv_opt.o
LOAD obj/Release/apps/common/third_party_profile/jieli/JL_rcsp/adv_rcsp_protocol/rcsp_adv_tws_sync.o
LOAD obj/Release/apps/common/third_party_profile/jieli/JL_rcsp/bt_trans_data/le_rcsp_adv_module.o
LOAD obj/Release/apps/common/third_party_profile/jieli/JL_rcsp/bt_trans_data/rcsp_adv_spp_user.o
LOAD obj/Release/apps/common/third_party_profile/jieli/JL_rcsp/rcsp_updata/rcsp_adv_user_update.o
LOAD obj/Release/apps/common/third_party_profile/jieli/JL_rcsp/rcsp_updata/rcsp_ch_loader_download.o
LOAD obj/Release/apps/common/third_party_profile/jieli/JL_rcsp/rcsp_updata/rcsp_user_update.o
LOAD obj/Release/apps/common/third_party_profile/jieli/online_db/online_db_deal.o
LOAD obj/Release/apps/common/third_party_profile/jieli/online_db/spp_online_db.o
LOAD obj/Release/apps/common/third_party_profile/jieli/trans_data_demo/le_trans_data.o
LOAD obj/Release/apps/common/third_party_profile/jieli/trans_data_demo/spp_trans_data.o
LOAD obj/Release/apps/common/third_party_profile/jieli/wireless_mic/le_wireless_mic_client.o
LOAD obj/Release/apps/common/third_party_profile/jieli/wireless_mic/le_wireless_mic_server.o
LOAD obj/Release/apps/common/third_party_profile/Tecent_LL/tecent_ll_demo/ll_demo.o
LOAD obj/Release/apps/common/third_party_profile/Tecent_LL/tecent_ll_demo/ll_task.o
LOAD obj/Release/apps/common/third_party_profile/Tecent_LL/tecent_protocol/ble_qiot_import.o
LOAD obj/Release/apps/common/third_party_profile/Tecent_LL/tecent_protocol/ble_qiot_llsync_data.o
LOAD obj/Release/apps/common/third_party_profile/Tecent_LL/tecent_protocol/ble_qiot_llsync_device.o
LOAD obj/Release/apps/common/third_party_profile/Tecent_LL/tecent_protocol/ble_qiot_llsync_event.o
LOAD obj/Release/apps/common/third_party_profile/Tecent_LL/tecent_protocol/ble_qiot_llsync_ota.o
LOAD obj/Release/apps/common/third_party_profile/Tecent_LL/tecent_protocol/ble_qiot_service.o
LOAD obj/Release/apps/common/third_party_profile/Tecent_LL/tecent_protocol/ble_qiot_template.o
LOAD obj/Release/apps/common/third_party_profile/Tecent_LL/tecent_protocol/ble_qiot_utils_base64.o
LOAD obj/Release/apps/common/third_party_profile/Tecent_LL/tecent_protocol/ble_qiot_utils_crc.o
LOAD obj/Release/apps/common/third_party_profile/Tecent_LL/tecent_protocol/ble_qiot_utils_hmac.o
LOAD obj/Release/apps/common/third_party_profile/Tecent_LL/tecent_protocol/ble_qiot_utils_log.o
LOAD obj/Release/apps/common/third_party_profile/Tecent_LL/tecent_protocol/ble_qiot_utils_md5.o
LOAD obj/Release/apps/common/third_party_profile/Tecent_LL/tecent_protocol/ble_qiot_utils_sha1.o
LOAD obj/Release/apps/common/third_party_profile/tuya_protocol/app/demo/tuya_ble_app_demo.o
LOAD obj/Release/apps/common/third_party_profile/tuya_protocol/app/demo/tuya_ota.o
LOAD obj/Release/apps/common/third_party_profile/tuya_protocol/app/product_test/tuya_ble_app_production_test.o
LOAD obj/Release/apps/common/third_party_profile/tuya_protocol/app/uart_common/tuya_ble_app_uart_common_handler.o
LOAD obj/Release/apps/common/third_party_profile/tuya_protocol/extern_components/mbedtls/aes.o
LOAD obj/Release/apps/common/third_party_profile/tuya_protocol/extern_components/mbedtls/ccm.o
LOAD obj/Release/apps/common/third_party_profile/tuya_protocol/extern_components/mbedtls/hmac.o
LOAD obj/Release/apps/common/third_party_profile/tuya_protocol/extern_components/mbedtls/md5.o
LOAD obj/Release/apps/common/third_party_profile/tuya_protocol/extern_components/mbedtls/sha1.o
LOAD obj/Release/apps/common/third_party_profile/tuya_protocol/extern_components/mbedtls/sha256.o
LOAD obj/Release/apps/common/third_party_profile/tuya_protocol/port/tuya_ble_port.o
LOAD obj/Release/apps/common/third_party_profile/tuya_protocol/port/tuya_ble_port_JL.o
LOAD obj/Release/apps/common/third_party_profile/tuya_protocol/port/tuya_ble_port_peripheral.o
LOAD obj/Release/apps/common/third_party_profile/tuya_protocol/sdk/src/tuya_ble_api.o
LOAD obj/Release/apps/common/third_party_profile/tuya_protocol/sdk/src/tuya_ble_bulk_data.o
LOAD obj/Release/apps/common/third_party_profile/tuya_protocol/sdk/src/tuya_ble_data_handler.o
LOAD obj/Release/apps/common/third_party_profile/tuya_protocol/sdk/src/tuya_ble_event.o
LOAD obj/Release/apps/common/third_party_profile/tuya_protocol/sdk/src/tuya_ble_event_handler.o
LOAD obj/Release/apps/common/third_party_profile/tuya_protocol/sdk/src/tuya_ble_event_handler_weak.o
LOAD obj/Release/apps/common/third_party_profile/tuya_protocol/sdk/src/tuya_ble_feature_weather.o
LOAD obj/Release/apps/common/third_party_profile/tuya_protocol/sdk/src/tuya_ble_gatt_send_queue.o
LOAD obj/Release/apps/common/third_party_profile/tuya_protocol/sdk/src/tuya_ble_heap.o
LOAD obj/Release/apps/common/third_party_profile/tuya_protocol/sdk/src/tuya_ble_main.o
LOAD obj/Release/apps/common/third_party_profile/tuya_protocol/sdk/src/tuya_ble_mem.o
LOAD obj/Release/apps/common/third_party_profile/tuya_protocol/sdk/src/tuya_ble_mutli_tsf_protocol.o
LOAD obj/Release/apps/common/third_party_profile/tuya_protocol/sdk/src/tuya_ble_queue.o
LOAD obj/Release/apps/common/third_party_profile/tuya_protocol/sdk/src/tuya_ble_storage.o
LOAD obj/Release/apps/common/third_party_profile/tuya_protocol/sdk/src/tuya_ble_unix_time.o
LOAD obj/Release/apps/common/third_party_profile/tuya_protocol/sdk/src/tuya_ble_utils.o
LOAD obj/Release/apps/common/ui/lcd_simple/lcd_simple_api.o
LOAD obj/Release/apps/common/ui/lcd_simple/ui.o
LOAD obj/Release/apps/common/ui/lcd_simple/ui_mainmenu.o
LOAD obj/Release/apps/common/update/testbox_update.o
LOAD obj/Release/apps/common/update/update.o
LOAD obj/Release/apps/common/update/update_tws.o
LOAD obj/Release/apps/common/update/update_tws_new.o
LOAD obj/Release/apps/common/usb/device/cdc.o
LOAD obj/Release/apps/common/usb/device/descriptor.o
LOAD obj/Release/apps/common/usb/device/hid.o
LOAD obj/Release/apps/common/usb/device/msd.o
LOAD obj/Release/apps/common/usb/device/msd_upgrade.o
LOAD obj/Release/apps/common/usb/device/task_pc.o
LOAD obj/Release/apps/common/usb/device/uac1.o
LOAD obj/Release/apps/common/usb/device/uac_stream.o
LOAD obj/Release/apps/common/usb/device/usb_device.o
LOAD obj/Release/apps/common/usb/device/user_setup.o
LOAD obj/Release/apps/common/usb/host/adb.o
LOAD obj/Release/apps/common/usb/host/aoa.o
LOAD obj/Release/apps/common/usb/host/audio.o
LOAD obj/Release/apps/common/usb/host/audio_demo.o
LOAD obj/Release/apps/common/usb/host/hid.o
LOAD obj/Release/apps/common/usb/host/usb_bulk_transfer.o
LOAD obj/Release/apps/common/usb/host/usb_ctrl_transfer.o
LOAD obj/Release/apps/common/usb/host/usb_host.o
LOAD obj/Release/apps/common/usb/host/usb_storage.o
LOAD obj/Release/apps/common/usb/usb_config.o
LOAD obj/Release/apps/common/usb/usb_host_config.o
LOAD obj/Release/apps/earphone/aec/br34/audio_aec.o
LOAD obj/Release/apps/earphone/app_ancbox.o
LOAD obj/Release/apps/earphone/app_anctool.o
LOAD obj/Release/apps/earphone/app_main.o
LOAD obj/Release/apps/earphone/app_protocol_deal.o
LOAD obj/Release/apps/earphone/app_task_switch.o
LOAD obj/Release/apps/earphone/ble_adv.o
LOAD obj/Release/apps/earphone/board/br34/board_ad6983a.o
LOAD obj/Release/apps/earphone/board/br34/board_ad6983d.o
LOAD obj/Release/apps/earphone/board/br34/board_ad6983e_demo.o
LOAD obj/Release/apps/earphone/board/br34/board_ad6986a.o
LOAD obj/Release/apps/earphone/board/br34/board_ad698x_anc.o
LOAD obj/Release/apps/earphone/board/br34/board_ad698x_demo.o
LOAD obj/Release/apps/earphone/bt_auto_test.o
LOAD obj/Release/apps/earphone/bt_ble.o
LOAD obj/Release/apps/earphone/bt_tws.o
LOAD obj/Release/apps/earphone/earphone.o
LOAD obj/Release/apps/earphone/eartch_event_deal.o
LOAD obj/Release/apps/earphone/font/fontinit.o
LOAD obj/Release/apps/earphone/fs_test.o
LOAD obj/Release/apps/earphone/idle.o
LOAD obj/Release/apps/earphone/key_event_deal.o
LOAD obj/Release/apps/earphone/ll_sync_demo/ll_sync_demo.o
LOAD obj/Release/apps/earphone/log_config/app_config.o
LOAD obj/Release/apps/earphone/log_config/lib_btctrler_config.o
LOAD obj/Release/apps/earphone/log_config/lib_btstack_config.o
LOAD obj/Release/apps/earphone/log_config/lib_driver_config.o
LOAD obj/Release/apps/earphone/log_config/lib_media_config.o
LOAD obj/Release/apps/earphone/log_config/lib_system_config.o
LOAD obj/Release/apps/earphone/log_config/lib_update_config.o
LOAD obj/Release/apps/earphone/pbg_demo.o
LOAD obj/Release/apps/earphone/power_manage/app_charge.o
LOAD obj/Release/apps/earphone/power_manage/app_chargestore.o
LOAD obj/Release/apps/earphone/power_manage/app_power_manage.o
LOAD obj/Release/apps/earphone/rcsp/jl_phone_app.o
LOAD obj/Release/apps/earphone/rcsp/rcsp_adv.o
LOAD obj/Release/apps/earphone/sdk_version.z.o
LOAD obj/Release/apps/earphone/tone_table.o
LOAD obj/Release/apps/earphone/trans_data_demo/trans_data_demo.o
LOAD obj/Release/apps/earphone/tuya/tuya_app.o
LOAD obj/Release/apps/earphone/tuya/tuya_demo.o
LOAD obj/Release/apps/earphone/ui/lcd_simple/my_demo.o
LOAD obj/Release/apps/earphone/ui_manage.o
LOAD obj/Release/apps/earphone/user_cfg.o
LOAD obj/Release/apps/earphone/version.o
LOAD obj/Release/apps/earphone/vol_sync.o
LOAD obj/Release/apps/earphone/wireless_mic/app_main_wireless_mic.o
LOAD obj/Release/apps/earphone/wireless_mic/audio/adapter_adc.o
LOAD obj/Release/apps/earphone/wireless_mic/audio/adapter_media.o
LOAD obj/Release/apps/earphone/wireless_mic/audio/wireless/adapter_wireless_dec.o
LOAD obj/Release/apps/earphone/wireless_mic/audio/wireless/adapter_wireless_enc.o
LOAD obj/Release/apps/earphone/wireless_mic/bt/bt_edr_fun.o
LOAD obj/Release/apps/earphone/wireless_mic/bt/bt_status_event.o
LOAD obj/Release/apps/earphone/wireless_mic/idev/adapter_idev.o
LOAD obj/Release/apps/earphone/wireless_mic/idev/idev_bt/adapter_idev_bt.o
LOAD obj/Release/apps/earphone/wireless_mic/idev/idev_bt/idev_ble/adapter_idev_ble.o
LOAD obj/Release/apps/earphone/wireless_mic/idev/idev_mic/adapter_idev_mic.o
LOAD obj/Release/apps/earphone/wireless_mic/odev/adapter_odev.o
LOAD obj/Release/apps/earphone/wireless_mic/odev/odev_bt/adapter_odev_bt.o
LOAD obj/Release/apps/earphone/wireless_mic/odev/odev_bt/odev_ble/adapter_odev_ble.o
LOAD obj/Release/apps/earphone/wireless_mic/odev/odev_bt/odev_ble/odev_ble_wireless.o
LOAD obj/Release/apps/earphone/wireless_mic/odev/odev_bt/odev_edr/adapter_odev_edr.o
LOAD obj/Release/apps/earphone/wireless_mic/odev/odev_dac/adapter_odev_dac.o
LOAD obj/Release/apps/earphone/wireless_mic/process/adapter_process.o
LOAD obj/Release/cpu/br34/adc_api.o
LOAD obj/Release/cpu/br34/app_audio.o
LOAD obj/Release/cpu/br34/audio_anc.o
LOAD obj/Release/cpu/br34/audio_codec_clock.o
LOAD obj/Release/cpu/br34/audio_dac_digital_volume.o
LOAD obj/Release/cpu/br34/audio_dec.o
LOAD obj/Release/cpu/br34/audio_dec_eff.o
LOAD obj/Release/cpu/br34/audio_enc.o
LOAD obj/Release/cpu/br34/audio_mic_capless.o
LOAD obj/Release/cpu/br34/audio_mic_codec.o
LOAD obj/Release/cpu/br34/audio_sync.o
LOAD obj/Release/cpu/br34/charge.o
LOAD obj/Release/cpu/br34/chargestore.o
LOAD obj/Release/cpu/br34/clock_manager.o
LOAD obj/Release/cpu/br34/ctmu.o
LOAD obj/Release/cpu/br34/eq_config.o
LOAD obj/Release/cpu/br34/iic_hw.o
LOAD obj/Release/cpu/br34/iic_soft.o
LOAD obj/Release/cpu/br34/irflt.o
LOAD obj/Release/cpu/br34/lp_touch_key.o
LOAD obj/Release/cpu/br34/overlay_code.o
LOAD obj/Release/cpu/br34/pwm_led.o
LOAD obj/Release/cpu/br34/setup.o
LOAD obj/Release/cpu/br34/spi.o
LOAD obj/Release/cpu/br34/timer_pwm.o
LOAD obj/Release/cpu/br34/tone_player.o
LOAD obj/Release/cpu/br34/uart_dev.o
LOAD obj/Release/cpu/br34/ui_driver/lcd_spi/lcd_drive.o
LOAD obj/Release/cpu/br34/ui_driver/lcd_spi/spi_oled.o
START GROUP
LOAD cpu/br34/liba/cpu.a
LOAD cpu/br34/liba/system.a
LOAD cpu/br34/liba/btstack.a
LOAD cpu/br34/liba/btctrler.a
LOAD cpu/br34/liba/aec.a
LOAD cpu/br34/liba/media.a
LOAD cpu/br34/liba/media_app.a
LOAD cpu/br34/liba/libepmotion.a
LOAD cpu/br34/liba/libAptFilt_pi32v2_OnChip.a
LOAD cpu/br34/liba/libEchoSuppress_pi32v2_OnChip.a
LOAD cpu/br34/liba/libNoiseSuppress_pi32v2_OnChip.a
LOAD cpu/br34/liba/libSplittingFilter_pi32v2_OnChip.a
LOAD cpu/br34/liba/libDelayEstimate_pi32v2_OnChip.a
LOAD cpu/br34/liba/libAdaptiveEchoSuppress_pi32v2_OnChip.a
LOAD cpu/br34/liba/libOpcore_maskrom_pi32v2_OnChip.a
LOAD cpu/br34/liba/sbc_eng_lib.a
LOAD cpu/br34/liba/lib_esco_repair.a
LOAD cpu/br34/liba/limiter_noiseGate.a
LOAD cpu/br34/liba/agreement.a
LOAD cpu/br34/liba/lib_sur_cal.a
LOAD cpu/br34/liba/lib_vbass_cal.a
LOAD cpu/br34/liba/wav_dec_lib.a
LOAD cpu/br34/liba/opus_enc_lib.a
LOAD cpu/br34/liba/mp3_dec_lib.a
LOAD cpu/br34/liba/wtgv2_dec_lib.a
LOAD cpu/br34/liba/lc3_codec_lib.a
LOAD cpu/br34/liba/lib_resample_cal.a
LOAD cpu/br34/liba/lib_resample_fast_cal.a
LOAD cpu/br34/liba/lfaudio_plc_lib.a
LOAD cpu/br34/liba/drc.a
LOAD cpu/br34/liba/math.a
LOAD cpu/br34/liba/JL_Phone_Call.a
LOAD apps/common/third_party_profile/tuya_protocol/sdk/lib/libtuya_lib.a
LOAD cpu/br34/liba/br34_aac_dec_lib.a
LOAD cpu/br34/liba/lib_dns.a
LOAD cpu/br34/liba/libjlsp.a
LOAD cpu/br34/liba/compressor.a
LOAD cpu/br34/liba/crossover_coff.a
LOAD cpu/br34/liba/limiter.a
LOAD cpu/br34/liba/update.a
END GROUP
                0x0010fc4c                local_irq_enable = 0x10fc4c
                0x0010fc50                local_irq_disable = 0x10fc50
                0x0010fc54                lp_signature_set = 0x10fc54
                0x0010fc58                os_init = 0x10fc58
                0x0010fc5c                os_start = 0x10fc5c
                0x0010fc60                os_get_curr_tcb_var = 0x10fc60
                0x0010fc64                os_task_create_rom = 0x10fc64
                0x0010fc68                os_current_task_rom = 0x10fc68
                0x0010fc6c                os_time_dly = 0x10fc6c
                0x0010fc70                os_time_get = 0x10fc70
                0x0010fc74                os_task_del_req = 0x10fc74
                0x0010fc78                os_task_del_res = 0x10fc78
                0x0010fc7c                os_task_del = 0x10fc7c
                0x0010fc80                __os_taskq_pend = 0x10fc80
                0x0010fc84                os_taskq_pend = 0x10fc84
                0x0010fc88                os_task_pend = 0x10fc88
                0x0010fc8c                __os_taskq_post = 0x10fc8c
                0x0010fc90                os_taskq_post = 0x10fc90
                0x0010fc94                os_taskq_post_type = 0x10fc94
                0x0010fc98                os_taskq_flush = 0x10fc98
                0x0010fc9c                task_queue_post_event = 0x10fc9c
                0x0010fca0                os_taskq_post_msg = 0x10fca0
                0x0010fca4                os_taskq_post_event = 0x10fca4
                0x0010fca8                os_taskq_accept = 0x10fca8
                0x0010fcac                os_taskq_del = 0x10fcac
                0x0010fcb0                os_taskq_del_type = 0x10fcb0
                0x0010fcb4                os_sem_create = 0x10fcb4
                0x0010fcb8                os_sem_del = 0x10fcb8
                0x0010fcbc                os_sem_pend = 0x10fcbc
                0x0010fcc0                os_sem_post = 0x10fcc0
                0x0010fcc4                os_sem_set = 0x10fcc4
                0x0010fcc8                os_sem_valid = 0x10fcc8
                0x0010fccc                os_sem_query = 0x10fccc
                0x0010fcd0                os_mutex_create = 0x10fcd0
                0x0010fcd4                os_mutex_del = 0x10fcd4
                0x0010fcd8                os_mutex_pend = 0x10fcd8
                0x0010fcdc                os_mutex_post = 0x10fcdc
                0x0010fce0                os_mutex_valid = 0x10fce0
                0x0010fce4                xTaskCreate = 0x10fce4
                0x0010fce8                xTaskGetCurrentTaskHandle = 0x10fce8
                0x0010fcec                xTaskGetTickCount = 0x10fcec
                0x0010fcf0                xTaskGetHandle = 0x10fcf0
                0x0010fcf0                os_task_get_handle = 0x10fcf0
                0x0010fcf4                vTaskDelete = 0x10fcf4
                0x0010fcf8                xTaskGetApplicationTaskTag = 0x10fcf8
                0x0010fcfc                vTaskSetApplicationTaskTag = 0x10fcfc
                0x0010fd00                xQueueGenericCreateStatic = 0x10fd00
                0x0010fd04                xQueueGenericReset = 0x10fd04
                0x0010fd08                xQueueGenericSend = 0x10fd08
                0x0010fd0c                xQueueGenericSendFromISR = 0x10fd0c
                0x0010fd10                xQueueGenericReceive = 0x10fd10
                0x0010fd14                xQueueReceiveFromISR = 0x10fd14
                0x0010fd18                vQueueDelete = 0x10fd18
                0x0010fd1c                uxQueueMessagesWaiting = 0x10fd1c
                0x0010fd20                uxQueueMessagesWaitingFromISR = 0x10fd20
                0x0010fd24                uxQueueSpacesAvailable = 0x10fd24
                0x0010fd28                pcTaskGetName = 0x10fd28
                0x0010fd2c                prvGetExpectedIdleTime = 0x10fd2c
                0x0010fd30                eTaskConfirmSleepModeStatus = 0x10fd30
                0x0010fd34                vTaskStepTick = 0x10fd34
                0x0010fd38                pxPortInitialiseStack = 0x10fd38
                0x0010fd3c                xPortStartScheduler = 0x10fd3c
                0x0010fd40                vPortEndScheduler = 0x10fd40
                0x0010fd44                vPortYield = 0x10fd44
                0x0010fd48                vPortExitCritical = 0x10fd48
                0x0010fd4c                OS_ClrPending = 0x10fd4c
                0x0010fd50                vTickISR = 0x10fd50
                0x0010fd54                pmalloc_init = 0x10fd54
                0x0010fd58                pmalloc = 0x10fd58
                0x0010fd5c                pfree = 0x10fd5c
                0x0010fd60                pmalloc_get_unused_pages = 0x10fd60
                0x0010fd64                get_physic_address = 0x10fd64
                0x0010fd68                pmm_get_var = 0x10fd68
                0x0010fd6c                vmm_init_ = 0x10fd6c
                0x0010fd70                vmalloc_ = 0x10fd70
                0x0010fd74                vfree_ = 0x10fd74
                0x0010fd78                vmem_get_phy_adr = 0x10fd78
                0x0010fd7c                vmem_start = 0x10fd7c
                0x0010fd80                vmem_end = 0x10fd80
                0x0010fd84                vmm_get_var = 0x10fd84
                0x0010fd88                vmalloc_v2 = 0x10fd88
                0x0010fd8c                vfree_v2 = 0x10fd8c
                0x0010fd90                vcopy_ = 0x10fd90
                0x0010fd94                memmem = 0x10fd94
                0x0010fd98                memcpy = 0x10fd98
                0x0010fd9c                memmove = 0x10fd9c
                0x0010fda0                memcmp = 0x10fda0
                0x0010fda4                memset = 0x10fda4
                0x0010fda8                strcmp = 0x10fda8
                0x0010fdac                strcpy = 0x10fdac
                0x0010fdb0                strlen = 0x10fdb0
                0x0010fdb4                strncmp = 0x10fdb4
                0x0010fdb8                strstr = 0x10fdb8
                0x0010fdbc                strchr = 0x10fdbc
                0x0010fdc0                IcuCmdKst = 0x10fdc0
                0x0010fdc4                DcuCmdKst = 0x10fdc4
                0x0010fdc8                IcuCmdSend = 0x10fdc8
                0x0010fdcc                DcuCmdSend = 0x10fdcc
                0x0010fdd0                flush_dcache = 0x10fdd0
                0x0010fdd4                flushinv_dcache = 0x10fdd4
                0x0010fdd8                sfc_suspend = 0x10fdd8
                0x0010fddc                sfc_resume = 0x10fddc
                0x0010fde0                sfc_drop_cache = 0x10fde0
                0x0010fde4                chip_crc16 = 0x10fde4
                0x0010fde8                CrcDecode = 0x10fde8
                0x0010fdec                mask_init = 0x10fdec
                0x0010fdf0                clr_wdt = 0x10fdf0
                0x0010fdf4                nvram_set_boot_state = 0x10fdf4
                0x0010fdf8                chip_reset = 0x10fdf8
                0x0010fdfc                the_debug_isr = 0x10fdfc
                0x0010fe00                print = 0x10fe00
                0x0010fe04                sprintf = 0x10fe04
                0x0010fe08                printf = 0x10fe08
                0x0010fe0c                puts = 0x10fe0c
                0x0010fe10                doe = 0x10fe10
                0x0010fe14                spi_get_port = 0x10fe14
                0x0010fe18                _pll_init = 0x10fe18
                0x0010fe1c                flash_poweron = 0x10fe1c
                0x0010fe20                spi_unmount = 0x10fe20
                0x0010fe24                spi_port_io_init = 0x10fe24
                0x0010fe28                LZ4_setStreamDecode = 0x10fe28
                0x0010fe2c                LZ4_decompress_safe_continue = 0x10fe2c
                0x0010fe30                LZ4_decompress_generic = 0x10fe30
                0x0010fe34                g_hash_function = 0x10fe34
                0x0010fe38                f1_hash_function = 0x10fe38
                0x0010fe3c                f2_hash_function = 0x10fe3c
                0x0010fe40                f3_hash_function = 0x10fe40
                0x0010fe44                h2_hash_function = 0x10fe44
                0x0010fe48                h3_hash_function = 0x10fe48
                0x0010fe4c                h4_hash_function = 0x10fe4c
                0x0010fe50                h5_hash_function = 0x10fe50
                0x0010fe54                g_function = 0x10fe54
                0x0010fe58                f1_function = 0x10fe58
                0x0010fe5c                f2_function = 0x10fe5c
                0x0010fe60                f3_function = 0x10fe60
                0x0010fe64                sha256Compute = 0x10fe64
                0x0010fe68                uECC_compute_public_key = 0x10fe68
                0x0010fe6c                uECC_shared_secret = 0x10fe6c
                0x0010fe70                bi_initialize = 0x10fe70
                0x0010fe74                bi_read_from_byte = 0x10fe74
                0x0010fe78                bi_poly_mod2 = 0x10fe78
                0x0010fe7c                bi_poly_mul = 0x10fe7c
                0x0010fe80                trim = 0x10fe80
                0x0010fe84                bi_wirte_to_byte = 0x10fe84
                0x0010fe88                bi_free = 0x10fe88
                0x0010fe8c                bi_terminate = 0x10fe8c
                0x0010fe90                design_hp = 0x10fe90
                0x0010fe94                design_lp = 0x10fe94
                0x0010fe98                design_pe = 0x10fe98
                0x0010fe9c                eq_cos_sin = 0x10fe9c
                0x0010fea0                eq_exp = 0x10fea0
                0x0010fea4                eq_db2mag = 0x10fea4
                0x0010fea8                eq_sqrt = 0x10fea8
                0x0010feac                eq_stable_check = 0x10feac
                0x0010feb0                sf_sin_tab1 = 0x10feb0
                0x0010feb4                get_cvsd_codec_ops = 0x10feb4
                0x0010feb8                B_fir_cal_s = 0x10feb8
                0x0010febc                B_array_vol = 0x10febc
                0x0010fec0                B_Syn_filt = 0x10fec0
                0x0010fec4                B_Residu = 0x10fec4
                0x0010fec8                B_comput_correlataionS = 0x10fec8
                0x0010fecc                B_iircal = 0x10fecc
                0x0010fed0                get_g729dec_ops = 0x10fed0
                0x0010fed4                firfft = 0x10fed4
                0x0010fed8                firifft = 0x10fed8
                0x0010f710                iCos_Tab = 0x10f710
                0x0010fedc                _rfifft_wrap = 0x10fedc
                0x0010fee0                _rififft_wrap = 0x10fee0
                0x0010f714                fCos_Tab = 0x10f714
                0x0010fee4                flrfft = 0x10fee4
                0x0010fee8                flrifft = 0x10fee8
                0x0010feec                _rflfft_wrap = 0x10feec
                0x0010fef0                _riflfft_wrap = 0x10fef0
                0x0010fef4                logAprx_CORDIC_float = 0x10fef4
                0x0010fef8                expAprx_CORDIC_float = 0x10fef8
                0x0010fefc                magnAprx_float = 0x10fefc
                0x0010ff00                MatrixCopy_float_c_c = 0x10ff00
                0x0010ff04                MatrixCopy_float_f_f = 0x10ff04
                0x0010ff08                MatrixEwMulAndSumOneDim_float_c_c_c_s0 = 0x10ff08
                0x0010ff0c                MatrixEwMulAndSumOneDim_float_c_c_c_s1 = 0x10ff0c
                0x0010ff10                MatrixEwMulAndSumOneDim_float_f_f_f_s0 = 0x10ff10
                0x0010ff14                MatrixEwMulAndSumOneDim_float_f_f_f_s1 = 0x10ff14
                0x0010ff18                MatrixEwConjMulAndSumOneDim_float_c_c_c_s0 = 0x10ff18
                0x0010ff1c                MatrixEwConjMulAndSumOneDim_float_c_c_c_s1 = 0x10ff1c
                0x0010ff24                VecOverShift_s16_f32 = 0x10ff24
                0x0010ff28                VecMinus_s16_f32_f32 = 0x10ff28
                0x0010ff2c                VectorCopy_f32_s16 = 0x10ff2c
                0x0010ff30                VecEleMul_s16_s16_f32 = 0x10ff30
                0x0010ff34                VecEleMul_f32_s16_f32 = 0x10ff34
                0x0010ff38                VecMeanSq_float_f_f = 0x10ff38
                0x0010ff3c                VectorSet_float_f_f = 0x10ff3c
                0x0010ff40                VecMagRecAve_float_c_f_f = 0x10ff40
                0x0010ff44                VecMulScalar_float_c_f_c = 0x10ff44
                0x0010ff48                VecConjEleMul_float_c_c_c = 0x10ff48
                0x0010ff4c                VecPlus_float_f_f_f = 0x10ff4c
                0x0010ff50                VecDivide_float_c_f_c_f = 0x10ff50
                0x0010ff54                VecPlus_float_c_c_c = 0x10ff54
                0x0010ff58                VecConjMulRecAve_float_c_c_c_f = 0x10ff58
                0x0010ff5c                VecGetMag_float_c_f = 0x10ff5c
                0x0010ff60                VecMax_float_f_f = 0x10ff60
                0x0010ff64                VecRecAve_float_f_f_f = 0x10ff64
                0x0010ff68                VecEleMul_float_f_f_f = 0x10ff68
                0x0010ff6c                VecMagAndDiv_float_c_f_f_f = 0x10ff6c
                0x0010ff70                VecMin_float_f_f = 0x10ff70
                0x0010ff74                VecMinus_float_f_f_f = 0x10ff74
                0x0010ff78                VecMean_float_f_f = 0x10ff78
                0x0010ff7c                VecEleMul_float_c_f_c = 0x10ff7c
                0x0010ff80                VecMeanSqu_float_c_f = 0x10ff80
                0x0010ff84                VecCopy_float_f_f = 0x10ff84
                0x0010ff88                VecMin_float_f_f_f = 0x10ff88
                0x0010ff8c                VecDivide_float_f_f_f_f = 0x10ff8c
                0x0010ff90                VecCompBT_float_f_f_f = 0x10ff90
                0x0010ff94                VecCondCopy_float_f_f_f = 0x10ff94
                0x0010ff98                VecMulScalar_float_f_f_f = 0x10ff98
                0x0010ff9c                VecPlusScalar_float_f_f_f = 0x10ff9c
                0x0010ffa0                VecMinScalar_float_f_f_f = 0x10ffa0
                0x0010ffa4                VecOpposite_float_f_f = 0x10ffa4
                0x0010ffa8                VecEleMla_float_f_f_f = 0x10ffa8
                0x0010ffac                VecEleMla_float_c_c_c = 0x10ffac
                0x0010ffb0                VecMinus_float_c_c_c = 0x10ffb0
                0x0010ffb4                VecDotProduct_float_f_f_f = 0x10ffb4
                0x0010ffb8                VecDotProduct_float_c_c_c = 0x10ffb8
                0x0010ffbc                VecDotProduct_float_c_f_c = 0x10ffbc
                0x0010ffc0                VecCopy_float_c_c = 0x10ffc0
                0x0010ffc4                VecCopy_float_f_c = 0x10ffc4
                0x0010ffc8                VecConjDotProduct_float_c_c_c = 0x10ffc8
                0x0010ffcc                VecNormalize_float_c_c_f = 0x10ffcc
                0x0010ffd0                VecRecAve_float_c_c_f = 0x10ffd0
                0x0010ffd4                VecOverlapShift_float_f_f_i = 0x10ffd4
                0x0010ffd8                VecMax_float_f_f_f = 0x10ffd8
                0x0010ffdc                VecConjEwMulAndDiv_float_c_c_f_f_c = 0x10ffdc
                0x0010ffe0                VecPlusMulScalar_float_c_c_f_c = 0x10ffe0
                0x0010ffe4                VecCondCopy_float_c_i_c = 0x10ffe4
                0x0010ffe8                VecEleMulAndDiv_float_f_f_f_f_f = 0x10ffe8
                0x0010ffec                VectorSet_float_f_c = 0x10ffec
                0x0010fff0                VecDivScalar_float_f_f_f = 0x10fff0
                0x0010fff4                VecDivScalar_float_c_f_c = 0x10fff4
                0x0010fff8                VecPlusScalar_float_c_f_c = 0x10fff8
                0x0010fffc                VecMinScalar_float_c_f_c = 0x10fffc
                0x00103804                STFT_Win_FixHalf_M512_D160 = 0x103804
                0x00103c04                STFT_Win_FixHalf_M256_D160 = 0x103c04
                0x00103e04                STFT_Win_FixHalf_M256_D80 = 0x103e04
                0x00104004                STFT_Win_FixHalf_M128_D80 = 0x104004
                0x00100004                WOLAAnalysisFilter_Float_M64_m4_r1 = 0x100004
                0x00100404                WOLASynthesisFilter_Float_M64_m4_r1 = 0x100404
                0x00100804                WOLAAnalysisFilter_Float_M128_m4_r1 = 0x100804
                0x00101004                WOLASynthesisFilter_Float_M128_m4_r1 = 0x101004
                0x00101804                WOLAAnalysisFilter_Float_M256_m4_r1 = 0x101804
                0x00102804                WOLASynthesisFilter_Float_M256_m4_r1 = 0x102804
                0x0010c1ec                quantize_intervals_LF = 0x10c1ec
                0x0010c2f0                invert_quantize_dither_factors_LF = 0x10c2f0
                0x0010c3f4                quantize_dither_factors_LF = 0x10c3f4
                0x0010c4f8                quantize_factor_select_offset_LF = 0x10c4f8
                0x0010c57c                hd_quantize_intervals_LF = 0x10c57c
                0x0002bc04                boot_arg_list = 0x2bc04
                0x0002bf00                _IRQ_MEM_ADDR = 0x2bf00
                0x0002bbe0                _MASK_MEM_BEGIN = 0x2bbe0
                0x00000308                _MASK_MEM_SIZE = 0x308
                0x00000080                UPDATA_SIZE = 0x80
                0x0002bb60                UPDATA_BEG = (_MASK_MEM_BEGIN - UPDATA_SIZE)
                0x0002c000                UPDATA_BREDR_BASE_BEG = 0x2c000
                0x00000000                RAM_LIMIT_L = 0x0
                0x0002bb60                RAM_LIMIT_H = UPDATA_BEG
                0x0002bb60                PHY_RAM_SIZE = (RAM_LIMIT_H - RAM_LIMIT_L)
                0x0002bf00                ISR_BASE = _IRQ_MEM_ADDR
                0x00000308                ROM_RAM_SIZE = _MASK_MEM_SIZE
                0x0002bbe0                ROM_RAM_BEG = _MASK_MEM_BEGIN
                0x00000000                RAM0_BEG = RAM_LIMIT_L
                0x0002bb60                RAM0_END = RAM_LIMIT_H
                0x0002bb60                RAM0_SIZE = (RAM0_END - RAM0_BEG)
                0x0002e7a0                EQ_PRIV_COEFF_BASE = 0x2e7a0
                0x0000000a                EQ_PRIV_SECTION_NUM = 0xa
                0x0002e9d0                EQ_PRIV_COEFF_END = (EQ_PRIV_COEFF_BASE + ((0x4 * EQ_PRIV_SECTION_NUM) * 0xe))
                0x01e00100                CODE_BEG = 0x1e00100
                0x01e00100                . = ORIGIN (code0)

.text           0x01e00100    0x48300
                [!provide]                PROVIDE (text_rodata_begin, .)
 *(.entry_text)
 *(.startup.text)
 .startup.text  0x01e00100       0x7e cpu/br34/liba/cpu.a(startup.S.o)
                0x01e00100                _start
                0x01e0017e                bank_stub_start = .
 *(.bank.stub.*)
                0x00000000                bank_stub_size = (. - bank_stub_start)
 *(.text)
 .text          0x01e0017e     0x8630 cpu\br34\tools\sdk.elf.o
                0x01e01822                update_result_get
                0x01e01b52                __errno
                0x01e05e8e                app_bank_init
                0x01e05f5a                exception_analyze
 .text          0x01e087ae       0x54 C:\JL\pi32\pi32v2-lib\r3\libcompiler-rt.a(fixdfsi.o)
                0x01e087ae                __fixdfsi
 .text          0x01e08802      0x2fa C:\JL\pi32\pi32v2-lib\r3\libcompiler-rt.a(muldf3.o)
                0x01e08838                __muldf3
 .text          0x01e08afc       0x10 C:\JL\pi32\pi32v2-lib\r3\libcompiler-rt.a(udivdi3.o)
                0x01e08afc                __udivdi3
 .text          0x01e08b0c      0x226 C:\JL\pi32\pi32v2-lib\r3\libcompiler-rt.a(udivmoddi4.o)
                0x01e08b0c                __udivmoddi4
 .text          0x01e08d32       0x34 C:\JL\pi32\pi32v2-lib\r3\libcompiler-rt.a(floatunsidf.o)
                0x01e08d32                __floatunsidf
                0x01e08d68                . = ALIGN (0x4)
 *fill*         0x01e08d66        0x2 
                0x01e08d68                lcd_interface_begin = .
 *(.lcd_if_info)
                0x01e08d68                lcd_interface_end = .
                0x01e08d68                ui_style_begin = .
 *(.ui_style)
                0x01e08d68                ui_style_end = .
                0x01e08d68                elm_event_handler_begin_JL = .
 *(.elm_event_handler_JL)
                0x01e08d68                elm_event_handler_end_JL = .
                0x01e08d68                elm_event_handler_begin_UPGRADE = .
 *(.elm_event_handler_UPGRADE)
                0x01e08d68                elm_event_handler_end_UPGRADE = .
                0x01e08d68                elm_event_handler_begin_DIAL = .
 *(.elm_event_handler_DIAL)
                0x01e08d68                elm_event_handler_end_DIAL = .
                0x01e08d68                control_event_handler_begin = .
 *(.control_event_handler)
                0x01e08d68                control_event_handler_end = .
                0x01e08d68                control_ops_begin = .
 *(.control_ops)
                0x01e08d68                control_ops_end = .
                0x01e08d68                battery_notify_begin = .
 *(.battery_notify)
                0x01e08d68                battery_notify_end = .
 *(.LOG_TAG_CONST*)
 *(.rodata*)
 .rodata.str1.1
                0x01e08d68     0x111a cpu\br34\tools\sdk.elf.o
                               0x114f (size before relaxing)
 *fill*         0x01e09e82        0xe 
 .rodata.str1.16
                0x01e09e90      0x510 cpu\br34\tools\sdk.elf.o
                                0x50a (size before relaxing)
 .rodata        0x01e0a3a0     0x8550 cpu\br34\tools\sdk.elf.o
 .rodata.cst16  0x01e128f0       0x10 cpu\br34\tools\sdk.elf.o
 .rodata.cst8   0x01e12900       0x18 cpu\br34\tools\sdk.elf.o
 .rodata.cst32  0x01e12918       0x20 cpu\br34\tools\sdk.elf.o
 .rodata._ZTV15StaticAllocatorI9floatRealE
                0x01e12938       0x10 cpu\br34\tools\sdk.elf.o
 .rodata._ZTV15StaticAllocatorI7fixRealE
                0x01e12948       0x10 cpu\br34\tools\sdk.elf.o
 *(.fat_data_code_ex)
                0x01e12958                . = ALIGN (0x4)
                [!provide]                PROVIDE (text_rodata_end, .)
                0x01e12958                clock_critical_handler_begin = .
 *(.clock_critical_txt)
 .clock_critical_txt
                0x01e12958       0x28 cpu\br34\tools\sdk.elf.o
                0x01e12958                clock_chargestore
                0x01e12960                clock_uart
                0x01e12968                clock_timer
                0x01e12970                clock_lrc
                0x01e12978                clock_port
                0x01e12980                clock_critical_handler_end = .
                0x01e12980                gsensor_dev_begin = .
 *(.gsensor_dev)
                0x01e12980                gsensor_dev_end = .
                0x01e12980                fm_dev_begin = .
 *(.fm_dev)
                0x01e12980                fm_dev_end = .
                0x01e12980                fm_emitter_dev_begin = .
 *(.fm_emitter_dev)
                0x01e12980                fm_emitter_dev_end = .
                0x01e12980                . = ALIGN (0x4)
                0x01e12980                tool_interface_begin = .
 *(.tool_interface)
 .tool_interface
                0x01e12980        0x8 cpu\br34\tools\sdk.elf.o
                0x01e12988                tool_interface_end = .
                0x01e12988                storage_device_begin = .
 *(.storage_device)
                0x01e12988                storage_device_end = .
                0x01e12988                . = ALIGN (0x4)
                0x01e12988                __VERSION_BEGIN = .
 *(.sys.version)
 .sys.version   0x01e12988       0x25 obj/Release/apps/earphone/sdk_version.z.o
                0x01e129ad                __VERSION_END = .
 *(.noop_version)
                0x01e129b0                . = ALIGN (0x4)
 *fill*         0x01e129ad        0x3 
                0x01e129b0                _SPI_CODE_START = .
 *(.spi_code)
                0x01e129b0                . = ALIGN (0x4)
                0x01e129b0                _SPI_CODE_END = .
                0x01e129b0                . = ALIGN (0x4)
                0x01e129c0                . = ALIGN (0x20)
 *fill*         0x01e129b0       0x10 
                0x01e129c0                m_code_addr = .
 *(.m.code*)
 *(.movable.code*)
                0x00000000                m_code_size = ABSOLUTE ((. - m_code_addr))
                0x01e129c0                . = ALIGN (0x20)
                0x01e129c0                MEDIA_CODE_BEGIN = .
                0x01e129c0                . = ALIGN (0x4)
                0x01e129c0                media_text_start = .
                0x01e129c0                . = ALIGN (0x4)
 *(.dns_16k_data)
 *(.dns_8k_data)
 *(.jlsp_const)
 *(.jlsp_code)
                0x01e129c0                anc_code_begin = .
 *(.anc_code)
 *(.anc_const)
 *(.anc_user_code)
 *(.anc_user_const)
 *(.anc_box_code)
 *(.anc_box_const)
 *(.anc_btspp_code)
 *(.anc_btspp_const)
 *(.anc_debug_code)
 *(.anc_debug_const)
                0x01e129c0                anc_code_end = .
                0x00000000                anc_code_size = (anc_code_end - anc_code_begin)
 *(.ns_sparse_code)
 .ns_sparse_code
                0x01e129c0      0x39a cpu\br34\tools\sdk.elf.o
 *(.aec_sparse_code)
 .aec_sparse_code
                0x01e12d5a       0xc6 cpu\br34\tools\sdk.elf.o
 *(.nlp_sparse_code)
 *(.der_sparse_code)
 *(.qmf_sparse_code)
 .qmf_sparse_code
                0x01e12e20       0x38 cpu\br34\tools\sdk.elf.o
 *(.bt_audioplc_code)
 .bt_audioplc_code
                0x01e12e58      0x444 cpu\br34\tools\sdk.elf.o
 *(.bt_audioplc_sparse_code)
 .bt_audioplc_sparse_code
                0x01e1329c       0x2a cpu\br34\tools\sdk.elf.o
 *(.bt_audioplc_const)
 *fill*         0x01e132c6        0x2 
 .bt_audioplc_const
                0x01e132c8        0xc cpu\br34\tools\sdk.elf.o
 *(.lf_audioplc_code)
 .lf_audioplc_code
                0x01e132d4      0x46a cpu\br34\tools\sdk.elf.o
 *(.lf_audioplc_sparse_code)
 .lf_audioplc_sparse_code
                0x01e1373e       0x7c cpu\br34\tools\sdk.elf.o
 *(.lf_audioplc_const)
 *fill*         0x01e137ba        0x2 
 .lf_audioplc_const
                0x01e137bc        0xc cpu\br34\tools\sdk.elf.o
 *(.dms_sparse_code)
                0x01e137c8                . = ALIGN (0x4)
 *(.pcm_code)
 .pcm_code      0x01e137c8       0x98 cpu\br34\tools\sdk.elf.o
 *(.pcm_const)
 *(.cvsd_code)
 .cvsd_code     0x01e13860      0x326 cpu\br34\tools\sdk.elf.o
 *(.cvsd_const)
 *(.g729_code)
 .g729_code     0x01e13b86      0x238 cpu\br34\tools\sdk.elf.o
 *(.g729_const)
 *(.wtgv2_code)
 *(.wtgv2_const)
 *(.wtgv2dec_code)
 *(.wtgv2dec_const)
 *(.wtgv2dec_str)
 *(.wtg_decv2_sparse_code)
 *(.mp3_code)
 .mp3_code      0x01e13dbe      0x432 cpu\br34\tools\sdk.elf.o
 *(.mp3_const)
 *(.mp3_dec_code)
 .mp3_dec_code  0x01e141f0     0x2e5c cpu\br34\tools\sdk.elf.o
 *(.mp3_dec_const)
 .mp3_dec_const
                0x01e1704c     0x2b2c cpu\br34\tools\sdk.elf.o
 *(.mp3_dec_sparse_code)
 .mp3_dec_sparse_code
                0x01e19b78      0xf90 cpu\br34\tools\sdk.elf.o
 *(.mp3_decstream_code)
 *(.mp3_decstream_const)
 *(.mp3_decstream_sparse_code)
 *(.mp3tsy_dec_code)
 *(.mty_code)
 *(.mp3tsy_dec_sparse_code)
 *(.mp3tsy_dec_const)
 *(.wtg_dec_code)
 *(.wtg_dec_const)
 *(.wtg_dec_sparse_code)
 *(.msbc_code)
 *(.msbc_const)
 *(.sbc_code)
 *(.sbc_const)
 *(.sbc_msbc_code)
 .sbc_msbc_code
                0x01e1ab08      0x630 cpu\br34\tools\sdk.elf.o
 *(.sbc_msbc_const)
 *(.speex_encoder_code)
 *(.opus_encoder_code)
 *(.adpcm_encode_sparse_code)
 *(.adpcm_encode_code)
 *(.adpcm_encode_const)
 *(.lc3_decoder_code)
 *(.lc3_decoder_const)
 *(.sbc_encoder_code)
 *(.sine_code)
 *(.sine_const)
 *(.wav_code)
 *(.wav_const)
 *(.wav_dec_code)
 *(.wav_dec_const)
 *(.wav_dec_sparse_code)
 *(.wav_dec_sparse_const)
 *(.aac_code)
 .aac_code      0x01e1b138      0x532 cpu\br34\tools\sdk.elf.o
 *(.aac_const)
 *fill*         0x01e1b66a        0x2 
 .aac_const     0x01e1b66c       0x1c cpu\br34\tools\sdk.elf.o
 *(.amr_code)
 *(.amr_const)
 *(.audio_decoder_code)
 .audio_decoder_code
                0x01e1b688     0x240e cpu\br34\tools\sdk.elf.o
 *(.audio_decoder_const)
 *fill*         0x01e1da96        0x2 
 .audio_decoder_const
                0x01e1da98       0xa4 cpu\br34\tools\sdk.elf.o
 *(.audio_track_const)
 *(.audio_track_code)
 *(.media_device_code)
 *(.media_device_const)
 *(.audio_encoder_code)
 *(.audio_encoder_const)
 *(.mixer_code)
 .mixer_code    0x01e1db3c      0x592 cpu\br34\tools\sdk.elf.o
 *(.mixer_const)
 *(.dec_server_code)
 *(.dec_server_const)
 *(.rec_server_code)
 *(.rec_server_const)
 *(.auto_mute_code)
 *(.auto_mute_const)
 *(.plc_code)
 *(.plc_const)
 *(.wireless_sync_code)
 *(.wireless_sync_const)
 *(.sbc_eng_code)
 .sbc_eng_code  0x01e1e0ce       0xc4 cpu\br34\tools\sdk.elf.o
 *(.sbc_eng_const)
 *(.audio_codec_code)
 .audio_codec_code
                0x01e1e192      0x1d8 cpu\br34\tools\sdk.elf.o
 *(.bt_compressor_sparse_const)
 *(.bt_compressor_sparse_code)
 *(.compressor_sparse_code)
 *(.compressor_sparse_const)
 *(.bt_limiter_sparse_const)
 *(.bt_limiter_sparse_code)
 *(.limiter_sparse_code)
 *(.limiter_sparse_const)
 *(.bt_crossOver_sparse_const)
 *(.bt_crossOver_sparse_code)
 *(.crossOver_sparse_code)
 *(.crossOver_sparse_const)
                0x01e1e36c                . = ALIGN (0x4)
 *fill*         0x01e1e36a        0x2 
                0x01e1e36c                _audio_decoder_begin = .
                0x01e1e36c                PROVIDE (audio_decoder_begin, .)
 *(.audio_decoder)
 .audio_decoder
                0x01e1e36c      0x1dc cpu\br34\tools\sdk.elf.o
                0x01e1e36c                aac_decoder
                0x01e1e3b0                g729_decoder
                0x01e1e3f4                mp3_decoder
                0x01e1e438                pcm_decoder
                0x01e1e47c                cvsd_decoder
                0x01e1e4c0                msbc_hw_decoder
                0x01e1e504                sbc_hw_decoder
                0x01e1e548                _audio_decoder_end = .
                0x01e1e548                PROVIDE (audio_decoder_end, .)
                0x01e1e548                _audio_encoder_begin = .
                0x01e1e548                PROVIDE (audio_encoder_begin, .)
 *(.audio_encoder)
 .audio_encoder
                0x01e1e548       0x40 cpu\br34\tools\sdk.elf.o
                0x01e1e548                cvsd_encoder
                0x01e1e568                msbc_hw_encoder
                0x01e1e588                _audio_encoder_end = .
                0x01e1e588                PROVIDE (audio_encoder_end, .)
                0x01e1e588                _audio_package_begin = .
                [!provide]                PROVIDE (audio_package_begin, .)
 *(.audio_package)
                0x01e1e588                _audio_package_end = .
                [!provide]                PROVIDE (audio_package_end, .)
                0x01e1e588                _audio_dev_begin = .
                [!provide]                PROVIDE (audio_dev_begin, .)
 *(.audio_device)
                0x01e1e588                _audio_dev_end = .
                [!provide]                PROVIDE (audio_dev_end, .)
                0x01e1e588                _audio_hwaccel_begin = .
                [!provide]                PROVIDE (audio_hwaccel_begin, .)
 *(.audio_hwaccel)
                0x01e1e588                _audio_hwaccel_end = .
                [!provide]                PROVIDE (audio_hwaccel_end, .)
                0x01e1e588                . = ALIGN (0x4)
                0x01e1e588                media_code_begin = .
 *(.media.*.text)
 .media.media_cpu.text
                0x01e1e588     0x3400 cpu\br34\tools\sdk.elf.o
 .media.audio_decoder.text
                0x01e21988       0x50 cpu\br34\tools\sdk.elf.o
 .media.mixer.text
                0x01e219d8       0x20 cpu\br34\tools\sdk.elf.o
 .media.bluetooth_audio.text
                0x01e219f8      0x334 cpu\br34\tools\sdk.elf.o
 .media.audio_encoder.text
                0x01e21d2c       0x24 cpu\br34\tools\sdk.elf.o
                0x01e21d50                . = ALIGN (0x4)
 *(.app_audio_code)
 .app_audio_code
                0x01e21d50      0x71e cpu\br34\tools\sdk.elf.o
 *(.app_audio_const)
 .app_audio_const
                0x01e2246e       0x20 cpu\br34\tools\sdk.elf.o
 *(.compressor_code)
 *(.compressor_const)
 *(.bt_compressor_const)
 *(.bt_compressor_code)
 *(.crossOver_code)
 *(.crossOver_const)
 *(.bt_crossOver_const)
 *(.bt_crossOver_code)
 *(.limiter_code)
 *(.limiter_const)
 *(.bt_limiter_const)
 *(.bt_limiter_code)
 *(.drc_const)
 *(.drc_code)
 *(.drc_sparse_code)
 *(.drc_sparse_const)
                0x01e22490                . = ALIGN (0x4)
 *fill*         0x01e2248e        0x2 
 *(.sur_cal_const)
 *(.sur_cal_code)
                0x01e22490                . = ALIGN (0x4)
 *(.lib_pitchshift_code)
 *(.lib_pitchshift_const)
                0x01e22490                . = ALIGN (0x4)
 *(.resample_fastcal_sparse_code)
 *(.resample_fastcal_code)
 *(.resample_fastcal_const)
                0x01e22490                . = ALIGN (0x4)
                0x01e22490                media_code_end = .
                0x01e22490                . = ALIGN (0x4)
                0x00003f08                media_code_size = (media_code_end - media_code_begin)
                0x01e22490                . = ALIGN (0x4)
                0x01e22490                media_text_end = .
                0x01e22490                . = ALIGN (0x4)
                0x01e22490                aac_dec_code_begin = .
 *(.bt_aac_dec_code)
 .bt_aac_dec_code
                0x01e22490     0x27d8 cpu\br34\tools\sdk.elf.o
 *(.bt_aac_dec_sparse_code)
 .bt_aac_dec_sparse_code
                0x01e24c68      0x242 cpu\br34\tools\sdk.elf.o
                0x01e24eaa                aac_dec_code_end = .
                0x00002a1a                aac_dec_code_size = (aac_dec_code_end - aac_dec_code_begin)
 *(.app_tone_code)
 .app_tone_code
                0x01e24eaa      0xedc cpu\br34\tools\sdk.elf.o
 *(.app_tone_const)
 *fill*         0x01e25d86        0x2 
 .app_tone_const
                0x01e25d88       0x6c cpu\br34\tools\sdk.elf.o
 *(.app_aec_code)
 .app_aec_code  0x01e25df4      0x5d2 cpu\br34\tools\sdk.elf.o
 *(.app_aec_const)
 *fill*         0x01e263c6        0x2 
 .app_aec_const
                0x01e263c8       0x20 cpu\br34\tools\sdk.elf.o
 *(.opcore_table_maskrom)
 *(.bfilt_table_maskroom)
 *(.opcore_maskrom)
 .opcore_maskrom
                0x01e263e8      0x174 cpu\br34\tools\sdk.elf.o
 *(.bfilt_code)
 *(.bfilt_const)
                0x01e2655c                . = ALIGN (0x4)
                0x00013b9c                MEDIA_CODE_SIZE = (. - MEDIA_CODE_BEGIN)
 *(.audio_decoder_code)
 *(.audio_decoder_const)
                0x01e2655c                SYSTEM_CODE_BEGIN = .
                0x01e2655c                . = ALIGN (0x4)
                0x01e2655c                system_text_start = .
                0x01e2655c                _device_node_begin = .
                0x01e2655c                PROVIDE (device_node_begin, .)
 *(.device)
 .device        0x01e2655c        0xc cpu\br34\tools\sdk.elf.o
                0x01e2655c                device_table
                0x01e26568                _device_node_end = .
                0x01e26568                PROVIDE (device_node_end, .)
                0x01e26568                config_target_begin = .
                [!provide]                PROVIDE (config_target_begin, .)
 *(.config_target)
 .config_target
                0x01e26568        0x8 cpu\br34\tools\sdk.elf.o
                0x01e26568                eq_config_target
                0x01e26570                config_target_end = .
                [!provide]                PROVIDE (config_target_end, .)
                0x01e26570                system_code_begin = .
 *(.system.*.text)
 .system.printf.text
                0x01e26570      0x570 cpu\br34\tools\sdk.elf.o
 .system.lbuf.text
                0x01e26ae0      0x39a cpu\br34\tools\sdk.elf.o
 .system.cpu.text
                0x01e26e7a      0x8ca cpu\br34\tools\sdk.elf.o
                0x01e2734a                vFillingTaskStack
                0x01e2737a                maskrom_init
                0x01e276f0                hw_mmu_disable
 .system.fs.text
                0x01e27744      0x6fa cpu\br34\tools\sdk.elf.o
 .system.cbuf.text
                0x01e27e3e      0x144 cpu\br34\tools\sdk.elf.o
 .system.event.text
                0x01e27f82      0x43a cpu\br34\tools\sdk.elf.o
 .system.task.text
                0x01e283bc       0x4e cpu\br34\tools\sdk.elf.o
 .system.init.text
                0x01e2840a      0x980 cpu\br34\tools\sdk.elf.o
                0x01e28414                boot_info_init
                0x01e2843e                main
 .system.ascii.text
                0x01e28d8a       0x84 cpu\br34\tools\sdk.elf.o
 .system.timer.text
                0x01e28e0e      0x6da cpu\br34\tools\sdk.elf.o
 .system.cfg_tool.text
                0x01e294e8      0x6fc cpu\br34\tools\sdk.elf.o
 .system.app_core.text
                0x01e29be4      0x29c cpu\br34\tools\sdk.elf.o
 .system.device.text
                0x01e29e80       0x2c cpu\br34\tools\sdk.elf.o
                0x01e29eac                system_code_end = .
                0x01e29eac                . = ALIGN (0x4)
                0x0000393c                system_code_size = (system_code_end - system_code_begin)
                0x01e29eac                vfs_ops_begin = .
 *(.vfs_operations)
                0x01e29eac                vfs_ops_end = .
                0x01e29eac                _lib_version_begin = .
                [!provide]                PROVIDE (lib_version_begin, .)
 *(.lib_version)
 .lib_version   0x01e29eac        0x4 cpu\br34\tools\sdk.elf.o
                0x01e29eac                __version_sdfile
                0x01e29eb0                _lib_version_end = .
                [!provide]                PROVIDE (lib_version_end, .)
                0x01e29eb0                _initcall_begin = .
                0x01e29eb0                PROVIDE (initcall_begin, .)
 *(.initcall)
 .initcall      0x01e29eb0       0x10 cpu\br34\tools\sdk.elf.o
                0x01e29eb0                __initcall_app_update_init
                0x01e29eb4                __initcall_app_chargestore_init
                0x01e29eb8                __initcall_tone_table_init
                0x01e29ebc                __initcall_eq_init
                0x01e29ec0                _initcall_end = .
                0x01e29ec0                PROVIDE (initcall_end, .)
                0x01e29ec0                _early_initcall_begin = .
                0x01e29ec0                PROVIDE (early_initcall_begin, .)
 *(.early.initcall)
 .early.initcall
                0x01e29ec0        0x8 cpu\br34\tools\sdk.elf.o
                0x01e29ec0                __initcall_sys_event_init
                0x01e29ec4                __initcall_sdfile_init
                0x01e29ec8                _early_initcall_end = .
                0x01e29ec8                PROVIDE (early_initcall_end, .)
                0x01e29ec8                _late_initcall_begin = .
                0x01e29ec8                PROVIDE (late_initcall_begin, .)
 *(.late.initcall)
 .late.initcall
                0x01e29ec8        0x4 cpu\br34\tools\sdk.elf.o
                0x01e29ec8                __initcall_sdk_meky_check
                0x01e29ecc                _late_initcall_end = .
                0x01e29ecc                PROVIDE (late_initcall_end, .)
                0x01e29ecc                _platform_initcall_begin = .
                0x01e29ecc                PROVIDE (platform_initcall_begin, .)
 *(.platform.initcall)
 .platform.initcall
                0x01e29ecc        0x4 cpu\br34\tools\sdk.elf.o
                0x01e29ecc                __initcall_syscfg_tools_init
                0x01e29ed0                _platform_initcall_end = .
                0x01e29ed0                PROVIDE (platform_initcall_end, .)
                0x01e29ed0                _module_initcall_begin = .
                0x01e29ed0                PROVIDE (module_initcall_begin, .)
 *(.module.initcall)
                0x01e29ed0                _module_initcall_end = .
                0x01e29ed0                PROVIDE (module_initcall_end, .)
                0x01e29ed0                _sys_event_handler_begin = .
                0x01e29ed0                PROVIDE (sys_event_handler_begin, .)
 *(.sys_event.4.handler)
 .sys_event.4.handler
                0x01e29ed0        0x8 cpu\br34\tools\sdk.elf.o
                0x01e29ed0                __event_handler_bt_tws_event_handler
 *(.sys_event.3.handler)
 *(.sys_event.2.handler)
 *(.sys_event.1.handler)
 *(.sys_event.0.handler)
                0x01e29ed8                _sys_event_handler_end = .
                0x01e29ed8                PROVIDE (sys_event_handler_end, .)
                0x01e29ed8                _syscfg_arg_begin = .
                [!provide]                PROVIDE (syscfg_arg_begin, .)
 *(.syscfg.arg)
                0x01e29ed8                _syscfg_arg_end = .
                [!provide]                PROVIDE (syscfg_arg_end, .)
                0x01e29ed8                _syscfg_handler_begin = .
                [!provide]                PROVIDE (syscfg_handler_begin, .)
 *(.syscfg.handler)
                0x01e29ed8                _syscfg_handler_end = .
                [!provide]                PROVIDE (syscfg_handler_end, .)
                0x01e29ed8                _syscfg_ops_begin = .
                0x01e29ed8                PROVIDE (syscfg_ops_begin, .)
 *(.syscfg.2.ops)
 .syscfg.2.ops  0x01e29ed8       0x1c cpu\br34\tools\sdk.elf.o
                0x01e29ed8                cfg_btif
 *(.syscfg.1.ops)
 .syscfg.1.ops  0x01e29ef4       0x1c cpu\br34\tools\sdk.elf.o
                0x01e29ef4                cfg_vm
 *(.syscfg.0.ops)
 .syscfg.0.ops  0x01e29f10       0x1c cpu\br34\tools\sdk.elf.o
                0x01e29f10                cfg_bin
                0x01e29f2c                _syscfg_ops_end = .
                0x01e29f2c                PROVIDE (syscfg_ops_end, .)
                0x01e29f2c                _server_info_begin = .
                [!provide]                PROVIDE (server_info_begin, .)
 *(.server_info)
                0x01e29f2c                _server_info_end = .
                [!provide]                PROVIDE (server_info_end, .)
                0x01e29f2c                _bus_device_begin = .
                [!provide]                PROVIDE (bus_device_begin, .)
 *(.bus_device)
                0x01e29f2c                _bus_device_end = .
                [!provide]                PROVIDE (bus_device_end, .)
                0x01e29f2c                _sys_power_hal_ops_begin = .
                [!provide]                PROVIDE (sys_power_hal_ops_begin, .)
 *(.sys_power_hal_ops)
                0x01e29f2c                _sys_power_hal_ops_end = .
                [!provide]                PROVIDE (sys_power_hal_ops_end, .)
                0x01e29f2c                . = ALIGN (0x4)
                0x01e29f2c                lp_target_begin = .
                [!provide]                PROVIDE (lp_target_begin, .)
 *(.lp_target)
 .lp_target     0x01e29f2c       0xa8 cpu\br34\tools\sdk.elf.o
                0x01e29f2c                key_lp_target
                0x01e29f38                ota_lp_target
                0x01e29f44                phone_incom_lp_target
                0x01e29f50                audio_dec_init_lp_target
                0x01e29f5c                bt_dec_lp_target
                0x01e29f68                mic_demo_lp_target
                0x01e29f74                audio_mc_device_lp_target
                0x01e29f80                audio_tone_lp_target
                0x01e29f8c                tone_dec_lp_target
                0x01e29f98                __wakeup_is_idle_target
                0x01e29fa4                usb_dev_lp_target
                0x01e29fb0                usr_systimer_lp_target
                0x01e29fbc                btstack_lowpower_target
                0x01e29fc8                eq_online_lp_target
                0x01e29fd4                lp_target_end = .
                [!provide]                PROVIDE (lp_target_end, .)
                0x01e29fd4                . = ALIGN (0x4)
                0x01e29fd4                deepsleep_target_begin = .
                [!provide]                PROVIDE (deepsleep_target_begin, .)
 *(.deepsleep_target)
                0x01e29fd4                deepsleep_target_end = .
                [!provide]                PROVIDE (deepsleep_target_end, .)
                0x01e29fd4                crypto_begin = .
 *(.crypto_ecdh_code)
 *(.crypto_ecdh_const)
 *(.crypto_bigint_code)
 *(.crypto_bigint_const)
 *(.crypto_code)
 *(.crypto_const)
 *(.ECDH_sample_code)
 *(.ECDH_sample_const)
 *(.uECC_code)
 *(.uECC_const)
 *(.hmac_code)
 *(.hmac_const)
 *(.hash_sample_code)
 *(.hash_sample_const)
 *(.aes_cmac_sample_code)
 *(.aes_cmac_sample_const)
                0x01e29fd4                crypto_end = .
                0x00000000                crypto_size = (. - crypto_begin)
 *(.mem_code)
 *(.mem_const)
 *(.os_port_code)
 *(.os_port_const)
                0x01e29fd4                __movable_function_start = .
 *(movable.text.*)
 *(movable.stub.*)
 *(movable.region.*)
                0x01e29fd4                __movable_function_end = .
                0x00000000                __movable_function_size = (__movable_function_end - __movable_function_start)
                0x01e29fd4                system_text_end = .
                0x00003a78                system_code_total_size = (system_text_end - system_text_start)
                0x01e29fd4                . = ALIGN (0x4)
                0x00003a78                SYSTEM_CODE_SIZE = (. - SYSTEM_CODE_BEGIN)
                0x01e29fd4                . = ALIGN (0x4)
                0x01e29fd4                update_target_begin = .
                [!provide]                PROVIDE (update_target_begin, .)
 *(.update_target)
 .update_target
                0x01e29fd4       0x10 cpu\br34\tools\sdk.elf.o
                0x01e29fd4                audio_update_target
                0x01e29fdc                ble_update_target
                0x01e29fe4                update_target_end = .
                [!provide]                PROVIDE (update_target_end, .)
                0x01e29fe4                . = ALIGN (0x4)
                0x01e2a000                . = ALIGN (0x20)
 *fill*         0x01e29fe4       0x1c 
                0x01e2a000                btstack_code_start = .
                0x01e2a000                . = ALIGN (0x4)
                0x01e2a000                a2dp_source_media_codec_begin = .
 *(.a2dp_source_media_codec)
 .a2dp_source_media_codec
                0x01e2a000       0x30 cpu\br34\tools\sdk.elf.o
                0x01e2a000                a2dp_source_lc3_codec
                0x01e2a018                a2dp_source_sbc_codec
                0x01e2a030                a2dp_source_media_codec_end = .
                0x01e2a030                a2dp_sink_media_probe_begin = .
 *(.a2dp_sink_media_probe)
                0x01e2a030                a2dp_sink_media_probe_end = .
                0x01e2a030                a2dp_sink_media_codec_begin = .
 *(.a2dp_sink_media_codec)
 .a2dp_sink_media_codec
                0x01e2a030       0x30 cpu\br34\tools\sdk.elf.o
                0x01e2a030                a2dp_1sbc_codec_private
                0x01e2a048                a2dp_2aac_sink_codec
                0x01e2a060                a2dp_sink_media_codec_end = .
                0x01e2a060                a2dp_event_handler_begin = .
 *(.a2dp_event_handler)
 .a2dp_event_handler
                0x01e2a060       0x70 cpu\br34\tools\sdk.elf.o
                0x01e2a060                a2dp_sink_event_handler
                0x01e2a07c                a2dp_source_event_handler
                0x01e2a098                acp_a2dp_event_handler
                0x01e2a0b4                acp_a2dp_src_event_handler
                0x01e2a0d0                a2dp_event_handler_end = .
                0x01e2a0d0                sdp_record_item_begin = .
 *(.sdp_record_item)
 .sdp_record_item
                0x01e2a0d0       0x30 cpu\br34\tools\sdk.elf.o
                0x01e2a0d0                a2dp_sdp_record_item
                0x01e2a0dc                arp_ct_sdp_record_item
                0x01e2a0e8                hfp_sdp_record_item
                0x01e2a0f4                pnp_sdp_record_item
                0x01e2a100                sdp_record_item_end = .
                0x01e2a100                bt_sleep_begin = .
 *(.bt_sleep)
 .bt_sleep      0x01e2a100       0x6c cpu\br34\tools\sdk.elf.o
                0x01e2a100                bt_suspend_a2dp_resumea2dp_release
                0x01e2a10c                bt_suspend_avctp_resumeavctp_release
                0x01e2a118                bt_suspend_hfp_resumehfp_release
                0x01e2a124                bt_suspend_user_cmd_loop_resumeuser_cmd_loop_release
                0x01e2a130                bt_suspend_hid_resumehid_release
                0x01e2a13c                bt_suspend_spp_resumespp_release
                0x01e2a148                bt_suspend_spp_up_resumespp_up_release
                0x01e2a154                bt_suspend_iap_resumeiap_release
                0x01e2a160                bt_suspend_sdp_resumesdp_release
                0x01e2a16c                bt_sleep_end = .
 *(.bt_stack_const)
 .bt_stack_const
                0x01e2a16c      0x768 cpu\br34\tools\sdk.elf.o
 *(.bt_stack_code)
 .bt_stack_code
                0x01e2a8d4     0xa382 cpu\br34\tools\sdk.elf.o
 *(.ble_db_const)
 *(.ble_db_code)
 *(.ble_sm_const)
 *(.ble_sm_code)
 *(.ble_att_const)
 *(.ble_att_code)
 *(.ble_gatt_const)
 *(.ble_gatt_code)
                0x01e34c56                BTSTACK_LE_HOST_MESH_CODE_START = .
 *(.ble_mesh_code)
 *(.ble_mesh_tinycrypt_code)
 *(.ble_mesh_const)
 *(.ble_mesh_tinycrypt_const)
                0x00000000                BTSTACK_LE_HOST_MESH_CODE_SIZE = ABSOLUTE ((. - BTSTACK_LE_HOST_MESH_CODE_START))
                0x01e34c56                btstack_code_end = .
                0x01e34c58                . = ALIGN (0x4)
 *fill*         0x01e34c56        0x2 
                0x01e34c58                btctler_code_start = .
                0x01e34c58                BTCTLER_CONTROLLER_CODE_START = .
 *(.bt_rf_const)
 .bt_rf_const   0x01e34c58      0x5b8 cpu\br34\tools\sdk.elf.o
 *(.bt_rf_code)
 .bt_rf_code    0x01e35210     0x212a cpu\br34\tools\sdk.elf.o
 *(.vendor_manager_const)
 *(.vendor_manager_code)
 *(.device_manager_const)
 *(.device_manager_code)
 *(.hci_controller_const)
 *fill*         0x01e3733a        0x2 
 .hci_controller_const
                0x01e3733c       0x28 cpu\br34\tools\sdk.elf.o
 *(.hci_controller_code)
 .hci_controller_code
                0x01e37364      0x600 cpu\br34\tools\sdk.elf.o
 *(.hci_interface_const)
 *(.hci_interface_code)
                0x00002d0c                BTCTLER_CONTROLLER_CODE_SIZE = ABSOLUTE ((. - BTCTLER_CONTROLLER_CODE_START))
                0x01e37964                BTCTLER_LE_CONTROLLER_CODE_START = .
 *(.ble_rf_const)
 *(.ble_rf_code)
 .ble_rf_code   0x01e37964      0x168 cpu\br34\tools\sdk.elf.o
 *(.ble_ll_const)
 *(.ble_ll_code)
 .ble_ll_code   0x01e37acc       0xd8 cpu\br34\tools\sdk.elf.o
 *(.ble_hci_const)
 *(.ble_hci_code)
 *(.classic_hci_const)
 *(.classic_hci_code)
                0x00000240                BTCTLER_LE_CONTROLLER_CODE_SIZE = ABSOLUTE ((. - BTCTLER_LE_CONTROLLER_CODE_START))
                0x01e37ba4                BTCTLER_CL_CODE_START = .
 *(.bredr_irq)
 *(.bredr_irq_code)
 *(.bredr_irq_const)
 *(.classic_lmp_const)
 .classic_lmp_const
                0x01e37ba4       0x14 cpu\br34\tools\sdk.elf.o
 *(.classic_lmp_auth_const)
 .classic_lmp_auth_const
                0x01e37bb8      0x4f0 cpu\br34\tools\sdk.elf.o
 *(.classic_lmp_bigint_const)
 *(.classic_lmp_crypt_const)
 *(.classic_lmp_ecdh_const)
 *(.classic_lmp_hmac_const)
 *(.classic_lmp_code)
 .classic_lmp_code
                0x01e380a8     0x71a2 cpu\br34\tools\sdk.elf.o
 *(.classic_lmp_auth_code)
 .classic_lmp_auth_code
                0x01e3f24a      0x658 cpu\br34\tools\sdk.elf.o
 *(.classic_lmp_bigint_code)
 *(.classic_lmp_crypt_code)
 *(.classic_lmp_ecdh_code)
 *(.classic_lmp_hmac_code)
 *(.classic_rf_const)
 *fill*         0x01e3f8a2        0x2 
 .classic_rf_const
                0x01e3f8a4      0x524 cpu\br34\tools\sdk.elf.o
 *(.classic_rf_code)
 .classic_rf_code
                0x01e3fdc8     0x446a cpu\br34\tools\sdk.elf.o
 *(.classic_bb_const)
 *(.classic_bb_code)
                0x0000c68e                BTCTLER_CL_CODE_SIZE = ABSOLUTE ((. - BTCTLER_CL_CODE_START))
 *(.classic_tws_const)
 *(.classic_tws_code)
 .classic_tws_code
                0x01e44232        0x4 cpu\br34\tools\sdk.elf.o
 *(.classic_tws_code.esco)
 .classic_tws_code.esco
                0x01e44236       0x32 cpu\br34\tools\sdk.elf.o
                0x01e44268                btctler_code_end = .
                0x01e44268                update_code_start = .
 *(.bt_updata_ram_code)
 .bt_updata_ram_code
                0x01e44268       0x92 cpu\br34\tools\sdk.elf.o
 *(.update_const)
 *fill*         0x01e442fa        0x2 
 .update_const  0x01e442fc      0x175 cpu\br34\tools\sdk.elf.o
 *(.update_code)
 *fill*         0x01e44471        0x1 
 .update_code   0x01e44472     0x1432 cpu\br34\tools\sdk.elf.o
                0x01e458a4                update_code_end = .
                0x01e458a4                driver_code_start = .
 *(.fm_code)
                0x01e458a4                CLOCK_CODE_START = .
 *(.clock_code)
 .clock_code    0x01e458a4      0xeb6 cpu\br34\tools\sdk.elf.o
 *(.clock_const)
                0x00000eb6                CLOCK_CODE_SIZE = ABSOLUTE ((. - CLOCK_CODE_START))
 *(.debug_code)
 *(.debug_const)
 *(.power_code)
 .power_code    0x01e4675a     0x1c40 cpu\br34\tools\sdk.elf.o
 *(.power_const)
 *fill*         0x01e4839a        0x6 
 .power_const   0x01e483a0       0x60 cpu\br34\tools\sdk.elf.o
 *(.uart_code)
 *(.uart_const)
                0x01e48400                driver_code_end = .
                0x01e48400                . = ALIGN (0x4)
                0x00000000                . = ORIGIN (ram0)

.mmu_tlb        0x00000000      0xb00
 *(.mmu_tlb_segment)
 .mmu_tlb_segment
                0x00000000      0xb00 cpu\br34\tools\sdk.elf.o

.boot_info      0x00000b00       0x40
 *(.boot_info)
 .boot_info     0x00000b00       0x28 cpu\br34\tools\sdk.elf.o
                0x00000b40                . = ALIGN (0x20)
 *fill*         0x00000b28       0x18 

.irq_stack      0x00000b40      0x820
 *(.stack_magic)
 .stack_magic   0x00000b40       0x10 cpu\br34\tools\sdk.elf.o
                0x00000b40                stack_magic
                0x00000b50                _cpu0_sstack_begin = .
                [!provide]                PROVIDE (cpu0_sstack_begin, .)
 *(.stack)
 .stack         0x00000b50      0x800 cpu/br34/liba/cpu.a(startup.S.o)
                0x00001350                _stack
                0x00001350                _cpu0_sstack_end = .
                [!provide]                PROVIDE (cpu0_sstack_end, .)
                0x00001350                _stack_end = .
 *(.stack_magic0)
 .stack_magic0  0x00001350       0x10 cpu\br34\tools\sdk.elf.o
                0x00001350                stack_magic0
                0x00001360                . = ALIGN (0x4)

.data           0x00001360      0x6c0
                0x00001360                . = ALIGN (0x4)
 *(.data_magic)
 .data_magic    0x00001360       0x40 cpu\br34\tools\sdk.elf.o
                0x00001360                data_magic
 *(.data*)
 .data          0x000013a0      0x250 cpu\br34\tools\sdk.elf.o
                0x000014b4                jiffies
                0x000015f0                . = ALIGN (0x4)
                0x000015f0                . = ALIGN (0x4)
                0x000015f0                audio_sync_data_begin = .
 *(.audio_sync_data)
 .audio_sync_data
                0x000015f0       0x28 cpu\br34\tools\sdk.elf.o
                0x00001618                audio_sync_data_end = .
                0x00001618                . = ALIGN (0x4)
 *(.jlsp_data)
 *(.sbc_data)
 *(.sbc_msbc_data)
 .sbc_msbc_data
                0x00001618       0x58 cpu\br34\tools\sdk.elf.o
 *(.msbc_data)
 *(.cvsd_data)
 .cvsd_data     0x00001670       0x14 cpu\br34\tools\sdk.elf.o
 *(.aac_data)
 *(.sbc_eng_data)
 *(.bt_audioplc_data)
 *(.lc3_decoder_data)
 *(.wtgv2_data)
 *(.wtgv2dec_data)
 *(.mp3tsy_dec_data)
 *(.mp3tsy_data)
 *(.sbc_encoder_data)
 *(.anc_data)
 *(.anc_user_data)
 *(.anc_box_data)
 *(.anc_btspp_data)
 *(.anc_debug_data)
 *(.sms_data)
 *(.audio_track_data)
                0x00001684                . = ALIGN (0x4)
                0x00001684                . = ALIGN (0x4)
                0x00001684                system_data_start = .
                0x00001684                _video_subdev_begin = .
                [!provide]                PROVIDE (video_subdev_begin, .)
 *(.video_subdev.0)
 *(.video_subdev.1)
 *(.video_subdev.2)
 *(.video_subdev.3)
 *(.video_subdev.4)
 *(.video_subdev.5)
                0x00001684                _video_subdev_end = .
                [!provide]                PROVIDE (video_subdev_end, .)
                0x00001684                _audio_subdev_begin = .
                [!provide]                PROVIDE (audio_subdev_begin, .)
 *(.audio_subdev.0)
 *(.audio_subdev.1)
 *(.audio_subdev.2)
 *(.audio_subdev.3)
                0x00001684                _audio_subdev_end = .
                [!provide]                PROVIDE (audio_subdev_end, .)
                0x00001684                _iic_device_begin = .
                [!provide]                PROVIDE (iic_device_begin, .)
 *(.iic)
                0x00001684                _iic_device_end = .
                [!provide]                PROVIDE (iic_device_end, .)
                0x00001684                _avin_spi_device_begin = .
                [!provide]                PROVIDE (avin_spi_device_begin, .)
 *(.sw_spi)
                0x00001684                _avin_spi_device_end = .
                [!provide]                PROVIDE (avin_spi_device_end, .)
                0x00001684                _video_dev_begin = .
                [!provide]                PROVIDE (video_dev_begin, .)
 *(.video_device)
                0x00001684                _video_dev_end = .
                [!provide]                PROVIDE (video_dev_end, .)
                0x00001684                _key_driver_ops_begin = .
                [!provide]                PROVIDE (key_driver_ops_begin, .)
 *(.key_driver_ops)
                0x00001684                _key_driver_ops_end = .
                [!provide]                PROVIDE (key_driver_ops_end, .)
                0x00001684                _touch_driver_begin = .
                [!provide]                PROVIDE (touch_driver_begin, .)
 *(.touch_driver)
                0x00001684                _touch_driver_end = .
                [!provide]                PROVIDE (touch_driver_end, .)
                0x00001684                _static_hi_timer_begin = .
                [!provide]                PROVIDE (static_hi_timer_begin, .)
 *(.hi_timer)
                0x00001684                _static_hi_timer_end = .
                [!provide]                PROVIDE (static_hi_timer_end, .)
                0x00001684                _sys_cpu_timer_begin = .
                0x00001684                PROVIDE (sys_cpu_timer_begin, .)
 *(.sys_cpu_timer)
                0x00001684                _sys_cpu_timer_end = .
                0x00001684                PROVIDE (sys_cpu_timer_end, .)
                0x00001684                _sys_config_begin = .
                [!provide]                PROVIDE (sys_config_begin, .)
 *(.sys_cfg)
                0x00001684                _sys_config_end = .
                [!provide]                PROVIDE (sys_config_end, .)
                0x00001684                _sys_fat_begin = .
                [!provide]                PROVIDE (sys_fat_begin, .)
 *(.fs_fat)
                0x00001684                _sys_fat_end = .
                [!provide]                PROVIDE (sys_fat_end, .)
                0x00001684                _app_begin = .
                0x00001684                PROVIDE (app_begin, .)
 *(.app)
 .app           0x00001684       0x40 cpu\br34\tools\sdk.elf.o
                0x000016c4                _app_end = .
                0x000016c4                PROVIDE (app_end, .)
                0x000016c4                _os_begin = .
                [!provide]                PROVIDE (os_begin, .)
 *(.os_str)
 *(.os_data)
                0x000016c4                _os_end = .
                [!provide]                PROVIDE (os_end, .)
 *(.crypto_ecdh_data)
 *(.crypto_data)
 *(.mem_data)
 *(.os_port_data)
 *(.uECC_data)
 *(.ECDH_sample_data)
                0x000016c4                __movable_slot_start = .
 *(movable.slot.*)
                0x000016c4                __movable_slot_end = .
                0x000016c4                system_data_end = .
                0x000016c4                . = ALIGN (0x4)
                0x000016c4                btstack_data_start = .
 *(.bt_stack_data)
 .bt_stack_data
                0x000016c4       0xb8 cpu\br34\tools\sdk.elf.o
 *(.ble_db_data)
 *(.ble_sm_data)
 *(.ble_att_data)
 *(.ble_gatt_data)
                0x0000177c                BTSTACK_LE_HOST_MESH_DATA_START = .
                0x0000177c                . = ((. + 0x3) & 0xfffffffc)
                0x0000177c                _net_buf_pool_list = .
 *(._net_buf_pool.static.*)
 *(.ble_mesh_data)
 *(.ble_mesh_tinycrypt_data)
                0x00000000                BTSTACK_LE_HOST_MESH_DATA_SIZE = ABSOLUTE ((. - BTSTACK_LE_HOST_MESH_DATA_START))
                0x0000177c                btstack_data_end = .
                0x0000177c                btctler_data_start = .
                0x0000177c                BTCTLER_CONTROLLER_DATA_START = .
 *(.bt_rf_data)
 .bt_rf_data    0x0000177c       0x38 cpu\br34\tools\sdk.elf.o
 *(.vendor_manager_data)
 *(.device_manager_data)
 *(.hci_controller_data)
 .hci_controller_data
                0x000017b4       0xbe cpu\br34\tools\sdk.elf.o
 *(.hci_interface_data)
                0x000000f6                BTCTLER_CONTROLLER_DATA_SIZE = ABSOLUTE ((. - BTCTLER_CONTROLLER_DATA_START))
                0x00001872                BTCTLER_LE_CONTROLLER_DATA_START = .
 *(.ble_ll_data)
 *(.ble_hci_data)
 *(.classic_hci_data)
 *(.ble_rf_data)
                0x00000000                BTCTLER_LE_CONTROLLER_DATA_SIZE = ABSOLUTE ((. - BTCTLER_LE_CONTROLLER_DATA_START))
                0x00001872                BTCTLER_CL_DATA_START = .
 *(.classic_lmp_data)
 *fill*         0x00001872        0x2 
 .classic_lmp_data
                0x00001874       0xdc cpu\br34\tools\sdk.elf.o
 *(.classic_lmp_auth_data)
 *(.classic_lmp_bigint_data)
 *(.classic_lmp_crypt_data)
 *(.classic_lmp_ecdh_data)
 *(.classic_lmp_linkbulk_data)
 *(.classic_lmp_hmac_data)
 *(.classic_rf_data)
 .classic_rf_data
                0x00001950       0x16 cpu\br34\tools\sdk.elf.o
 *(.classic_bb_data)
                0x000000f4                BTCTLER_CL_DATA_SIZE = ABSOLUTE ((. - BTCTLER_CL_DATA_START))
                0x00001966                btctler_data_end = .
                0x00001966                update_data_start = .
                0x00001966                update_data_end = .
                0x00001966                driver_data_start = .
                0x00001966                CLOCK_DATA_START = .
 *(.clock_data)
 *fill*         0x00001966        0x2 
 .clock_data    0x00001968       0x9c cpu\br34\tools\sdk.elf.o
                0x0000009e                CLOCK_DATA_SIZE = ABSOLUTE ((. - CLOCK_DATA_START))
 *(.debug_data)
 *(.power_data)
 .power_data    0x00001a04        0xa cpu\br34\tools\sdk.elf.o
 *(.uart_data)
                0x00001a0e                driver_data_end = .
                0x00001a20                . = ALIGN (0x20)
 *fill*         0x00001a0e       0x12 

.bss            0x00001a20     0x6868
 *(.usb_ep0)
 *(.usb_msd_dma)
 *(.usb_hid_dma)
 *(.usb_iso_dma)
 *(.usb_cdc_dma)
 *(.uac_var)
 *(.usb_config_var)
 *(.cdc_var)
                0x00001a20                . = ALIGN (0x4)
                0x00001a20                system_bss_start = .
                0x00001a20                . = ALIGN (0x4)
 *(.os_bss)
 *(.mem_heap)
 *(.memp_memory_x)
 *(.mem_bss)
 *(.os_port_bss)
 *(.uECC_bss)
 *(.ECDH_sample_bss)
                0x00001a20                system_bss_end = .
                0x00001a20                . = ALIGN (0x4)
 *(.bss)
 .bss           0x00001a20     0x3310 cpu\br34\tools\sdk.elf.o
                0x00001aa4                CurrentTCB
                0x00001aa8                highCurrentTCB
                0x00004d30                . = ALIGN (0x4)
                0x00004d30                . = ALIGN (0x4)
                0x00004d30                audio_sync_bss_begin = .
 *(.audio_sync_bss)
                0x00004d30                audio_sync_bss_end = .
                0x00004d30                . = ALIGN (0x4)
 *(.jlsp_bss)
 *(.sbc_msbc_bss)
 *(.cvsd_bss)
 .cvsd_bss      0x00004d30        0x8 cpu\br34\tools\sdk.elf.o
 *(.aac_bss)
 .aac_bss       0x00004d38       0x30 cpu\br34\tools\sdk.elf.o
 *(.sbc_eng_bss)
 *(.bt_audioplc_bss)
 *(.lc3_decoder_bss)
 *(.wtgv2_bss)
 *(.wtgv2dec_bss)
 *(.mp3tsy_dec_bss)
 *(.mp3tsy_bss)
 *(.anc_bss)
 *(.anc_user_bss)
 *(.anc_box_bss)
 *(.anc_btspp_bss)
 *(.anc_debug_bss)
 *(.audio_track_bss)
                0x00004d68                . = ALIGN (0x4)
 *(.os_bss)
 *(.volatile_ram)
 *(.btstack_pool)
 *(.audio_buf)
 *(.src_filt)
 *(.src_dma)
 *(.mem_heap)
 *(.memp_memory_x)
                0x00004d68                . = ALIGN (0x4)
 *(.non_volatile_ram)
 .non_volatile_ram
                0x00004d68      0x344 cpu\br34\tools\sdk.elf.o
                0x000050c0                . = ALIGN (0x20)
 *fill*         0x000050ac       0x14 
                0x000050c0                btstack_bss_start = .
 *(.bt_stack_bss)
 .bt_stack_bss  0x000050c0      0xe32 cpu\br34\tools\sdk.elf.o
 *(.ble_db_bss)
 *(.ble_sm_bss)
 *(.ble_att_bss)
 *(.ble_gatt_bss)
 *(.btstack_pool)
                0x00005ef2                BTSTACK_LE_HOST_MESH_BSS_START = .
 *(.ble_mesh_bss)
 *(.ble_mesh_tinycrypt_bss)
                0x00000000                BTSTACK_LE_HOST_MESH_BSS_SIZE = ABSOLUTE ((. - BTSTACK_LE_HOST_MESH_BSS_START))
                0x00005ef2                btstack_bss_end = .
                0x00005ef2                btctler_bss_start = .
                0x00005ef2                BTCTLER_CONTROLLER_BSS_START = .
 *(.bd_base)
 *fill*         0x00005ef2        0x2 
 .bd_base       0x00005ef4      0x15c cpu\br34\tools\sdk.elf.o
 *(.bredr_rxtx_bulk)
 .bredr_rxtx_bulk
                0x00006050      0xc10 cpu\br34\tools\sdk.elf.o
                0x00006c60                acl_tx_pool = .
 *(.bredr_tx_bulk)
                0x00007c60                acl_tx_pool_end = (acl_tx_pool + 0x1000)
                0x00007c60                . = acl_tx_pool_end
 *fill*         0x00006c60     0x1000 
                0x00007c60                acl_rx_pool = .
 *(.bredr_rx_bulk)
                0x0000b460                acl_rx_pool_end = (acl_rx_pool + 0x3800)
                0x00007c60                tws_bulk_pool = .
                0x00007c60                tws_bulk_pool_end = tws_bulk_pool
                0x00007c60                . = tws_bulk_pool_end
 *(.bt_rf_bss)
 .bt_rf_bss     0x00007c60       0x54 cpu\br34\tools\sdk.elf.o
 *(.hci_controller_bss)
 .hci_controller_bss
                0x00007cb4       0x38 cpu\br34\tools\sdk.elf.o
 *(.hci_interface_bss)
 *(.device_manager_bss)
 *(.vendor_manager_bss)
                0x00001dfa                BTCTLER_CONTROLLER_BSS_SIZE = ABSOLUTE ((. - BTCTLER_CONTROLLER_BSS_START))
                0x00007cec                BTCTLER_LE_CONTROLLER_BSS_START = .
 *(.ble_hci_bss)
 *(.ble_ll_bss)
 .ble_ll_bss    0x00007cec       0x30 cpu\br34\tools\sdk.elf.o
 *(.ble_rf_bss)
                0x00000030                BTCTLER_LE_CONTROLLER_BSS_SIZE = ABSOLUTE ((. - BTCTLER_LE_CONTROLLER_BSS_START))
                0x00007d1c                BTCTLER_CL_BSS_START = .
 *(.classic_rf_bss)
 .classic_rf_bss
                0x00007d1c      0x130 cpu\br34\tools\sdk.elf.o
 *(.classic_lmp_bss)
 .classic_lmp_bss
                0x00007e4c      0x25c cpu\br34\tools\sdk.elf.o
 *(.classic_lmp_auth_bss)
 *(.classic_lmp_bigint_bss)
 *(.classic_lmp_crypt_bss)
 *(.classic_lmp_ecdh_bss)
 *(.classic_lmp_linkbulk_bss)
 *(.classic_lmp_hmac_bss)
 *(.classic_bb_bss)
 *(.classic_hci_bss)
                0x0000038c                BTCTLER_CL_BSS_SIZE = ABSOLUTE ((. - BTCTLER_CL_BSS_START))
                0x000080a8                btctler_bss_end = .
                0x000080a8                update_bss_start = .
 *(.update_bss)
 .update_bss    0x000080a8       0x24 cpu\br34\tools\sdk.elf.o
                0x000080cc                update_bss_end = .
                0x000080cc                driver_bss_start = .
                0x000080cc                CLOCK_BSS_START = .
 *(.clock_bss)
 .clock_bss     0x000080cc      0x128 cpu\br34\tools\sdk.elf.o
                0x00000128                CLOCK_BSS_SIZE = ABSOLUTE ((. - CLOCK_BSS_START))
 *(.debug_bss)
 *(.power_bss)
 .power_bss     0x000081f4       0x94 cpu\br34\tools\sdk.elf.o
 *(.uart_bss)
 *(.sd_var)
                0x00008288                driver_bss_end = .

.data_code      0x000082a0      0x104
                0x000082a0                data_code_pc_limit_begin = .
 *(.bank_critical_code)
 .bank_critical_code
                0x000082a0      0x104 cpu\br34\tools\sdk.elf.o
                0x00008316                enter_bank_switch
                0x00008360                exit_bank_switch
                0x000083a4                . = ALIGN (0x4)

.common         0x000083c0     0x3798
                0x000083c0                common_code_run_addr = .
 *(.common*)
 *(.flushinv_icache)
 *(.cache)
 *(.volatile_ram_code)
 .volatile_ram_code
                0x000083c0      0xe60 cpu\br34\tools\sdk.elf.o
                0x00008c16                spi_for_maskrom_init
                0x00009084                local_bt_us_time
 .volatile_ram_code
                0x00009220       0x92 cpu/br34/liba/cpu.a(startup.S.o)
                0x00009220                __BT_UPDATA_JUMP
                0x000092a0                exception_irq_handler
 *(.os_critical_code)
 .os_critical_code
                0x000092b2      0x13a cpu\br34\tools\sdk.elf.o
                0x000092b2                jiffies_half_msec
                0x0000930a                jiffies_msec
                0x000093d0                pvPortSwitch
 .os_critical_code
                0x000093ec       0x7e cpu/br34/liba/system.a(bank_switch_asm.S.o)
                0x000093ec                bank_syscall_entry
 .os_critical_code
                0x0000946a       0x82 cpu/br34/liba/system.a(port_asm_mmu.S.o)
                0x0000946a                vAppPortStartFirstTask
                0x00009494                vAppSoftwareInterruptISR
                0x000094d6                begin_of_data
                0x000094d6                __tick_irq_handler
 *(.os_code)
 *(.os_str)
 *(.fat_data_code)
                0x000094ec                audio_sync_code_begin = .
 *(.audio_sync_code)
 .audio_sync_code
                0x000094ec      0xac8 cpu\br34\tools\sdk.elf.o
                0x00009fb4                audio_sync_code_end = .
                0x00009fb4                . = ALIGN (0x4)
                0x00009fb4                btctler_ram_code_start = .
                0x00009fb4                . = ALIGN (0x4)
 *(.lmp_irq_code)
 .lmp_irq_code  0x00009fb4      0x206 cpu\br34\tools\sdk.elf.o
 *(.link_bulk_code)
 .link_bulk_code
                0x0000a1ba      0x384 cpu\br34\tools\sdk.elf.o
 *(.frame_irq_code)
 .frame_irq_code
                0x0000a53e      0x550 cpu\br34\tools\sdk.elf.o
                0x0000aa90                . = ALIGN (0x4)
 *fill*         0x0000aa8e        0x2 
 *(.link_task_const)
 .link_task_const
                0x0000aa90        0x8 cpu\br34\tools\sdk.elf.o
 *(.link_task_code)
 .link_task_code
                0x0000aa98      0x7b8 cpu\br34\tools\sdk.elf.o
                0x0000b250                . = ALIGN (0x4)
 *(.classic_irq_const)
 .classic_irq_const
                0x0000b250        0x8 cpu\br34\tools\sdk.elf.o
 *(.classic_irq_code)
 .classic_irq_code
                0x0000b258      0x83a cpu\br34\tools\sdk.elf.o
                0x0000ba94                . = ALIGN (0x4)
 *fill*         0x0000ba92        0x2 
 *(.tws_irq_code)
                0x0000ba94                . = ALIGN (0x4)
                0x0000ba94                tws_sync_call_begin = .
 *(.tws_sync_call)
 .tws_sync_call
                0x0000ba94        0xc cpu\br34\tools\sdk.elf.o
                0x0000baa0                tws_sync_call_end = .
                0x0000baa0                . = ALIGN (0x4)
                0x0000baa0                tws_func_stub_begin = .
 *(.tws_func_stub)
 .tws_func_stub
                0x0000baa0       0x18 cpu\br34\tools\sdk.elf.o
                0x0000bab8                tws_func_stub_end = .
 *(.tws_media_sync_code)
 .tws_media_sync_code
                0x0000bab8       0x9e cpu\br34\tools\sdk.elf.o
 *(.tws_media_sync_const)
 *(.tws_data_forward_code)
 *(.tws_data_forward_const)
                0x0000bb58                . = ALIGN (0x4)
 *fill*         0x0000bb56        0x2 
                0x0000bb58                tws_sync_channel_begin = .
 *(.tws_sync_channel.0)
 *(.tws_sync_channel.1)
 *(.tws_sync_channel.2)
 *(.tws_sync_channel.3)
 *(.tws_sync_channel.4)
 *(.tws_sync_channel.5)
 *(.tws_sync_channel.6)
 *(.tws_sync_channel.7)
 *(.tws_sync_channel.8)
 *(.tws_sync_channel.9)
 *(.tws_sync_channel.10)
 *(.tws_sync_channel.11)
 *(.tws_sync_channel.12)
 *(.tws_sync_channel.13)
 *(.tws_sync_channel.14)
 *(.tws_sync_channel.15)
                0x0000bb58                tws_sync_channel_end = .
                0x0000bb58                btctler_ram_code_end = .
                0x0000bb58                . = ALIGN (0x4)
                0x0000bb58                __report_overlay_begin = .
                0x0000bb58                overlay_code_begin = .

.overlay_aec    0x0000bb58     0x50c8 load address 0x00200000
                0x0000bb58                . = ALIGN (0x4)
                0x0000bb58                aec_code_begin = .
 *(.text._*)
 .text._ZN19MCRA_NoiseEstimatorI9floatRealE15QueryBufferSizeEi
                0x0000bb58        0xa cpu\br34\tools\sdk.elf.o
 *fill*         0x0000bb62        0x2 
 .text._ZN34SingleChannelNoiseSuppressorInBarkI9floatReal12floatComplexE19QueryTempBufferSizeEii
                0x0000bb64        0xe cpu\br34\tools\sdk.elf.o
 *fill*         0x0000bb72        0x2 
 .text._ZN3FFTI9floatReal12floatComplexEC2Eii