Archive member included to satisfy reference by file (symbol)

../../../../cpu/br30_develop/liba/cpu.a(crc16.c.o)
                              obj/Release/cpu/br30_develop/setup.o (symbol from plugin) (__crc16_mutex_init)
../../../../cpu/br30_develop/liba/cpu.a(uart.c.o)
                              obj/Release/cpu/br30_develop/adc_api.o (symbol from plugin) (delay)
../../../../cpu/br30_develop/liba/cpu.a(clock.c.o)
                              obj/Release/apps/adapter/common/init.o (symbol from plugin) (clock_set_pll_target_frequency)
../../../../cpu/br30_develop/liba/cpu.a(gpio.c.o)
                              obj/Release/apps/common/device/usb/usb_config.o (symbol from plugin) (usb_iomode)
../../../../cpu/br30_develop/liba/cpu.a(timer.c.o)
                              obj/Release/apps/common/device/key/key_driver.o (symbol from plugin) (timer_get_ms)
../../../../cpu/br30_develop/liba/cpu.a(wdt.c.o)
                              obj/Release/cpu/br30_develop/setup.o (symbol from plugin) (wdt_close)
../../../../cpu/br30_develop/liba/cpu.a(efuse.c.o)
                              obj/Release/cpu/br30_develop/charge.o (symbol from plugin) (get_vbat_trim)
../../../../cpu/br30_develop/liba/cpu.a(debug.c.o)
                              obj/Release/apps/common/device/usb/device/msd_upgrade.o (symbol from plugin) (ram_protect_close)
../../../../cpu/br30_develop/liba/cpu.a(usb.c.o)
                              obj/Release/apps/common/device/usb/device/usb_device.o (symbol from plugin) (usb_sof_clr_pnd)
../../../../cpu/br30_develop/liba/cpu.a(vm.c.o)
                              obj/Release/apps/common/fat_nor/phone_rec_fs.o (symbol from plugin) (norflash_read)
../../../../cpu/br30_develop/liba/cpu.a(p33.c.o)
                              obj/Release/cpu/br30_develop/adc_api.o (symbol from plugin) (adc_pmu_ch_select)
../../../../cpu/br30_develop/liba/cpu.a(power_hw.c.o)
                              clock.c.o (symbol from plugin) (VDC13_VOL_SEL)
../../../../cpu/br30_develop/liba/cpu.a(power_wakeup.c.o)
                              power_hw.c.o (symbol from plugin) (p33_wakeup_irq_handler)
../../../../cpu/br30_develop/liba/cpu.a(pmu_calibrate.c.o)
                              obj/Release/cpu/br30_develop/adc_api.o (symbol from plugin) (get_wvdd_trim_level)
../../../../cpu/br30_develop/liba/cpu.a(chargestore.c.o)
                              obj/Release/apps/adapter/power_manage/app_chargestore.o (symbol from plugin) (chargestore_api_write)
../../../../cpu/br30_develop/liba/cpu.a(otg.c.o)
                              obj/Release/apps/common/device/usb/usb_config.o (symbol from plugin) (usb_otg_suspend)
../../../../cpu/br30_develop/liba/cpu.a(usb_phy.c.o)
                              obj/Release/apps/common/device/usb/usb_config.o (symbol from plugin) (usb_read_sofframe)
../../../../cpu/br30_develop/liba/cpu.a(usb_setup.c.o)
                              obj/Release/apps/common/device/usb/usb_config.o (symbol from plugin) (usb_device2id)
../../../../cpu/br30_develop/liba/cpu.a(descriptor.c.o)
                              usb_setup.c.o (symbol from plugin) (get_device_descriptor)
../../../../cpu/br30_develop/liba/cpu.a(startup.S.o)
                              (_start)
../../../../cpu/br30_develop/liba/cpu.a(version.z.o)
                              ../../../../cpu/br30_develop/liba/cpu.a(startup.S.o) (lib_driver_version)
../../../../cpu/br30_develop/liba/cpu.a(encryption.c.o)
                              vm.c.o (symbol from plugin) (doe)
../../../../cpu/br30_develop/liba/cpu.a(cache.c.o)
                              vm.c.o (symbol from plugin) (IcuPfetchRegion)
../../../../cpu/br30_develop/liba/cpu.a(lp_timer_hw.c.o)
                              power_hw.c.o (symbol from plugin) (__lp_timer_dump)
../../../../cpu/br30_develop/liba/cpu.a(lrc_hw.c.o)
                              power_hw.c.o (symbol from plugin) (__get_lrc_hz)
../../../../cpu/br30_develop/liba/system.a(app_msg.c.o)
                              obj/Release/apps/adapter/adapter_charge.o (symbol from plugin) (app_task_get_msg)
../../../../cpu/br30_develop/liba/system.a(ASCII_lib.c.o)
                              obj/Release/apps/adapter/audio/decoder/adapter_dec_tone.o (symbol from plugin) (ASCII_StrCmpNoCase)
../../../../cpu/br30_develop/liba/system.a(circular_buf.c.o)
                              obj/Release/apps/common/audio/stream/stream_llns.o (symbol from plugin) (cbuf_read)
../../../../cpu/br30_develop/liba/system.a(syscfg_api.c.o)
                              obj/Release/cpu/br30_develop/adc_api.o (symbol from plugin) (syscfg_read)
../../../../cpu/br30_develop/liba/system.a(config_interface.c.o)
                              obj/Release/apps/common/config/app_config.o (symbol from plugin) (config_layer_init)
../../../../cpu/br30_develop/liba/system.a(version.z.o)
                              ../../../../cpu/br30_develop/liba/cpu.a(startup.S.o) (lib_system_version)
../../../../cpu/br30_develop/liba/system.a(sbrk.c.o)
[...]
Memory Configuration

Name             Origin             Length             Attributes
code0            0x01e00100         0x00100000         xr
ram0             0x00000000         0x0002bb60         xrw
*default*        0x00000000         0xffffffff

Linker script and memory map

LOAD obj/Release/cpu/br30_develop/adc_api.o
LOAD ..\..\..\..\cpu\br30_develop\tools\sdk.elf.o
LOAD obj/Release/cpu/br30_develop/audio_common/app_audio.o
LOAD obj/Release/cpu/br30_develop/audio_common/audio_iis.o
LOAD obj/Release/cpu/br30_develop/audio_common/audio_link.o
LOAD obj/Release/cpu/br30_develop/audio_effect/audio_eq_drc_demo.o
LOAD obj/Release/cpu/br30_develop/audio_effect/eq_config.o
LOAD obj/Release/cpu/br30_develop/audio_mic_capless.o
LOAD obj/Release/cpu/br30_develop/audio_sound_dac.o
LOAD obj/Release/cpu/br30_develop/charge.o
LOAD obj/Release/cpu/br30_develop/chargestore.o
LOAD obj/Release/cpu/br30_develop/clock_manager.o
LOAD obj/Release/cpu/br30_develop/iic_eeprom_test.o
LOAD obj/Release/cpu/br30_develop/iic_slave_test.o
LOAD obj/Release/cpu/br30_develop/iic_soft.o
LOAD obj/Release/cpu/br30_develop/led7_timer.o
LOAD obj/Release/cpu/br30_develop/overlay_code.o
LOAD obj/Release/cpu/br30_develop/pwm_led.o
LOAD obj/Release/cpu/br30_develop/setup.o
LOAD obj/Release/cpu/br30_develop/spi_test.o
LOAD obj/Release/cpu/br30_develop/uart_bt_product.o
LOAD obj/Release/cpu/br30_develop/uart_dev.o
LOAD obj/Release/cpu/br30_develop/uart_test.o
LOAD obj/Release/apps/common/audio/audio_digital_vol.o
LOAD obj/Release/apps/common/audio/audio_utils.o
LOAD obj/Release/apps/common/audio/sine_make.o
LOAD obj/Release/apps/common/audio/stream/stream_entry.o
LOAD obj/Release/apps/common/audio/stream/stream_eq_dccs.o
LOAD obj/Release/apps/common/audio/stream/stream_HighSampleRateMicSystem.o
LOAD obj/Release/apps/common/audio/stream/stream_llns.o
LOAD obj/Release/apps/common/audio/stream/stream_src.o
LOAD obj/Release/apps/common/audio/stream/stream_sync.o
LOAD obj/Release/apps/common/audio/uartPcmSender.o
LOAD obj/Release/apps/common/bt_common/bt_test_api.o
LOAD obj/Release/apps/common/config/app_config.o
LOAD obj/Release/apps/common/config/app_sound_box_tool.o
LOAD obj/Release/apps/common/config/bt_profile_config.o
LOAD obj/Release/apps/common/config/cfg_tool_share_osc_functions/cfg_tool_share_osc.o
LOAD obj/Release/apps/common/config/cfg_tool_share_osc_functions/cfg_tool_share_osc_single_io_send.o
LOAD obj/Release/apps/common/config/ci_transport_uart.o
LOAD obj/Release/apps/common/debug/debug.o
LOAD obj/Release/apps/common/debug/debug_lite.o
LOAD obj/Release/apps/common/dev_manager/dev_manager.o
LOAD obj/Release/apps/common/dev_manager/dev_reg.o
LOAD obj/Release/apps/common/dev_manager/dev_update.o
LOAD obj/Release/apps/common/device/key/adkey.o
LOAD obj/Release/apps/common/device/key/adkey_rtcvdd.o
LOAD obj/Release/apps/common/device/key/ctmu_touch_key.o
LOAD obj/Release/apps/common/device/key/iokey.o
LOAD obj/Release/apps/common/device/key/irkey.o
LOAD obj/Release/apps/common/device/key/key_driver.o
LOAD obj/Release/apps/common/device/key/rdec_key.o
LOAD obj/Release/apps/common/device/key/slidekey.o
LOAD obj/Release/apps/common/device/key/touch_key.o
LOAD obj/Release/apps/common/device/nandflash/nandflash.o
LOAD obj/Release/apps/common/device/ntc/ntc_det.o
LOAD obj/Release/apps/common/device/usb/device/cdc.o
LOAD obj/Release/apps/common/device/usb/device/custom_hid.o
LOAD obj/Release/apps/common/device/usb/device/descriptor.o
LOAD obj/Release/apps/common/device/usb/device/hid.o
LOAD obj/Release/apps/common/device/usb/device/msd.o
LOAD obj/Release/apps/common/device/usb/device/msd_upgrade.o
LOAD obj/Release/apps/common/device/usb/device/task_pc.o
LOAD obj/Release/apps/common/device/usb/device/uac1.o
LOAD obj/Release/apps/common/device/usb/device/uac_stream.o
LOAD obj/Release/apps/common/device/usb/device/usb_device.o
LOAD obj/Release/apps/common/device/usb/device/user_setup.o
LOAD obj/Release/apps/common/device/usb/host/adb.o
LOAD obj/Release/apps/common/device/usb/host/aoa.o
LOAD obj/Release/apps/common/device/usb/host/audio.o
LOAD obj/Release/apps/common/device/usb/host/audio_demo.o
LOAD obj/Release/apps/common/device/usb/host/hid.o
LOAD obj/Release/apps/common/device/usb/host/usb_bulk_transfer.o
LOAD obj/Release/apps/common/device/usb/host/usb_ctrl_transfer.o
LOAD obj/Release/apps/common/device/usb/host/usb_host.o
LOAD obj/Release/apps/common/device/usb/host/usb_storage.o
LOAD obj/Release/apps/common/device/usb/usb_config.o
LOAD obj/Release/apps/common/device/usb/usb_host_config.o
LOAD obj/Release/apps/common/fat_nor/nor_fs.o
LOAD obj/Release/apps/common/fat_nor/phone_rec_fs.o
LOAD obj/Release/apps/common/fat_nor/virfat_flash.o
LOAD obj/Release/apps/common/file_operate/file_api.o
LOAD obj/Release/apps/common/file_operate/file_bs_deal.o
LOAD obj/Release/apps/common/file_operate/file_manager.o
LOAD obj/Release/apps/common/iap/iAP_des.o
LOAD obj/Release/apps/common/iap/iAP_device.o
LOAD obj/Release/apps/common/iap/iAP_iic.o
LOAD obj/Release/apps/common/rec_nor/nor_interface.o
LOAD obj/Release/apps/common/rec_nor/nor_rec_fs.o
LOAD obj/Release/apps/common/recorder/recorder.o
LOAD obj/Release/apps/common/recorder/recorder_coder.o
LOAD obj/Release/apps/common/recorder/recorder_file.o
LOAD obj/Release/apps/common/test/board_test.o
LOAD obj/Release/apps/common/third_party_profile/jieli/le_client_demo.o
LOAD obj/Release/apps/common/third_party_profile/jieli/multi_demo/le_multi_client.o
LOAD obj/Release/apps/common/third_party_profile/jieli/multi_demo/le_multi_common.o
LOAD obj/Release/apps/common/third_party_profile/jieli/multi_demo/le_multi_trans.o
LOAD obj/Release/apps/common/third_party_profile/jieli/trans_data_demo/le_trans_data.o
LOAD obj/Release/apps/common/third_party_profile/jieli/wireless_mic/le_wireless_mic_client.o
LOAD obj/Release/apps/common/third_party_profile/jieli/wireless_mic/le_wireless_mic_server.o
LOAD obj/Release/apps/common/update/norflash_ufw_update.o
LOAD obj/Release/apps/common/update/norflash_update.o
LOAD obj/Release/apps/common/update/testbox_update.o
LOAD obj/Release/apps/common/update/uart_update.o
LOAD obj/Release/apps/common/update/uart_update_master.o
LOAD obj/Release/apps/common/update/update.o
LOAD obj/Release/apps/adapter/adapter_charge.o
LOAD obj/Release/apps/adapter/adapter_uart_demo.o
LOAD obj/Release/apps/adapter/app_key.o
LOAD obj/Release/apps/adapter/app_main.o
LOAD obj/Release/apps/adapter/app_main/wireless_mic_2t1/2t1_tx.o
LOAD obj/Release/apps/adapter/audio/adapter_adc.o
LOAD obj/Release/apps/adapter/audio/adapter_audio_miceq.o
LOAD obj/Release/apps/adapter/audio/adapter_audio_musiceq.o
LOAD obj/Release/apps/adapter/audio/adapter_audio_stream.o
LOAD obj/Release/apps/adapter/audio/adapter_media.o
LOAD obj/Release/apps/adapter/audio/adapter_recorder.o
LOAD obj/Release/apps/adapter/audio/adapter_stream_demo.o
LOAD obj/Release/apps/adapter/audio/decoder/adapter_dec_dual_jla.o
LOAD obj/Release/apps/adapter/audio/decoder/adapter_dec_esco.o
LOAD obj/Release/apps/adapter/audio/decoder/adapter_dec_jla.o
LOAD obj/Release/apps/adapter/audio/decoder/adapter_dec_mic.o
LOAD obj/Release/apps/adapter/audio/decoder/adapter_dec_tone.o
LOAD obj/Release/apps/adapter/audio/decoder/adapter_dec_uac_spk.o
LOAD obj/Release/apps/adapter/audio/decoder/adapter_decoder.o
LOAD obj/Release/apps/adapter/audio/encoder/adapter_enc_esco.o
LOAD obj/Release/apps/adapter/audio/encoder/adapter_enc_sbc.o
LOAD obj/Release/apps/adapter/audio/encoder/adapter_enc_uac_mic.o
LOAD obj/Release/apps/adapter/audio/encoder/adapter_encoder.o
LOAD obj/Release/apps/adapter/audio/wireless/adapter_wireless_dec.o
LOAD obj/Release/apps/adapter/audio/wireless/adapter_wireless_enc.o
LOAD obj/Release/apps/adapter/bluetooth/ble/wl_mic_1t1_rx.o
LOAD obj/Release/apps/adapter/bluetooth/ble/wl_mic_1t1_tx.o
LOAD obj/Release/apps/adapter/bluetooth/ble/wl_mic_1tN_rx.o
LOAD obj/Release/apps/adapter/bluetooth/ble/wl_mic_1tN_tx.o
LOAD obj/Release/apps/adapter/common/bt_common/bt_edr_fun.o
LOAD obj/Release/apps/adapter/common/bt_common/bt_hci_event.o
LOAD obj/Release/apps/adapter/common/bt_common/bt_product_test.o
LOAD obj/Release/apps/adapter/common/bt_common/bt_status_event.o
LOAD obj/Release/apps/adapter/common/bt_common/dongle_1t2.o
LOAD obj/Release/apps/adapter/common/dev_status.o
LOAD obj/Release/apps/adapter/common/init.o
LOAD obj/Release/apps/adapter/common/task_table.o
LOAD obj/Release/apps/adapter/common/tone_table.o
LOAD obj/Release/apps/adapter/common/user_cfg.o
LOAD obj/Release/apps/adapter/duplex_mode_switch.o
LOAD obj/Release/apps/adapter/idev/adapter_idev.o
LOAD obj/Release/apps/adapter/idev/idev_bt/adapter_idev_bt.o
LOAD obj/Release/apps/adapter/idev/idev_bt/idev_ble/adapter_idev_ble.o
LOAD obj/Release/apps/adapter/idev/idev_bt/idev_ble/idev_ble_wireless.o
LOAD obj/Release/apps/adapter/idev/idev_mic/adapter_idev_mic.o
LOAD obj/Release/apps/adapter/idev/idev_usb/adapter_idev_usb.o
LOAD obj/Release/apps/adapter/idev/idev_usb/adapter_usb_hid.o
LOAD obj/Release/apps/adapter/log_config/app_config.o
LOAD obj/Release/apps/adapter/log_config/lib_btctrler_config.o
LOAD obj/Release/apps/adapter/log_config/lib_btstack_config.o
LOAD obj/Release/apps/adapter/log_config/lib_driver_config.o
LOAD obj/Release/apps/adapter/log_config/lib_media_config.o
LOAD obj/Release/apps/adapter/log_config/lib_system_config.o
LOAD obj/Release/apps/adapter/log_config/lib_update_config.o
LOAD obj/Release/apps/adapter/odev/adapter_odev.o
LOAD obj/Release/apps/adapter/odev/odev_bt/adapter_odev_bt.o
LOAD obj/Release/apps/adapter/odev/odev_bt/odev_ble/adapter_odev_ble.o
LOAD obj/Release/apps/adapter/odev/odev_bt/odev_ble/odev_ble_dongle.o
LOAD obj/Release/apps/adapter/odev/odev_bt/odev_ble/odev_ble_wireless.o
LOAD obj/Release/apps/adapter/odev/odev_bt/odev_edr/adapter_odev_edr.o
LOAD obj/Release/apps/adapter/odev/odev_dac/adapter_odev_dac.o
LOAD obj/Release/apps/adapter/odev/odev_usb/adapter_odev_usb.o
LOAD obj/Release/apps/adapter/power_manage/app_charge.o
LOAD obj/Release/apps/adapter/power_manage/app_chargestore.o
LOAD obj/Release/apps/adapter/power_manage/app_power_manage.o
LOAD obj/Release/apps/adapter/process/adapter_process.o
LOAD obj/Release/apps/adapter/rf_test.o
LOAD obj/Release/apps/adapter/ui/led/io_led.o
LOAD obj/Release/apps/adapter/ui_manage.o
LOAD obj/Release/apps/adapter/version.o
LOAD obj/Release/apps/adapter/board/br30/board_wireless_mic_2t1_tx/board_wireless_mic_2t1_tx.o
LOAD obj/Release/apps/adapter/board/br30/board_wireless_mic_2t1_tx/key_table/adkey_table.o
LOAD obj/Release/apps/adapter/board/br30/board_wireless_mic_2t1_tx/key_table/iokey_table.o
LOAD obj/Release/apps/adapter/board/br30/board_wireless_mic_2t1_tx/key_table/irkey_table.o
LOAD obj/Release/apps/adapter/board/br30/board_wireless_mic_2t1_tx/key_table/rdec_key_table.o
LOAD obj/Release/apps/adapter/board/br30/board_wireless_mic_2t1_tx/key_table/touch_key_table.o
LOAD obj/Release/apps/adapter/board/br30/undef_func.o
START GROUP
START GROUP
LOAD ../../../../cpu/br30_develop/liba/cpu.a
LOAD ../../../../cpu/br30_develop/liba/system.a
LOAD ../../../../cpu/br30_develop/liba/libepmotion.a
LOAD ../../../../cpu/br30_develop/liba/wtg_dec_lib.a
LOAD ../../../../cpu/br30_develop/liba/sbc_eng_lib.a
LOAD ../../../../cpu/br30_develop/liba/mp3tsy_dec_lib.a
LOAD ../../../../cpu/br30_develop/liba/wtgv2_dec_lib.a
LOAD ../../../../cpu/br30_develop/liba/flac_dec_lib.a
LOAD ../../../../cpu/br30_develop/liba/ape_dec_lib.a
LOAD ../../../../cpu/br30_develop/liba/m4a_tws_lib.a
LOAD ../../../../cpu/br30_develop/liba/amr_dec_lib.a
LOAD ../../../../cpu/br30_develop/liba/dts_dec_lib.a
LOAD ../../../../cpu/br30_develop/liba/mp3_decstream_lib.a
LOAD ../../../../cpu/br30_develop/liba/wma_decstream_lib.a
LOAD ../../../../cpu/br30_develop/liba/libAptFilt_pi32v2_OnChip.a
LOAD ../../../../cpu/br30_develop/liba/libEchoSuppress_pi32v2_OnChip.a
LOAD ../../../../cpu/br30_develop/liba/libNoiseSuppress_pi32v2_OnChip.a
LOAD ../../../../cpu/br30_develop/liba/libSplittingFilter_pi32v2_OnChip.a
LOAD ../../../../cpu/br30_develop/liba/libDelayEstimate_pi32v2_OnChip.a
LOAD ../../../../cpu/br30_develop/liba/libOpcore_maskrom_pi32v2_OnChip.a
LOAD ../../../../cpu/br30_develop/liba/libFFT_pi32v2_OnChip.a
LOAD ../../../../cpu/br30_develop/liba/libHighSampleRateSingleMicSystem_pi32v2_OnChip.a
LOAD ../../../../cpu/br30_develop/liba/lib_pitchshifter.a
LOAD ../../../../cpu/br30_develop/liba/lib_pitch_speed.a
LOAD ../../../../cpu/br30_develop/liba/lib_reverb_cal.a
LOAD ../../../../cpu/br30_develop/liba/lib_mp2_code.a
LOAD ../../../../cpu/br30_develop/liba/lib_adpcm_code.a
LOAD ../../../../cpu/br30_develop/liba/mp3_enc_lib.a
LOAD ../../../../cpu/br30_develop/liba/opus_enc_lib.a
LOAD ../../../../cpu/br30_develop/liba/speex_enc_lib.a
LOAD ../../../../cpu/br30_develop/liba/lib_rmono2stereo.a
LOAD ../../../../cpu/br30_develop/liba/limiter_noiseGate.a
LOAD ../../../../cpu/br30_develop/liba/howling.a
LOAD ../../../../cpu/br30_develop/liba/noisegate.a
LOAD ../../../../cpu/br30_develop/liba/shiftPhase.a
LOAD ../../../../cpu/br30_develop/liba/pemafrow.a
LOAD ../../../../cpu/br30_develop/liba/lib_howlings_phf.a
LOAD ../../../../cpu/br30_develop/liba/lib_resample_cal.a
LOAD ../../../../cpu/br30_develop/liba/lib_resample_fast_cal.a
LOAD ../../../../cpu/br30_develop/liba/mp3_dec_lib.a
LOAD ../../../../cpu/br30_develop/liba/wma_dec_lib.a
LOAD ../../../../cpu/br30_develop/liba/wav_dec_lib.a
LOAD ../../../../cpu/br30_develop/liba/agreement.a
LOAD ../../../../cpu/br30_develop/liba/lib_sur_cal.a
LOAD ../../../../cpu/br30_develop/liba/lib_vbass_cal.a
LOAD ../../../../cpu/br30_develop/liba/loudness.a
LOAD ../../../../cpu/br30_develop/liba/filtparam_cal_lib.a
LOAD ../../../../cpu/br30_develop/liba/media_app.a
LOAD ../../../../cpu/br30_develop/liba/aec.a
LOAD ../../../../cpu/br30_develop/liba/bt_hash_enc.a
LOAD ../../../../cpu/br30_develop/liba/rcsp_stack.a
LOAD ../../../../cpu/br30_develop/liba/lib_usbaudio_plc.a
LOAD ../../../../cpu/br30_develop/liba/coeff_calculate.a
LOAD ../../../../cpu/br30_develop/liba/rms.a
LOAD ../../../../cpu/br30_develop/liba/SpectrumShow.a
LOAD ../../../../cpu/br30_develop/liba/gma_stack.a
LOAD ../../../../cpu/br30_develop/liba/dueros_stack.a
LOAD ../../../../cpu/br30_develop/liba/lib_adpcm_ima_code.a
LOAD ../../../../cpu/br30_develop/liba/lib_midi_dec.a
LOAD ../../../../cpu/br30_develop/liba/jla_codec_lib.a
LOAD ../../../../cpu/br30_develop/liba/libjlsp.a
LOAD ../../../../cpu/br30_develop/liba/libllns.a
LOAD ../../../../cpu/br30_develop/liba/lib_voiceChanger.a
LOAD ../../../../cpu/br30_develop/liba/compressor.a
LOAD ../../../../cpu/br30_develop/liba/crossover_coff.a
LOAD ../../../../cpu/br30_develop/liba/limiter.a
LOAD ../../../../cpu/br30_develop/liba/btstack.a
LOAD ../../../../cpu/br30_develop/liba/btctrler.a
LOAD ../../../../cpu/br30_develop/liba/media.a
LOAD ../../../../cpu/br30_develop/liba/update.a
LOAD ../../../../cpu/br30_develop/liba/res.a
LOAD ../../../../cpu/br30_develop/liba/ui_dot.a
LOAD ../../../../cpu/br30_develop/liba/font.a
LOAD ../../../../cpu/br30_develop/liba/crypto_toolbox_Ospeed.a
END GROUP
END GROUP
                0x0010fdf8                local_irq_enable = 0x10fdf8
                0x0010fdfc                local_irq_disable = 0x10fdfc
                0x0010fe00                lp_enter = 0x10fe00
                0x0010fe04                lp_signature_set = 0x10fe04
                0x0010fe08                os_init = 0x10fe08
                0x0010fe0c                os_start = 0x10fe0c
                0x0010fe10                os_get_curr_tcb_var = 0x10fe10
                0x0010fe14                os_task_create_rom = 0x10fe14
                0x0010fe18                os_current_task_rom = 0x10fe18
                0x0010fe1c                os_time_dly = 0x10fe1c
                0x0010fe20                os_time_get = 0x10fe20
                0x0010fe24                os_task_del_req = 0x10fe24
                0x0010fe28                os_task_del_res = 0x10fe28
                0x0010fe2c                os_task_del = 0x10fe2c
                0x0010fe34                os_taskq_pend = 0x10fe34
                0x0010fe3c                __os_taskq_post_rom = 0x10fe3c
                0x0010fe48                os_taskq_flush_rom = 0x10fe48
                0x0010fe58                os_taskq_accept = 0x10fe58
                0x0010fe5c                os_taskq_del_rom = 0x10fe5c
                0x0010fe60                os_taskq_del_type = 0x10fe60
                0x0010fe64                os_sem_create = 0x10fe64
                0x0010fe68                os_sem_del = 0x10fe68
                0x0010fe6c                os_sem_pend_rom = 0x10fe6c
                0x0010fe70                os_sem_post = 0x10fe70
                0x0010fe74                os_sem_set = 0x10fe74
                0x0010fe78                os_sem_valid = 0x10fe78
                0x0010fe7c                os_sem_query = 0x10fe7c
                0x0010fe80                os_mutex_create = 0x10fe80
                0x0010fe84                os_mutex_del = 0x10fe84
                0x0010fe88                os_mutex_pend_rom = 0x10fe88
                0x0010fe8c                os_mutex_post = 0x10fe8c
                0x0010fe90                os_mutex_valid = 0x10fe90
                0x0010fe94                xTaskCreate = 0x10fe94
                0x0010fe98                xTaskGetCurrentTaskHandle = 0x10fe98
                0x0010fe9c                xTaskGetTickCount = 0x10fe9c
                0x0010fea0                xTaskGetHandle = 0x10fea0
                0x0010fea0                os_task_get_handle = 0x10fea0
                0x0010fea4                vTaskDelete = 0x10fea4
                0x0010fea8                xTaskGetApplicationTaskTag = 0x10fea8
                0x0010feac                vTaskSetApplicationTaskTag = 0x10feac
                0x0010feb0                xQueueGenericCreateStatic = 0x10feb0
                0x0010feb4                xQueueGenericReset = 0x10feb4
                0x0010feb8                xQueueGenericSend = 0x10feb8
                0x0010febc                xQueueGenericSendFromISR = 0x10febc
                0x0010fec0                xQueueGenericReceive = 0x10fec0
                0x0010fec4                xQueueReceiveFromISR = 0x10fec4
                0x0010fec8                vQueueDelete = 0x10fec8
                0x0010fecc                uxQueueMessagesWaiting = 0x10fecc
                0x0010fed0                uxQueueMessagesWaitingFromISR = 0x10fed0
                0x0010fed4                uxQueueSpacesAvailable = 0x10fed4
                0x0010fed8                pcTaskGetName = 0x10fed8
                0x0010fedc                prvGetExpectedIdleTime = 0x10fedc
                0x0010fee0                eTaskConfirmSleepModeStatus = 0x10fee0
                0x0010fee4                vTaskStepTick = 0x10fee4
                0x0010fee8                pxPortInitialiseStack = 0x10fee8
                0x0010feec                xPortStartScheduler = 0x10feec
                0x0010fef0                vPortEndScheduler = 0x10fef0
                0x0010fef4                vPortYield = 0x10fef4
                0x0010fef8                vPortExitCritical = 0x10fef8
                0x0010fefc                OS_ClrPending = 0x10fefc
                0x0010ff00                vTickISR = 0x10ff00
                0x0010ff04                pmalloc_init = 0x10ff04
                0x0010ff08                pmalloc = 0x10ff08
                0x0010ff0c                pfree = 0x10ff0c
                0x0010ff10                pmalloc_get_unused_pages = 0x10ff10
                0x0010ff14                get_physic_address = 0x10ff14
                0x0010ff18                pmm_get_var = 0x10ff18
                0x0010ff1c                vmm_init_ = 0x10ff1c
                0x0010ff20                vmalloc_ = 0x10ff20
                0x0010ff24                vfree_ = 0x10ff24
                0x0010ff28                vmem_get_phy_adr = 0x10ff28
                0x0010ff2c                vmem_start = 0x10ff2c
                0x0010ff30                vmem_end = 0x10ff30
                0x0010ff34                vmm_get_var = 0x10ff34
                0x0010ff38                vmalloc_v2 = 0x10ff38
                0x0010ff3c                vfree_v2 = 0x10ff3c
                0x0010ff40                vcopy_ = 0x10ff40
                0x0010ff44                get_cvsd_codec_ops = 0x10ff44
                0x0010ff48                B_fir_cal_s = 0x10ff48
                0x0010ff4c                B_array_vol = 0x10ff4c
                0x0010ff50                B_Syn_filt = 0x10ff50
                0x0010ff54                B_Residu = 0x10ff54
                0x0010ff58                B_comput_correlataionS = 0x10ff58
                0x0010ff5c                B_iircal = 0x10ff5c
                0x0010ff60                memmem = 0x10ff60
                0x0010ff64                memcpy = 0x10ff64
                0x0010ff68                memmove = 0x10ff68
                0x0010ff6c                memcmp = 0x10ff6c
                0x0010ff70                memset = 0x10ff70
                0x0010ff74                strcmp = 0x10ff74
                0x0010ff78                strcpy = 0x10ff78
                0x0010ff7c                strlen = 0x10ff7c
                0x0010ff80                strncmp = 0x10ff80
                0x0010ff84                strstr = 0x10ff84
                0x0010ff88                strchr = 0x10ff88
                0x0010ff8c                IcuCmdKst = 0x10ff8c
                0x0010ff90                DcuCmdKst = 0x10ff90
                0x0010ff94                IcuCmdSend = 0x10ff94
                0x0010ff98                DcuCmdSend = 0x10ff98
                0x0010ff9c                flush_dcache = 0x10ff9c
                0x0010ffa0                flushinv_dcache = 0x10ffa0
                0x0010ffa8                sfc_resume = 0x10ffa8
                0x0010ffac                sfc_drop_cache = 0x10ffac
                0x0010ffb0                chip_crc16 = 0x10ffb0
                0x0010ffb4                CrcDecode = 0x10ffb4
                0x0010ffb8                mask_init = 0x10ffb8
                0x0010ffbc                wdt_clr = 0x10ffbc
                0x0010ffc0                nvram_set_boot_state = 0x10ffc0
                0x0010ffc4                chip_reset = 0x10ffc4
                0x0010ffc8                the_debug_isr = 0x10ffc8
                0x0010ffd0                print = 0x10ffd0
                0x0010ffd4                sprintf = 0x10ffd4
                0x0010ffd8                printf = 0x10ffd8
                0x0010ffdc                puts = 0x10ffdc
                0x0010ffe0                doe = 0x10ffe0
                0x0010ffe4                spi_get_port = 0x10ffe4
                0x0010ffe8                _pll_init = 0x10ffe8
                0x0010ffec                flash_poweron = 0x10ffec
                0x0010fff0                LZ4_setStreamDecode = 0x10fff0
                0x0010fff4                LZ4_decompress_safe_continue = 0x10fff4
                0x0010fff8                LZ4_decompress_generic = 0x10fff8
                0x0010fffc                LZ4_decompress_safe_usingDict = 0x10fffc
                0x001081ec                mdct_tab_256 = 0x1081ec
                0x001083ec                mdct_tab_2048 = 0x1083ec
                0x001093ec                sine_long_1024 = 0x1093ec
                0x0010a3ec                sine_short_128 = 0x10a3ec
                0x0010a5ec                kbd_long_1024 = 0x10a5ec
                0x0010b5ec                kbd_short_128 = 0x10b5ec
                0x0010b7ec                Huffmancb_SCL = 0x10b7ec
                0x0010b9fc                num_swb_960_window = 0x10b9fc
                0x0010ba08                num_swb_1024_window = 0x10ba08
                0x0010ba14                num_swb_128_window = 0x10ba14
                0x0010ba20                swb_offset_1024_96 = 0x10ba20
                0x0010ba74                swb_offset_128_96 = 0x10ba74
                0x0010ba8e                swb_offset_1024_64 = 0x10ba8e
                0x0010baee                swb_offset_128_64 = 0x10baee
                0x0010bb08                swb_offset_1024_48 = 0x10bb08
                0x0010bb6c                swb_offset_128_48 = 0x10bb6c
                0x0010bb8a                swb_offset_1024_32 = 0x10bb8a
                0x0010bbf2                swb_offset_1024_24 = 0x10bbf2
                0x0010bc52                swb_offset_128_24 = 0x10bc52
                0x0010bc72                swb_offset_1024_16 = 0x10bc72
                0x0010bcca                swb_offset_128_16 = 0x10bcca
                0x0010bcea                swb_offset_1024_8 = 0x10bcea
                0x0010bd3c                swb_offset_128_8 = 0x10bd3c
                0x0010bd5c                swb_offset_1024_window = 0x10bd5c
                0x0010bd8c                swb_offset_128_window = 0x10bd8c
                0x0010bdbc                iq_table = 0x10bdbc
                0x0010c1c0                tns_coef_0_3 = 0x10c1c0
                0x0010c200                tns_coef_0_4 = 0x10c200
                0x0010c240                tns_coef_1_3 = 0x10c240
                0x0010c280                tns_coef_1_4 = 0x10c280
                0x0010c2c0                pow05_table = 0x10c2c0
                0x0010c2dc                sample_rates = 0x10c2dc
                0x0010c30c                pred_sfb_max = 0x10c30c
                0x0010c318                tns_sbf_max = 0x10c318
                0x0010c358                Huffmancb_1 = 0x10c358
                0x0010c4f0                Huffmancb_2 = 0x10c4f0
                0x0010c628                Huffmancb_3 = 0x10c628
                0x0010c760                Huffmancb_4 = 0x10c760
                0x0010c890                Huffmancb_5 = 0x10c890
                0x0010c9d8                Huffmancb_6 = 0x10c9d8
                0x0010cb18                Huffmancb_7 = 0x10cb18
                0x0010cc10                Huffmancb_8 = 0x10cc10
                0x0010cd08                Huffmancb_9 = 0x10cd08
                0x0010cfa8                Huffmancb_10 = 0x10cfa8
                0x0010d238                Huffmancb_11 = 0x10d238
                0x0010d6f8                AACcodeBookDTable = 0x10d6f8
                0x0010b9f4                AAC_SFHUFF_TAB = 0x10b9f4
                0x001040a0                STFT_Win_FixHalf_M512_D160 = 0x1040a0
                0x001044a0                STFT_Win_FixHalf_M256_D160 = 0x1044a0
                0x001046a0                STFT_Win_FixHalf_M256_D80 = 0x1046a0
                0x001048a0                STFT_Win_FixHalf_M128_D80 = 0x1048a0
                0x001049a0                WOLAAnalysisFilter_Float_M64_m4_r1 = 0x1049a0
                0x00104da0                WOLASynthesisFilter_Float_M64_m4_r1 = 0x104da0
                0x001051a0                WOLAAnalysisFilter_Float_M128_m4_r1 = 0x1051a0
                0x001059a0                WOLASynthesisFilter_Float_M128_m4_r1 = 0x1059a0
                0x001061a0                WOLAAnalysisFilter_Float_M256_m4_r1 = 0x1061a0
                0x001071a0                WOLASynthesisFilter_Float_M256_m4_r1 = 0x1071a0
                0x0010d760                quantize_intervals_LF = 0x10d760
                0x0010d864                invert_quantize_dither_factors_LF = 0x10d864
                0x0010d968                quantize_dither_factors_LF = 0x10d968
                0x0010da6c                quantize_factor_select_offset_LF = 0x10da6c
                0x0010daf0                hd_quantize_intervals_LF = 0x10daf0
                0x0002bc04                boot_arg_list = 0x2bc04
                0x0002bf00                _IRQ_MEM_ADDR = 0x2bf00
                0x0002bbe0                _MASK_MEM_BEGIN = 0x2bbe0
                0x00000308                _MASK_MEM_SIZE = 0x308
                0x00000080                UPDATA_SIZE = 0x80
                0x0002bb60                UPDATA_BEG = (_MASK_MEM_BEGIN - UPDATA_SIZE)
                0x0002c000                UPDATA_BREDR_BASE_BEG = 0x2c000
                0x00000000                RAM_LIMIT_L = 0x0
                0x0002bb60                RAM_LIMIT_H = UPDATA_BEG
                0x0002bb60                PHY_RAM_SIZE = (RAM_LIMIT_H - RAM_LIMIT_L)
                0x0002bf00                ISR_BASE = _IRQ_MEM_ADDR
                0x00000308                ROM_RAM_SIZE = _MASK_MEM_SIZE
                0x0002bbe0                ROM_RAM_BEG = _MASK_MEM_BEGIN
                0x00000000                RAM0_BEG = RAM_LIMIT_L
                0x0002bb60                RAM0_END = RAM_LIMIT_H
                0x0002bb60                RAM0_SIZE = (RAM0_END - RAM0_BEG)
                0x0002d860                EQ_PRIV_COEFF_BASE = 0x2d860
                0x0000000a                EQ_PRIV_SECTION_NUM = 0xa
                0x0002da90                EQ_PRIV_COEFF_END = (EQ_PRIV_COEFF_BASE + ((0x4 * EQ_PRIV_SECTION_NUM) * 0xe))
                0x0000000a                EQ_SECTION_NUM = 0xa
                0x01e00100                CODE_BEG = 0x1e00100
                0x01e00100                . = ORIGIN (code0)

.text           0x01e00100    0x3911c
                [!provide]                PROVIDE (text_rodata_begin, .)
 *(.startup.text)
 .startup.text  0x01e00100       0x7a ../../../../cpu/br30_develop/liba/cpu.a(startup.S.o)
                0x01e00100                _start
 *(.text)
 .text          0x01e0017a     0xf8dc ..\..\..\..\cpu\br30_develop\tools\sdk.elf.o
                0x01e031fa                update_result_get
                0x01e071f6                __errno
                0x01e07256                main
                0x01e0a738                exception_analyze
 .text          0x01e0fa56        0x0 ../../../../cpu/br30_develop/liba/cpu.a(startup.S.o)
 .text          0x01e0fa56        0x0 ../../../../cpu/br30_develop/liba/cpu.a(version.z.o)
 .text          0x01e0fa56        0x0 ../../../../cpu/br30_develop/liba/system.a(version.z.o)
 .text          0x01e0fa56        0x0 ../../../../cpu/br30_develop/liba/system.a(port_asm_mmu.S.o)
 .text          0x01e0fa56        0x0 ../../../../cpu/br30_develop/liba/btstack.a(version.z.o)
 .text          0x01e0fa56        0x0 ../../../../cpu/br30_develop/liba/btctrler.a(version.z.o)
 .text          0x01e0fa56        0x0 ../../../../cpu/br30_develop/liba/media.a(version.z.o)
 .text          0x01e0fa56        0x0 ../../../../cpu/br30_develop/liba/update.a(version.z.o)
 .text          0x01e0fa56      0x10c C:\JL\pi32\pi32v2-lib\r3\libm.a(lib_a-s_ceil.o)
                0x01e0fa56                ceil
 .text          0x01e0fb62        0x4 C:\JL\pi32\pi32v2-lib\r3\libm.a(lib_a-w_exp.o)
                0x01e0fb62                exp
 .text          0x01e0fb66      0x280 C:\JL\pi32\pi32v2-lib\r3\libm.a(lib_a-e_exp.o)
                0x01e0fb66                __ieee754_exp
 .text          0x01e0fde6        0x0 C:\JL\pi32\pi32v2-lib\r3\libc.a(lib_a-ctype_.o)
 .text          0x01e0fde6       0x38 C:\JL\pi32\pi32v2-lib\r3\libc.a(lib_a-memcmp.o)
 .text          0x01e0fe1e       0xc2 C:\JL\pi32\pi32v2-lib\r3\libc.a(lib_a-memcpy.o)
 .text          0x01e0fee0       0x28 C:\JL\pi32\pi32v2-lib\r3\libc.a(lib_a-memmem.o)
 .text          0x01e0ff08       0x2c C:\JL\pi32\pi32v2-lib\r3\libc.a(lib_a-memset.o)
 .text          0x01e0ff34       0x18 C:\JL\pi32\pi32v2-lib\r3\libc.a(lib_a-strcat.o)
                0x01e0ff34                strcat
 .text          0x01e0ff4c       0x14 C:\JL\pi32\pi32v2-lib\r3\libc.a(lib_a-strchr.o)
 .text          0x01e0ff60       0xa0 C:\JL\pi32\pi32v2-lib\r3\libc.a(lib_a-strcmp.o)
 .text          0x01e10000       0x6e C:\JL\pi32\pi32v2-lib\r3\libc.a(lib_a-strcpy.o)
 .text          0x01e1006e        0xc C:\JL\pi32\pi32v2-lib\r3\libc.a(lib_a-strlen.o)
 .text          0x01e1007a       0x1a C:\JL\pi32\pi32v2-lib\r3\libc.a(lib_a-strncmp.o)
 .text          0x01e10094       0x24 C:\JL\pi32\pi32v2-lib\r3\libc.a(lib_a-strrchr.o)
                0x01e10094                strrchr
 .text          0x01e100b8      0x314 C:\JL\pi32\pi32v2-lib\r3\libcompiler-rt.a(adddf3.o)
                0x01e100f8                __adddf3
 .text          0x01e103cc      0x1a0 C:\JL\pi32\pi32v2-lib\r3\libcompiler-rt.a(comparedf2.o)
                0x01e103cc                __ledf2
                0x01e103cc                __cmpdf2
                0x01e1047c                __gedf2
                0x01e10524                __unorddf2
                0x01e10564                __eqdf2
                0x01e10566                __ltdf2
                0x01e10568                __nedf2
                0x01e1056a                __gtdf2
 .text          0x01e1056c      0x346 C:\JL\pi32\pi32v2-lib\r3\libcompiler-rt.a(divdf3.o)
                0x01e105a2                __divdf3
 .text          0x01e108b2       0x54 C:\JL\pi32\pi32v2-lib\r3\libcompiler-rt.a(fixdfsi.o)
                0x01e108b2                __fixdfsi
 .text          0x01e10906       0x4c C:\JL\pi32\pi32v2-lib\r3\libcompiler-rt.a(floatsidf.o)
                0x01e10906                __floatsidf
 .text          0x01e10952      0x2fa C:\JL\pi32\pi32v2-lib\r3\libcompiler-rt.a(muldf3.o)
                0x01e10988                __muldf3
 .text          0x01e10c4c        0x6 C:\JL\pi32\pi32v2-lib\r3\libcompiler-rt.a(subdf3.o)
                0x01e10c4c                __subdf3
 .text          0x01e10c52       0x7a C:\JL\pi32\pi32v2-lib\r3\libcompiler-rt.a(extendsfdf2.o)
                0x01e10c52                __extendsfdf2
 .text          0x01e10ccc       0x34 C:\JL\pi32\pi32v2-lib\r3\libcompiler-rt.a(floatunsidf.o)
                0x01e10ccc                __floatunsidf
 .text          0x01e10d00      0x142 C:\JL\pi32\pi32v2-lib\r3\libcompiler-rt.a(truncdfsf2.o)
                0x01e10d00                __truncdfsf2
                0x01e10e42                btstack_code_start = .
                0x01e10e44                . = ALIGN (0x4)
 *fill*         0x01e10e42        0x2 
                0x01e10e44                a2dp_source_media_codec_begin = .
 *(.a2dp_source_media_codec)
 .a2dp_source_media_codec
                0x01e10e44       0x30 ..\..\..\..\cpu\br30_develop\tools\sdk.elf.o
                0x01e10e44                a2dp_source_jla_codec
                0x01e10e5c                a2dp_source_sbc_codec
                0x01e10e74                a2dp_source_media_codec_end = .
                0x01e10e74                a2dp_sink_media_probe_begin = .
 *(.a2dp_sink_media_probe)
                0x01e10e74                a2dp_sink_media_probe_end = .
                0x01e10e74                a2dp_sink_media_codec_begin = .
 *(.a2dp_sink_media_codec)
 .a2dp_sink_media_codec
                0x01e10e74       0x30 ..\..\..\..\cpu\br30_develop\tools\sdk.elf.o
                0x01e10e74                a2dp_1sbc_codec_private
                0x01e10e8c                a2dp_2aac_sink_codec
                0x01e10ea4                a2dp_sink_media_codec_end = .
                0x01e10ea4                a2dp_event_handler_begin = .
 *(.a2dp_event_handler)
 .a2dp_event_handler
                0x01e10ea4       0x70 ..\..\..\..\cpu\br30_develop\tools\sdk.elf.o
                0x01e10ea4                a2dp_sink_event_handler
                0x01e10ec0                a2dp_source_event_handler
                0x01e10edc                acp_a2dp_event_handler
                0x01e10ef8                acp_a2dp_src_event_handler
                0x01e10f14                a2dp_event_handler_end = .
                0x01e10f14                sdp_record_item_begin = .
 *(.sdp_record_item)
                0x01e10f14                sdp_record_item_end = .
                0x01e10f14                bt_sleep_begin = .
 *(.bt_sleep)
 .bt_sleep      0x01e10f14       0x6c ..\..\..\..\cpu\br30_develop\tools\sdk.elf.o
                0x01e10f14                bt_suspend_a2dp_resumea2dp_release
                0x01e10f20                bt_suspend_avctp_resumeavctp_release
                0x01e10f2c                bt_suspend_hfp_resumehfp_release
                0x01e10f38                bt_suspend_user_cmd_loop_resumeuser_cmd_loop_release
                0x01e10f44                bt_suspend_hid_resumehid_release
                0x01e10f50                bt_suspend_spp_resumespp_release
                0x01e10f5c                bt_suspend_spp_up_resumespp_up_release
                0x01e10f68                bt_suspend_iap_resumeiap_release
                0x01e10f74                bt_suspend_sdp_resumesdp_release
                0x01e10f80                bt_sleep_end = .
 *(.bt_stack_const)
 .bt_stack_const
                0x01e10f80      0x16c ..\..\..\..\cpu\br30_develop\tools\sdk.elf.o
 *(.bt_stack_code)
 .bt_stack_code
                0x01e110ec     0x6dec ..\..\..\..\cpu\br30_develop\tools\sdk.elf.o
 *(.ble_db_const)
 *(.ble_db_code)
 *(.ble_sm_const)
 *(.ble_sm_code)
 .ble_sm_code   0x01e17ed8       0x3c ..\..\..\..\cpu\br30_develop\tools\sdk.elf.o
 *(.ble_att_const)
 .ble_att_const
                0x01e17f14       0x17 ..\..\..\..\cpu\br30_develop\tools\sdk.elf.o
 *(.ble_att_code)
 *fill*         0x01e17f2b        0x1 
 .ble_att_code  0x01e17f2c      0x654 ..\..\..\..\cpu\br30_develop\tools\sdk.elf.o
 *(.ble_gatt_const)
 *(.ble_gatt_code)
 .ble_gatt_code
                0x01e18580       0x98 ..\..\..\..\cpu\br30_develop\tools\sdk.elf.o
                0x01e18618                BTSTACK_LE_HOST_MESH_CODE_START = .
 *(.ble_mesh_code)
 *(.ble_mesh_tinycrypt_code)
 *(.ble_mesh_const)
 *(.ble_mesh_tinycrypt_const)
                0x00000000                BTSTACK_LE_HOST_MESH_CODE_SIZE = ABSOLUTE ((. - BTSTACK_LE_HOST_MESH_CODE_START))
                0x01e18618                btstack_code_end = .
                0x01e18618                . = ALIGN (0x4)
                0x000077d6                BTSTACK_CODE_TOTAL_SIZE = (btstack_code_end - btstack_code_start)
                0x01e18618                . = ALIGN (0x4)
                0x01e18618                system_text_start = .
                0x01e18618                _device_node_begin = .
                0x01e18618                PROVIDE (device_node_begin, .)
 *(.device)
 .device        0x01e18618        0x0 ..\..\..\..\cpu\br30_develop\tools\sdk.elf.o
                0x01e18618                device_table
                0x01e18618                _device_node_end = .
                0x01e18618                PROVIDE (device_node_end, .)
                0x01e18618                config_target_begin = .
                [!provide]                PROVIDE (config_target_begin, .)
 *(.config_target)
 .config_target
                0x01e18618        0x8 ..\..\..\..\cpu\br30_develop\tools\sdk.elf.o
                0x01e18618                eq_config_target
                0x01e18620                config_target_end = .
                [!provide]                PROVIDE (config_target_end, .)
                0x01e18620                system_code_begin = .
 *(.system.*.text)
 .system.cpu.text
                0x01e18620      0xfb8 ..\..\..\..\cpu\br30_develop\tools\sdk.elf.o
                0x01e18a92                vFillingTaskStack
                0x01e18ac0                maskrom_init
                0x01e195cc                hw_mmu_disable
 .system.timer.text
                0x01e195d8      0x6fe ..\..\..\..\cpu\br30_develop\tools\sdk.elf.o
 .system.cbuf.text
                0x01e19cd6      0x1b4 ..\..\..\..\cpu\br30_develop\tools\sdk.elf.o
 .system.event.text
                0x01e19e8a      0x2f2 ..\..\..\..\cpu\br30_develop\tools\sdk.elf.o
 .system.cfg_tool.text
                0x01e1a17c      0x6b0 ..\..\..\..\cpu\br30_develop\tools\sdk.elf.o
 .system.task.text
                0x01e1a82c       0x4a ..\..\..\..\cpu\br30_develop\tools\sdk.elf.o
 .system.lbuf.text
                0x01e1a876      0x308 ..\..\..\..\cpu\br30_develop\tools\sdk.elf.o
 .system.fs.text
                0x01e1ab7e     0x1444 ..\..\..\..\cpu\br30_develop\tools\sdk.elf.o
 .system.device.text
                0x01e1bfc2       0xb6 ..\..\..\..\cpu\br30_develop\tools\sdk.elf.o
 .system.app_core.text
                0x01e1c078       0x78 ..\..\..\..\cpu\br30_develop\tools\sdk.elf.o
 .system.ascii.text
                0x01e1c0f0       0x3a ..\..\..\..\cpu\br30_develop\tools\sdk.elf.o
 .system.init.text
                0x01e1c12a       0x2a ..\..\..\..\cpu\br30_develop\tools\sdk.elf.o
                0x01e1c12a                boot_info_init
 .system.printf.text
                0x01e1c154      0x3ec ..\..\..\..\cpu\br30_develop\tools\sdk.elf.o
                0x01e1c540                system_code_end = .
                0x01e1c540                . = ALIGN (0x4)
                0x00003f20                system_code_size = (system_code_end - system_code_begin)
                0x01e1c540                vfs_ops_begin = .
 *(.vfs_operations)
 .vfs_operations
                0x01e1c540       0x74 ..\..\..\..\cpu\br30_develop\tools\sdk.elf.o
                0x01e1c540                sdfile_vfs_ops
                0x01e1c5b4                vfs_ops_end = .
                0x01e1c5b4                _lib_version_begin = .
                [!provide]                PROVIDE (lib_version_begin, .)
 *(.lib_version)
 .lib_version   0x01e1c5b4        0xc ..\..\..\..\cpu\br30_develop\tools\sdk.elf.o
                0x01e1c5b4                __version_sdfile
                0x01e1c5b8                __version_fs
                0x01e1c5bc                __version_fatfs
                0x01e1c5c0                _lib_version_end = .
                [!provide]                PROVIDE (lib_version_end, .)
                0x01e1c5c0                _initcall_begin = .
                0x01e1c5c0                PROVIDE (initcall_begin, .)
 *(.initcall)
 .initcall      0x01e1c5c0       0x18 ..\..\..\..\cpu\br30_develop\tools\sdk.elf.o
                0x01e1c5c0                __initcall_led7_timer_init
                0x01e1c5c4                __initcall_app_update_init
                0x01e1c5c8                __initcall_app_chargestore_init
                0x01e1c5cc                __initcall_ns_init
                0x01e1c5d0                __initcall_audio_howling_lib_init
                0x01e1c5d4                __initcall_audio_voice_changer_init
                0x01e1c5d8                _initcall_end = .
                0x01e1c5d8                PROVIDE (initcall_end, .)
                0x01e1c5d8                _early_initcall_begin = .
                0x01e1c5d8                PROVIDE (early_initcall_begin, .)
 *(.early.initcall)
 .early.initcall
                0x01e1c5d8        0x8 ..\..\..\..\cpu\br30_develop\tools\sdk.elf.o
                0x01e1c5d8                __initcall_sys_event_init
                0x01e1c5dc                __initcall_sdfile_init
                0x01e1c5e0                _early_initcall_end = .
                0x01e1c5e0                PROVIDE (early_initcall_end, .)
                0x01e1c5e0                _late_initcall_begin = .
                0x01e1c5e0                PROVIDE (late_initcall_begin, .)
 *(.late.initcall)
 .late.initcall
                0x01e1c5e0        0x8 ..\..\..\..\cpu\br30_develop\tools\sdk.elf.o
                0x01e1c5e0                __initcall_check_otp_data
                0x01e1c5e4                __initcall_sdk_meky_check
                0x01e1c5e8                _late_initcall_end = .
                0x01e1c5e8                PROVIDE (late_initcall_end, .)
                0x01e1c5e8                _platform_initcall_begin = .
                0x01e1c5e8                PROVIDE (platform_initcall_begin, .)
 *(.platform.initcall)
 .platform.initcall
                0x01e1c5e8        0x4 ..\..\..\..\cpu\br30_develop\tools\sdk.elf.o
                0x01e1c5e8                __initcall_syscfg_tools_init
                0x01e1c5ec                _platform_initcall_end = .
                0x01e1c5ec                PROVIDE (platform_initcall_end, .)
                0x01e1c5ec                _module_initcall_begin = .
                0x01e1c5ec                PROVIDE (module_initcall_begin, .)
 *(.module.initcall)
                0x01e1c5ec                _module_initcall_end = .
                0x01e1c5ec                PROVIDE (module_initcall_end, .)
                0x01e1c5ec                _sys_event_handler_begin = .
                0x01e1c5ec                PROVIDE (sys_event_handler_begin, .)
 *(.sys_event.4.handler)
 .sys_event.4.handler
                0x01e1c5ec        0x8 ..\..\..\..\cpu\br30_develop\tools\sdk.elf.o
                0x01e1c5ec                __event_handler_bt_tws_event_handler
 *(.sys_event.3.handler)
 .sys_event.3.handler
                0x01e1c5f4        0x8 ..\..\..\..\cpu\br30_develop\tools\sdk.elf.o
                0x01e1c5f4                __event_handler_app_key_event_remap
 *(.sys_event.2.handler)
 *(.sys_event.1.handler)
 *(.sys_event.0.handler)
 .sys_event.0.handler
                0x01e1c5fc        0x8 ..\..\..\..\cpu\br30_develop\tools\sdk.elf.o
                0x01e1c5fc                __event_handler_app_sys_event_probe_handler
                0x01e1c604                _sys_event_handler_end = .
                0x01e1c604                PROVIDE (sys_event_handler_end, .)
                0x01e1c604                _syscfg_arg_begin = .
                [!provide]                PROVIDE (syscfg_arg_begin, .)
 *(.syscfg.arg)
                0x01e1c604                _syscfg_arg_end = .
                [!provide]                PROVIDE (syscfg_arg_end, .)
                0x01e1c604                _syscfg_handler_begin = .
                [!provide]                PROVIDE (syscfg_handler_begin, .)
 *(.syscfg.handler)
                0x01e1c604                _syscfg_handler_end = .
                [!provide]                PROVIDE (syscfg_handler_end, .)
                0x01e1c604                _syscfg_ops_begin = .
                0x01e1c604                PROVIDE (syscfg_ops_begin, .)
 *(.syscfg.2.ops)
 .syscfg.2.ops  0x01e1c604       0x1c ..\..\..\..\cpu\br30_develop\tools\sdk.elf.o
                0x01e1c604                cfg_btif
 *(.syscfg.1.ops)
 .syscfg.1.ops  0x01e1c620       0x1c ..\..\..\..\cpu\br30_develop\tools\sdk.elf.o
                0x01e1c620                cfg_vm
 *(.syscfg.0.ops)
 .syscfg.0.ops  0x01e1c63c       0x1c ..\..\..\..\cpu\br30_develop\tools\sdk.elf.o
                0x01e1c63c                cfg_bin
                0x01e1c658                _syscfg_ops_end = .
                0x01e1c658                PROVIDE (syscfg_ops_end, .)
                0x01e1c658                _server_info_begin = .
                [!provide]                PROVIDE (server_info_begin, .)
 *(.server_info)
                0x01e1c658                _server_info_end = .
                [!provide]                PROVIDE (server_info_end, .)
                0x01e1c658                _bus_device_begin = .
                [!provide]                PROVIDE (bus_device_begin, .)
 *(.bus_device)
                0x01e1c658                _bus_device_end = .
                [!provide]                PROVIDE (bus_device_end, .)
                0x01e1c658                _sys_power_hal_ops_begin = .
                [!provide]                PROVIDE (sys_power_hal_ops_begin, .)
 *(.sys_power_hal_ops)
                0x01e1c658                _sys_power_hal_ops_end = .
                [!provide]                PROVIDE (sys_power_hal_ops_end, .)
                0x01e1c658                . = ALIGN (0x4)
                0x01e1c658                lp_target_begin = .
                [!provide]                PROVIDE (lp_target_begin, .)
 *(.lp_target)
 .lp_target     0x01e1c658       0x78 ..\..\..\..\cpu\br30_develop\tools\sdk.elf.o
                0x01e1c658                audio_mc_device_lp_target
                0x01e1c664                bt_test_lp_target
                0x01e1c670                key_lp_target
                0x01e1c67c                ota_lp_target
                0x01e1c688                phone_incom_lp_target
                0x01e1c694                __wakeup_is_idle_target
                0x01e1c6a0                usb_dev_lp_target
                0x01e1c6ac                usr_systimer_lp_target
                0x01e1c6b8                eq_online_lp_target
                0x01e1c6c4                btstack_lowpower_target
                0x01e1c6d0                lp_target_end = .
                [!provide]                PROVIDE (lp_target_end, .)
                0x01e1c6d0                . = ALIGN (0x4)
                0x01e1c6d0                deepsleep_target_begin = .
                [!provide]                PROVIDE (deepsleep_target_begin, .)
 *(.deepsleep_target)
 .deepsleep_target
                0x01e1c6d0       0x30 ..\..\..\..\cpu\br30_develop\tools\sdk.elf.o
                0x01e1c6d0                uart
                0x01e1c6dc                clk
                0x01e1c6e8                tmr
                0x01e1c6f4                os
                0x01e1c700                deepsleep_target_end = .
                [!provide]                PROVIDE (deepsleep_target_end, .)
                0x01e1c700                crypto_begin = .
 *(.crypto_ecdh_code)
 *(.crypto_ecdh_const)
 *(.crypto_bigint_code)
 *(.crypto_bigint_const)
 *(.crypto_code)
 *(.crypto_const)
 *(.ECDH_sample_code)
 *(.ECDH_sample_const)
 *(.uECC_code)
 *(.uECC_const)
 *(.hmac_code)
 *(.hmac_const)
 *(.hash_sample_code)
 *(.hash_sample_const)
 *(.aes_cmac_sample_code)
 *(.aes_cmac_sample_const)
                0x01e1c700                crypto_end = .
                0x00000000                crypto_size = (. - crypto_begin)
 *(.mem_code)
 *(.mem_const)
 *(.os_port_code)
 *(.os_port_const)
 *(.math_fast_funtion_code)
                0x01e1c700                __movable_function_start = .
 *(movable.text.*)
 *(movable.stub.*)
 *(movable.region.*)
                0x01e1c700                __movable_function_end = .
                0x00000000                __movable_function_size = (__movable_function_end - __movable_function_start)
                0x01e1c700                system_text_end = .
                0x000040e8                system_code_total_size = (system_text_end - system_text_start)
                0x01e1c700                . = ALIGN (0x4)
                0x01e1c700                lcd_interface_begin = .
 *(.lcd_if_info)
                0x01e1c700                lcd_interface_end = .
                0x01e1c700                ui_style_begin = .
 *(.ui_style)
                0x01e1c700                ui_style_end = .
                0x01e1c700                elm_event_handler_begin_JL = .
 *(.elm_event_handler_JL)
                0x01e1c700                elm_event_handler_end_JL = .
                0x01e1c700                elm_event_handler_begin_UPGRADE = .
 *(.elm_event_handler_UPGRADE)
                0x01e1c700                elm_event_handler_end_UPGRADE = .
                0x01e1c700                elm_event_handler_begin_DIAL = .
 *(.elm_event_handler_DIAL)
                0x01e1c700                elm_event_handler_end_DIAL = .
                0x01e1c700                control_event_handler_begin = .
 *(.control_event_handler)
                0x01e1c700                control_event_handler_end = .
                0x01e1c700                control_ops_begin = .
 *(.control_ops)
                0x01e1c700                control_ops_end = .
                0x01e1c700                battery_notify_begin = .
 *(.battery_notify)
                0x01e1c700                battery_notify_end = .
                0x01e1c700                . = ALIGN (0x4)
                0x01e1c700                update_target_begin = .
                [!provide]                PROVIDE (update_target_begin, .)
 *(.update_target)
 .update_target
                0x01e1c700       0x10 ..\..\..\..\cpu\br30_develop\tools\sdk.elf.o
                0x01e1c700                audio_update_target
                0x01e1c708                ble_update_target
                0x01e1c710                update_target_end = .
                [!provide]                PROVIDE (update_target_end, .)
                0x01e1c710                . = ALIGN (0x4)
 *(.classic_tws_const)
 *(.classic_tws_code)
 .classic_tws_code
                0x01e1c710        0x4 ..\..\..\..\cpu\br30_develop\tools\sdk.elf.o
 *(.LOG_TAG_CONST*)
 *(.rodata*)
 .rodata.str1.1
                0x01e1c714      0x5ef ..\..\..\..\cpu\br30_develop\tools\sdk.elf.o
                                0x60f (size before relaxing)
 *fill*         0x01e1cd03        0x1 
 .rodata.cst32  0x01e1cd04       0x20 ..\..\..\..\cpu\br30_develop\tools\sdk.elf.o
 *fill*         0x01e1cd24       0x1c 
 .rodata        0x01e1cd40     0x1c98 ..\..\..\..\cpu\br30_develop\tools\sdk.elf.o
 .rodata.cst8   0x01e1e9d8       0x10 ..\..\..\..\cpu\br30_develop\tools\sdk.elf.o
 .rodata.cst16  0x01e1e9e8       0x30 C:\JL\pi32\pi32v2-lib\r3\libm.a(lib_a-e_exp.o)
 .rodata        0x01e1ea18      0x281 C:\JL\pi32\pi32v2-lib\r3\libc.a(lib_a-ctype_.o)
                0x01e1eb98                _ctype_
 *(.fat_data_code_ex)
                0x01e1ec9c                . = ALIGN (0x4)
 *fill*         0x01e1ec99        0x3 
                [!provide]                PROVIDE (text_rodata_end, .)
                0x01e1ec9c                clock_critical_handler_begin = .
 *(.clock_critical_txt)
 .clock_critical_txt
                0x01e1ec9c       0x28 ..\..\..\..\cpu\br30_develop\tools\sdk.elf.o
                0x01e1ec9c                clock_chargestore
                0x01e1eca4                clock_uart
                0x01e1ecac                clock_timer
                0x01e1ecb4                clock_lrc
                0x01e1ecbc                clock_port
                0x01e1ecc4                clock_critical_handler_end = .
                0x01e1ecc4                chargestore_handler_begin = .
 *(.chargestore_callback_txt)
                0x01e1ecc4                chargestore_handler_end = .
                0x01e1ecc4                gsensor_dev_begin = .
 *(.gsensor_dev)
                0x01e1ecc4                gsensor_dev_end = .
                0x01e1ecc4                . = ALIGN (0x4)
                0x01e1ecc4                OMSensor_dev_begin = .
 *(.omsensor_dev)
                0x01e1ecc4                OMSensor_dev_end = .
                0x01e1ecc4                fm_dev_begin = .
 *(.fm_dev)
                0x01e1ecc4                fm_dev_end = .
                0x01e1ecc4                fm_emitter_dev_begin = .
 *(.fm_emitter_dev)
                0x01e1ecc4                fm_emitter_dev_end = .
                0x01e1ecc4                storage_device_begin = .
 *(.storage_device)
                0x01e1ecc4                storage_device_end = .
                0x01e1ecc4                . = ALIGN (0x4)
                0x01e1ecc4                ai_server_device_begin = .
 *(.ai_server_device)
                0x01e1ecc4                ai_server_device_end = .
                0x01e1ecc4                . = ALIGN (0x4)
                0x01e1ecc4                adapter_idev_begin = .
 *(.adapter_idev)
 .adapter_idev  0x01e1ecc4       0x30 ..\..\..\..\cpu\br30_develop\tools\sdk.elf.o
                0x01e1ecc4                adapter_idev_bt
                0x01e1ecdc                adapter_idev_mic
                0x01e1ecf4                adapter_idev_end = .
                0x01e1ecf4                . = ALIGN (0x4)
                0x01e1ecf4                adapter_odev_begin = .
 *(.adapter_odev)
 .adapter_odev  0x01e1ecf4       0x58 ..\..\..\..\cpu\br30_develop\tools\sdk.elf.o
                0x01e1ecf4                adapter_odev_bt
                0x01e1ed20                adapter_odev_dac
                0x01e1ed4c                adapter_odev_end = .
                0x01e1ed4c                . = ALIGN (0x4)
                0x01e1ed4c                adapter_enc_begin = .
 *(.adapter_enc)
                0x01e1ed4c                adapter_enc_end = .
                0x01e1ed4c                . = ALIGN (0x4)
                0x01e1ed4c                adapter_decoder_begin = .
 *(.adapter_decoder)
 .adapter_decoder
                0x01e1ed4c       0x50 ..\..\..\..\cpu\br30_develop\tools\sdk.elf.o
                0x01e1ed4c                decoder_dual_jla
                0x01e1ed60                decoder_esco
                0x01e1ed74                decoder_jla
                0x01e1ed88                decoder_mic
                0x01e1ed9c                adapter_decoder_end = .
                0x01e1ed9c                . = ALIGN (0x4)
                0x01e1ed9c                adapter_encoder_begin = .
 *(.adapter_encoder)
 .adapter_encoder
                0x01e1ed9c       0x30 ..\..\..\..\cpu\br30_develop\tools\sdk.elf.o
                0x01e1ed9c                adapter_enc_esco
                0x01e1edac                adapter_enc_sbc
                0x01e1edbc                adapter_enc_wireless
                0x01e1edcc                adapter_encoder_end = .
 *(.opcore_table_maskrom)
 *(.bfilt_table_maskroom)
 *(.opcore_maskrom)
 *(.bfilt_code)
 *(.bfilt_const)
                0x01e1edcc                . = ALIGN (0x4)
                0x01e1edcc                media_text_start = .
 *(.aec_code)
 *(.aec_const)
 *(.der_code)
 *(.der_const)
 *(.nlp_code)
 *(.nlp_const)
 *(.qmf_code)
 *(.qmf_const)
 *(.bt_audioplc_sparse_code)
 *(.bt_audioplc_code)
 *(.bt_audioplc_const)
                0x01e1edcc                . = ALIGN (0x4)
 *(.res_code)
 *(.res_const)
                0x01e1edcc                . = ALIGN (0x4)
 *(.ns_code)
 *(.ns_const)
 *(.opcore_maskrom)
                0x01e1edcc                . = ALIGN (0x4)
 *(.pcm_code)
 .pcm_code      0x01e1edcc       0x98 ..\..\..\..\cpu\br30_develop\tools\sdk.elf.o
 *(.pcm_const)
 *(.g729_code)
 .g729_code     0x01e1ee64      0x1ea ..\..\..\..\cpu\br30_develop\tools\sdk.elf.o
 *(.g729_const)
 *(.g726_code)
 *(.g726_const)
 *(.wtg_dec_code)
 .wtg_dec_code  0x01e1f04e      0xdac ..\..\..\..\cpu\br30_develop\tools\sdk.elf.o
 *(.wtg_dec_const)
 *fill*         0x01e1fdfa        0x2 
 .wtg_dec_const
                0x01e1fdfc     0x10b4 ..\..\..\..\cpu\br30_develop\tools\sdk.elf.o
 *(.wtg_dec_sparse_code)
 .wtg_dec_sparse_code
                0x01e20eb0       0xe4 ..\..\..\..\cpu\br30_develop\tools\sdk.elf.o
 *(.wtg_dec_sparse_const)
 *(.wtgv2_code)
 *(.wtgv2_const)
 *(.wtgv2dec_code)
 *(.wtgv2dec_const)
 *(.wtgv2dec_str)
 *(.wtg_decv2_sparse_code)
 *(.bfilt_code)
                0x01e20f94                . = ALIGN (0x4)
 *(.mp3_decstream_const)
 *(.mp3_decstream_code)
 *(.mp3_decstream_sparse_code)
 *(.mp3_decstream_sparse_const)
 *(.mp3_dec_sparse_code)
 *(.mp3_dec_sparse_const)
 *(.mp3_dec_code)
 *(.mp3_dec_const)
 *(.mp3_const)
 *(.mp3_code)
 *(.msbc_code)
 .msbc_code     0x01e20f94      0x5bc ..\..\..\..\cpu\br30_develop\tools\sdk.elf.o
 *(.msbc_const)
 .msbc_const    0x01e21550       0x4e ..\..\..\..\cpu\br30_develop\tools\sdk.elf.o
 *(.mty_code)
 *(.mty_const)
 *(.mp3tsy_dec_code)
 *(.mp3tsy_dec_const)
 *(.mp3tsy_dec_sparse_code)
 *(.mp3tsy_dec_sparse_const)
 *(.sbc_code)
 .sbc_code      0x01e2159e      0x492 ..\..\..\..\cpu\br30_develop\tools\sdk.elf.o
 *(.sbc_const)
 .sbc_const     0x01e21a30        0xc ..\..\..\..\cpu\br30_develop\tools\sdk.elf.o
 *(.sine_code)
 *(.sine_const)
 *(.wav_dec_sparse_code)
 *(.wav_dec_sparse_const)
 *(.wav_dec_code)
 *(.wav_dec_const)
 *(.wav_const)
 *(.wav_code)
 *(.alac_const)
 *(.alac_code)
 *(.alac_dec_code)
 *(.wma_code)
 *(.wma_const)
 *(.wma_dec_code)
 *(.wma_dec_const)
 *(.wma_dec_sparse_code)
 *(.wma_dec_sparse_const)
 *(.wma_decstream_const)
 *(.wma_decstream_code)
 *(.wma_decstream_sparse_code)
 *(.wma_decstream_sparse_const)
 *(.amr_dec_sparse_code)
 *(.amr_dec_sparse_const)
 *(.amr_dec_code)
 *(.amr_dec_const)
 *(.amr_code)
 *(.amr_const)
 *(.midi_code)
 *(.midi_const)
 *(.lfwordnan_const)
 *(.lfwordana_const)
 *(.lfwordana_code)
 *(.lfwordana_sparse_code)
 *(.ape_dec_sparse_code)
 *(.ape_dec_sparse_const)
 *(.ape_dec_code)
 *(.ape_dec_const)
 *(.ape_code)
 *(.ape_const)
 *(.audio_decoder_code)
 .audio_decoder_code
                0x01e21a3c      0x75c ..\..\..\..\cpu\br30_develop\tools\sdk.elf.o
 *(.audio_decoder_const)
 *(.cvsd_code)
 .cvsd_code     0x01e22198      0x2fa ..\..\..\..\cpu\br30_develop\tools\sdk.elf.o
 *(.cvsd_const)
 *(.dts_dec_ff_const)
 *(.dts_dec_sparse_code)
 *(.dts_dec_sparse_const)
 *(.dts_dec_code)
 *(.dts_dec_const)
 *(.dts_code)
 *(.dts_const)
 *(.flac_dec_sparse_code)
 *(.flac_dec_sparse_const)
 *(.flac_dec_code)
 *(.flac_dec_const)
 *(.flac_const)
 *(.flac_code)
 *(.m4a_dec_code)
 *(.m4a_dec_ff_const)
 *(.m4a_dec_const)
 *(.m4a_code)
 *(.m4a_const)
 *(.mp3_encode_code)
 *(.mp3_encode_const)
 *(.media_device_code)
 *(.media_device_const)
 *(.audio_encoder_code)
 *(.audio_encoder_const)
 *(.mixer_code)
 .mixer_code    0x01e22492      0xb9e ..\..\..\..\cpu\br30_develop\tools\sdk.elf.o
 *(.mixer_const)
 *(.stream_code)
 .stream_code   0x01e23030      0x208 ..\..\..\..\cpu\br30_develop\tools\sdk.elf.o
 *(.stream_const)
 *(.dec_server_code)
 *(.dec_server_const)
 *(.rec_server_code)
 *(.rec_server_const)
 *(.auto_mute_code)
 *(.auto_mute_const)
 *(.plc_code)
 *(.plc_const)
 *(.wireless_sync_code)
 *(.wireless_sync_const)
 *(.fft_code)
 *(.fft_const)
 *(.mp3_enc_code)
 *(.mp3_enc_const)
 *(.mp3_enc_sparse_code)
 *(.mp3_enc_sparse_const)
                0x01e23238                . = ALIGN (0x4)
 *(.mp2_encode_code)
 *(.mp2_encode_const)
 *(.mp2_encode_sparse_code)
 *(.mp2_encode_sparse_const)
                0x01e23238                . = ALIGN (0x4)
 *(.adpcm_encode_code)
 *(.adpcm_encode_const)
 *(.adpcm_encode_sparse_code)
 *(.adpcm_encode_sparse_const)
                0x01e23238                . = ALIGN (0x4)
 *(.m4a_dec_sparse_code)
 *(.m4a_dec_sparse_const)
 *(.aac_dec_sparse_code)
 *(.aac_dec_sparse_const)
 *(.bt_aac_dec_core_const)
 *(.bt_aac_dec_eng_const)
 *(.bt_aac_dec_eng_code)
 *(.bt_aac_dec_core_code)
 *(.bt_aac_dec_core_sparse_code)
 *(.res_sparse_code)
 *(.ns_sparse_code)
 *(.aec_sparse_code)
 *(.nlp_sparse_code)
 *(.der_sparse_code)
 *(.qmf_sparse_code)
 *(.sms_const)
 *(.sms_sparse_code)
 *(.sms_code)
 *(.resample_cal_code)
 *(.resample_cal_sparse_code)
 *(.resample_cal_const)
 *(.bt_compressor_sparse_const)
 *(.bt_compressor_sparse_code)
 *(.compressor_sparse_code)
 *(.compressor_sparse_const)
 *(.bt_limiter_sparse_const)
 *(.bt_limiter_sparse_code)
 *(.limiter_sparse_code)
 *(.limiter_sparse_const)
 *(.bt_crossOver_sparse_const)
 *(.bt_crossOver_sparse_code)
 *(.crossOver_sparse_code)
 *(.crossOver_sparse_const)
 *(.iap_code)
 *(.iap_const)
 *(.audio_bfilt_code)
 *(.audio_bfilt_const)
 *(.audio_buf_sync_code)
 .audio_buf_sync_code
                0x01e23238       0xe2 ..\..\..\..\cpu\br30_develop\tools\sdk.elf.o
 *(.audio_buf_sync_const)
 *(.audio_dec_app_code)
 *(.audio_dec_app_const)
 *(.audio_dec_app_sync_code)
 *(.audio_dec_app_sync_const)
 *(.audio_dec_app_event_callback)
 *(.audio_dec_app_dec_run)
 *(.audio_dec_app_normal_run)
 *(.audio_dec_tone_event_callback)
 *(.audio_dig_vol_code)
 .audio_dig_vol_code
                0x01e2331a      0x186 ..\..\..\..\cpu\br30_develop\tools\sdk.elf.o
 *(.audio_dig_vol_const)
 *(.audio_echo_reverb_code)
 .audio_echo_reverb_code
                0x01e234a0      0x196 ..\..\..\..\cpu\br30_develop\tools\sdk.elf.o
 *(.audio_echo_reverb_const)
 *(.audio_echo_src_code)
 *(.audio_echo_src_const)
 *(.audio_energy_detect_code)
 .audio_energy_detect_code
                0x01e23636      0x472 ..\..\..\..\cpu\br30_develop\tools\sdk.elf.o
 *(.audio_energy_detect_const)
 *(.audio_eq_code)
 *(.audio_eq_const)
 *(.audio_drc_code)
 *(.audio_drc_const)
 *(.audio_eq_drc_apply_code)
 *(.audio_eq_drc_apply_const)
 *(.audio_equalloudness_code)
 *(.audio_equalloudness_const)
 *(.audio_howling_code)
 *(.audio_howling_const)
 *(.audio_noisegate_code)
 *(.audio_noisegate_const)
 *(.audio_output_dac_code)
 .audio_output_dac_code
                0x01e23aa8      0x3d6 ..\..\..\..\cpu\br30_develop\tools\sdk.elf.o
 *(.audio_output_dac_const)
 *(.audio_pemafrow_code)
 *(.audio_pemafrow_const)
 *(.audio_pitch_code)
 .audio_pitch_code
                0x01e23e7e        0xe ..\..\..\..\cpu\br30_develop\tools\sdk.elf.o
 *(.audio_pitch_const)
 *(.audio_pitchspeed_code)
 *(.audio_pitchspeed_const)
 *(.audio_surround_code)
 *(.audio_surround_const)
 *(.audio_vbass_code)
 *(.audio_vbass_const)
 *(.audio_vocal_remove_code)
 *(.audio_vocal_remove_const)
 *(.audio_vocal_tract_synthesis_code)
 *(.audio_vocal_tract_synthesis_const)
 *(.eq_config_code)
 *(.eq_config_const)
 *(.eq_config_protocol_code)
 .eq_config_protocol_code
                0x01e23e8c        0xa ..\..\..\..\cpu\br30_develop\tools\sdk.elf.o
 *(.eq_config_protocol_const)
 *(.spectrum_eq_code)
 *(.spectrum_eq_const)
 *(.spectrum_fft_code)
 *(.spectrum_fft_const)
 *(.audio_localtws_code)
 *(.audio_localtws_const)
 *(.audio_dec_localtws_code)
 *(.audio_dec_localtws_const)
 *(.audio_dec_a2dp_code)
 .audio_dec_a2dp_code
                0x01e23e96       0x10 ..\..\..\..\cpu\br30_develop\tools\sdk.elf.o
 *(.audio_dec_a2dp_const)
 *(.audio_dec_esco_code)
 .audio_dec_esco_code
                0x01e23ea6      0x1ca ..\..\..\..\cpu\br30_develop\tools\sdk.elf.o
 *(.audio_dec_esco_const)
 .audio_dec_esco_const
                0x01e24070       0x2c ..\..\..\..\cpu\br30_develop\tools\sdk.elf.o
 *(.audio_dec_file_code)
 *(.audio_dec_file_const)
 *(.audio_dec_pcm_code)
 .audio_dec_pcm_code
                0x01e2409c      0x132 ..\..\..\..\cpu\br30_develop\tools\sdk.elf.o
 *(.audio_dec_pcm_const)
 *fill*         0x01e241ce        0x2 
 .audio_dec_pcm_const
                0x01e241d0       0x2c ..\..\..\..\cpu\br30_develop\tools\sdk.elf.o
 *(.audio_resample_code)
 *(.audio_resample_const)
 *(.audio_splicing_code)
 .audio_splicing_code
                0x01e241fc      0x5a0 ..\..\..\..\cpu\br30_develop\tools\sdk.elf.o
 *(.audio_splicing_const)
 *(.channel_switch_code)
 .channel_switch_code
                0x01e2479c      0x242 ..\..\..\..\cpu\br30_develop\tools\sdk.elf.o
 *(.channel_switch_const)
 *(.sw_drc_code)
 *(.sw_drc_const)
 *(.aptx_decoder_code)
 *(.aptx_decoder_const)
 *(.ldac_decoder_code)
 *(.ldac_decoder_const)
 *(.speex_encoder_code)
 *(.speex_encoder_const)
 *(.sbc_encoder_code)
 .sbc_encoder_code
                0x01e249de      0x110 ..\..\..\..\cpu\br30_develop\tools\sdk.elf.o
 *(.sbc_encoder_const)
 *(.opus_encoder_code)
 *(.opus_encoder_const)
 *(.prevent_task_fill_code)
 *(.prevent_task_fill_const)
 *(.audio_cfifo_code)
 .audio_cfifo_code
                0x01e24aee      0x262 ..\..\..\..\cpu\br30_develop\tools\sdk.elf.o
 *(.audio_cfifo_const)
 *(.audio_track_code)
 *(.audio_track_const)
 *(.audio_adc_code)
 *(.audio_adc_const)
 *(.audio_dac_code)
 .audio_dac_code
                0x01e24d50      0xd1e ..\..\..\..\cpu\br30_develop\tools\sdk.elf.o
 *(.audio_dac_const)
 *(.audio_linein_code)
 *(.audio_linein_const)
 *(.audio_link_code)
 *(.audio_link_const)
 *(.audio_sample_sync_code)
 *(.audio_sample_sync_const)
 *(.audio_wireless_sync_code)
 *(.audio_wireless_sync_const)
 *(.audio_spdif_code)
 *(.audio_spdif_const)
 *(.audio_src_code)
 .audio_src_code
                0x01e25a6e       0x44 ..\..\..\..\cpu\br30_develop\tools\sdk.elf.o
 *(.audio_src_const)
 *(.audio_src_base_code)
 .audio_src_base_code
                0x01e25ab2      0x738 ..\..\..\..\cpu\br30_develop\tools\sdk.elf.o
 *(.audio_src_base_const)
 *fill*         0x01e261ea        0x2 
 .audio_src_base_const
                0x01e261ec       0x28 ..\..\..\..\cpu\br30_develop\tools\sdk.elf.o
 *(.effectrs_sync_code)
 *(.effectrs_sync_const)
 *(.eq_design_code)
 *(.eq_design_const)
 *(.hw_eq_code)
 *(.hw_eq_const)
 *(.iic_code)
 *(.iic_const)
 *(.mic_cap_code)
 *(.mic_cap_const)
 *(.sbc_hwaccel_code)
 *(.sbc_hwaccel_const)
 *(.howlings_phf_sparse_code)
 *(.howlings_phf_code)
 *(.howlings_phf_const)
 *(.pitchshifter_sparse_code)
 *(.pitchshifter_code)
 *(.pitchshifter_const)
 *(.voiceChanger.text)
 *(.voiceChanger.text.const)
 *(.voiceChanger.text.cache.L2.run)
                0x01e26214                . = ALIGN (0x4)
                0x01e26214                _audio_decoder_begin = .
                0x01e26214                PROVIDE (audio_decoder_begin, .)
 *(.audio_decoder)
 .audio_decoder
                0x01e26214      0x154 ..\..\..\..\cpu\br30_develop\tools\sdk.elf.o
                0x01e26214                g729_decoder
                0x01e26258                pcm_decoder
                0x01e2629c                sbc_decoder
                0x01e262e0                msbc_decoder
                0x01e26324                cvsd_decoder
                0x01e26368                _audio_decoder_end = .
                0x01e26368                PROVIDE (audio_decoder_end, .)
                0x01e26368                _audio_encoder_begin = .
                0x01e26368                PROVIDE (audio_encoder_begin, .)
 *(.audio_encoder)
 .audio_encoder
                0x01e26368       0x80 ..\..\..\..\cpu\br30_develop\tools\sdk.elf.o
                0x01e26368                cvsd_encoder
                0x01e26388                msbc_encoder
                0x01e263a8                sbc_encoder
                0x01e263c8                jla_encoder
                0x01e263e8                _audio_encoder_end = .
                0x01e263e8                PROVIDE (audio_encoder_end, .)
                0x01e263e8                _audio_package_begin = .
                [!provide]                PROVIDE (audio_package_begin, .)
 *(.audio_package)
                0x01e263e8                _audio_package_end = .
                [!provide]                PROVIDE (audio_package_end, .)
                0x01e263e8                _audio_dev_begin = .
                [!provide]                PROVIDE (audio_dev_begin, .)
 *(.audio_device)
                0x01e263e8                _audio_dev_end = .
                [!provide]                PROVIDE (audio_dev_end, .)
                0x01e263e8                _audio_hwaccel_begin = .
                0x01e263e8                PROVIDE (audio_hwaccel_begin, .)
 *(.audio_hwaccel)
 .audio_hwaccel
                0x01e263e8       0x24 ..\..\..\..\cpu\br30_develop\tools\sdk.elf.o
                0x01e263e8                sbc_hwaccel
                0x01e2640c                _audio_hwaccel_end = .
                0x01e2640c                PROVIDE (audio_hwaccel_end, .)
                0x01e2640c                . = ALIGN (0x4)
                0x01e2640c                media_code_begin = .
 *(.media.*.text)
 .media.audio_libutils.text
                0x01e2640c       0x26 ..\..\..\..\cpu\br30_develop\tools\sdk.elf.o
 .media.media_cpu.text
                0x01e26432      0xe0a ..\..\..\..\cpu\br30_develop\tools\sdk.elf.o
 .media.audio_stream.text
                0x01e2723c       0x1c ..\..\..\..\cpu\br30_develop\tools\sdk.elf.o
 .media.mixer.text
                0x01e27258       0x2a ..\..\..\..\cpu\br30_develop\tools\sdk.elf.o
 .media.audio_decoder.text
                0x01e27282       0x4a ..\..\..\..\cpu\br30_develop\tools\sdk.elf.o
 .media.audio_encoder.text
                0x01e272cc     0x1820 ..\..\..\..\cpu\br30_develop\tools\sdk.elf.o
 .media.audio_splicing.text
                0x01e28aec        0x6 ..\..\..\..\cpu\br30_develop\tools\sdk.elf.o
 .media.bluetooth_audio.text
                0x01e28af2        0x4 ..\..\..\..\cpu\br30_develop\tools\sdk.elf.o
                0x01e28af8                . = ALIGN (0x4)
 *fill*         0x01e28af6        0x2 
 *(.crossOver_code)
 *(.crossOver_const)
 *(.bt_crossOver_const)
 *(.bt_crossOver_code)
                0x01e28af8                . = ALIGN (0x4)
 *(.compressor_code)
 *(.compressor_const)
 *(.bt_compressor_const)
 *(.bt_compressor_code)
                0x01e28af8                . = ALIGN (0x4)
 *(.limiter_code)
 *(.limiter_const)
 *(.bt_limiter_const)
 *(.bt_limiter_code)
 *(.drc_const)
 *(.drc_code)
 *(.drc_sparse_code)
 *(.drc_sparse_const)
                0x01e28af8                . = ALIGN (0x4)
 *(.lib_pitchshift_code)
 *(.lib_pitchshift_const)
                0x01e28af8                . = ALIGN (0x4)
 *(.sur_cal_const)
 *(.sur_cal_code)
                0x01e28af8                . = ALIGN (0x4)
 *(.reverb_cal_sparse_code)
 .reverb_cal_sparse_code
                0x01e28af8      0x330 ..\..\..\..\cpu\br30_develop\tools\sdk.elf.o
                0x01e28e28                . = ALIGN (0x4)
 *(.dvol_ram_code)
 .dvol_ram_code
                0x01e28e28       0xf2 ..\..\..\..\cpu\br30_develop\tools\sdk.elf.o
                0x01e28f1c                . = ALIGN (0x4)
 *fill*         0x01e28f1a        0x2 
 *(.reverb_cal_const)
                0x01e28f1c                . = ALIGN (0x4)
 *(.reverb_cal_code)
                0x01e28f1c                . = ALIGN (0x4)
 *(.jlsp_code)
 .jlsp_code     0x01e28f1c      0x15c ..\..\..\..\cpu\br30_develop\tools\sdk.elf.o
                0x01e29078                . = ALIGN (0x4)
 *(.jlsp_const)
                0x01e29078                . = ALIGN (0x4)
 *(.llns.text)
 .llns.text     0x01e29078      0x8f6 ..\..\..\..\cpu\br30_develop\tools\sdk.elf.o
                0x01e29970                . = ALIGN (0x4)
 *fill*         0x01e2996e        0x2 
 *(.llns.text.const)
 .llns.text.const
                0x01e29970      0x6c0 ..\..\..\..\cpu\br30_develop\tools\sdk.elf.o
                0x01e2a030                . = ALIGN (0x4)
 *(.jla_decoder_code)
 .jla_decoder_code
                0x01e2a030      0x11a ..\..\..\..\cpu\br30_develop\tools\sdk.elf.o
 *(.jla_decoder_const)
 *(.jla_codec_c_sparse_code)
 .jla_codec_c_sparse_code
                0x01e2a14a      0x338 ..\..\..\..\cpu\br30_develop\tools\sdk.elf.o
                0x01e2a484                . = ALIGN (0x4)
 *fill*         0x01e2a482        0x2 
 *(.stream_code_nor_run)
 .stream_code_nor_run
                0x01e2a484      0x256 ..\..\..\..\cpu\br30_develop\tools\sdk.elf.o
 *(.mixer_code_nor_run)
 *(.audio_codec_code)
 .audio_codec_code
                0x01e2a6da      0x294 ..\..\..\..\cpu\br30_develop\tools\sdk.elf.o
 *(.audio_codec_code_read_file)
 .audio_codec_code_read_file
                0x01e2a96e       0x42 ..\..\..\..\cpu\br30_develop\tools\sdk.elf.o
 *(.audio_src_code_nor_run)
 *(.src_base_code_nor_run)
 *(.audio_dac_code_nor_run)
 .audio_dac_code_nor_run
                0x01e2a9b0      0x38a ..\..\..\..\cpu\br30_develop\tools\sdk.elf.o
 *(.audio_cfifo_code_nor_run)
 .audio_cfifo_code_nor_run
                0x01e2ad3a      0x3cc ..\..\..\..\cpu\br30_develop\tools\sdk.elf.o
 *(.stream_code_copy_run)
 *(.mixer_code_out_run)
 *(.audio_codec_code_frame_file)
 .audio_codec_code_frame_file
                0x01e2b106       0x40 ..\..\..\..\cpu\br30_develop\tools\sdk.elf.o
 *(.buf_sync_code_nor_run)
 .buf_sync_code_nor_run
                0x01e2b146       0xb2 ..\..\..\..\cpu\br30_develop\tools\sdk.elf.o
 *(.resample_fastcal_const)
 *(.resample_fastcal_code)
 *(.resample_fastcal_sparse_code)
                0x01e2b1f8                . = ALIGN (0x4)
                0x01e2b1f8                media_code_end = .
                0x01e2b1f8                . = ALIGN (0x4)
                0x00004dec                media_code_size = (media_code_end - media_code_begin)
                0x01e2b1f8                . = ALIGN (0x4)
                0x01e2b1f8                media_text_end = .
                0x0000c42c                media_code_total_size = (media_text_end - media_text_start)
                0x01e2b1f8                . = ALIGN (0x4)
                0x01e2b1f8                __VERSION_BEGIN = .
 *(.sys.version)
 .sys.version   0x01e2b1f8       0x1e ../../../../cpu/br30_develop/liba/cpu.a(version.z.o)
                0x01e2b1f8                lib_driver_version
 .sys.version   0x01e2b216       0x1e ../../../../cpu/br30_develop/liba/system.a(version.z.o)
                0x01e2b216                lib_system_version
 .sys.version   0x01e2b234       0x1f ../../../../cpu/br30_develop/liba/btstack.a(version.z.o)
                0x01e2b234                lib_btstack_version
 .sys.version   0x01e2b253       0x20 ../../../../cpu/br30_develop/liba/btctrler.a(version.z.o)
                0x01e2b253                lib_btctler_version
 .sys.version   0x01e2b273       0x1d ../../../../cpu/br30_develop/liba/media.a(version.z.o)
                0x01e2b273                lib_media_version
 .sys.version   0x01e2b290       0x1e ../../../../cpu/br30_develop/liba/update.a(version.z.o)
                0x01e2b290                lib_update_version
                0x01e2b2ae                __VERSION_END = .
 *(.noop_version)
 .noop_version  0x01e2b2ae       0x18 ../../../../cpu/br30_develop/liba/cpu.a(startup.S.o)
                0x01e2b2c8                . = ALIGN (0x4)
 *fill*         0x01e2b2c6        0x2 
                0x01e2b2c8                tool_interface_begin = .
 *(.tool_interface)
                0x01e2b2c8                tool_interface_end = .
                0x01e2b2c8                . = ALIGN (0x4)
                0x01e2b2c8                . = ALIGN (0x4)
                0x01e2b2c8                _SPI_CODE_START = .
 *(.spi_code)
 .spi_code      0x01e2b2c8      0x8a4 ..\..\..\..\cpu\br30_develop\tools\sdk.elf.o
                0x01e2b6c4                read_flash_id
                0x01e2b770                check_system_wakeup
                0x01e2b7aa                __udelay
                0x01e2b878                norflash_erase
                0x01e2b902                flushinv_dcache_api
                0x01e2ba30                norflash_get_uuid
                0x01e2bb6c                . = ALIGN (0x4)
                0x01e2bb6c                _SPI_CODE_END = .
                0x01e2bb6c                . = ALIGN (0x4)
 *(.media.audio*)
 *(.media.mixer*)
 *(.media.media*)
 *(.wtg_dec_code)
 *(.wtg_dec_const)
 *(.wtg_dec_sparse_code)
                0x01e2bb80                . = ALIGN (0x20)
 *fill*         0x01e2bb6c       0x14 
                0x01e2bb80                btctler_code_start = .
                0x01e2bb80                BTCTLER_CONTROLLER_CODE_START = .
 *(.bt_rf_const)
 .bt_rf_const   0x01e2bb80      0x42c ..\..\..\..\cpu\br30_develop\tools\sdk.elf.o
 *(.bt_rf_code)
 .bt_rf_code    0x01e2bfac     0x255e ..\..\..\..\cpu\br30_develop\tools\sdk.elf.o
 *(.vendor_manager_const)
 *(.vendor_manager_code)
 *(.device_manager_const)
 *(.device_manager_code)
 *(.hci_controller_const)
 *fill*         0x01e2e50a        0x2 
 .hci_controller_const
                0x01e2e50c       0x28 ..\..\..\..\cpu\br30_develop\tools\sdk.elf.o
 *(.hci_controller_code)
 .hci_controller_code
                0x01e2e534      0x3b0 ..\..\..\..\cpu\br30_develop\tools\sdk.elf.o
 *(.hci_interface_const)
 *(.hci_interface_code)
                0x00002d64                BTCTLER_CONTROLLER_CODE_SIZE = ABSOLUTE ((. - BTCTLER_CONTROLLER_CODE_START))
                0x01e2e8e4                BTCTLER_LE_CONTROLLER_CODE_START = .
 *(.ble_rf_const)
 .ble_rf_const  0x01e2e8e4       0x24 ..\..\..\..\cpu\br30_develop\tools\sdk.elf.o
 *(.ble_rf_code)
 .ble_rf_code   0x01e2e908     0x30c6 ..\..\..\..\cpu\br30_develop\tools\sdk.elf.o
 *(.ble_ll_const)
 *fill*         0x01e319ce        0x2 
 .ble_ll_const  0x01e319d0       0xb8 ..\..\..\..\cpu\br30_develop\tools\sdk.elf.o
 *(.ble_ll_code)
 .ble_ll_code   0x01e31a88     0x254c ..\..\..\..\cpu\br30_develop\tools\sdk.elf.o
 *(.ble_hci_const)
 .ble_hci_const
                0x01e33fd4       0x19 ..\..\..\..\cpu\br30_develop\tools\sdk.elf.o
 *(.ble_hci_code)
 *fill*         0x01e33fed        0x1 
 .ble_hci_code  0x01e33fee      0x71a ..\..\..\..\cpu\br30_develop\tools\sdk.elf.o
 *(.classic_hci_const)
 *(.classic_hci_code)
                0x00005e24                BTCTLER_LE_CONTROLLER_CODE_SIZE = ABSOLUTE ((. - BTCTLER_LE_CONTROLLER_CODE_START))
                0x01e34708                BTCTLER_CL_CODE_START = .
 *(.bredr_irq)
 *(.bredr_irq_code)
 *(.bredr_irq_const)
 *(.classic_lmp_const)
 *(.classic_lmp_auth_const)
 *(.classic_lmp_bigint_const)
 *(.classic_lmp_crypt_const)
 *(.classic_lmp_ecdh_const)
 *(.classic_lmp_hmac_const)
 *(.classic_lmp_code)
 .classic_lmp_code
                0x01e34708      0xbec ..\..\..\..\cpu\br30_develop\tools\sdk.elf.o
 *(.classic_lmp_auth_code)
 *(.classic_lmp_bigint_code)
 *(.classic_lmp_crypt_code)
 *(.classic_lmp_ecdh_code)
 *(.classic_lmp_hmac_code)
 *(.classic_rf_const)
 .classic_rf_const
                0x01e352f4       0x5c ..\..\..\..\cpu\br30_develop\tools\sdk.elf.o
 *(.classic_rf_code)
 .classic_rf_code
                0x01e35350      0x896 ..\..\..\..\cpu\br30_develop\tools\sdk.elf.o
 *(.classic_bb_const)
 *(.classic_bb_code)
                0x000014de                BTCTLER_CL_CODE_SIZE = ABSOLUTE ((. - BTCTLER_CL_CODE_START))
                0x01e35be8                . = ALIGN (0x4)
 *fill*         0x01e35be6        0x2 
 *(.classic_tws_const)
 *(.classic_tws_code)
 *(.classic_tws_code.esco)
                0x01e35be8                . = ALIGN (0x4)
 *(.lmp_irq_code)
 .lmp_irq_code  0x01e35be8       0xea ..\..\..\..\cpu\br30_develop\tools\sdk.elf.o
 *(.link_bulk_code)
 .link_bulk_code
                0x01e35cd2      0x2ca ..\..\..\..\cpu\br30_develop\tools\sdk.elf.o
 *(.frame_irq_code)
 .frame_irq_code
                0x01e35f9c      0x4c2 ..\..\..\..\cpu\br30_develop\tools\sdk.elf.o
                0x01e36460                . = ALIGN (0x4)
 *fill*         0x01e3645e        0x2 
 *(.link_task_const)
 .link_task_const
                0x01e36460        0x8 ..\..\..\..\cpu\br30_develop\tools\sdk.elf.o
 *(.link_task_code)
 .link_task_code
                0x01e36468      0x6c4 ..\..\..\..\cpu\br30_develop\tools\sdk.elf.o
                0x01e36b2c                . = ALIGN (0x4)
 *(.classic_irq_const)
 .classic_irq_const
                0x01e36b2c        0x8 ..\..\..\..\cpu\br30_develop\tools\sdk.elf.o
 *(.classic_irq_code)
 .classic_irq_code
                0x01e36b34      0xbb2 ..\..\..\..\cpu\br30_develop\tools\sdk.elf.o
                0x01e376e8                . = ALIGN (0x4)
 *fill*         0x01e376e6        0x2 
 *(.tws_irq_code)
                0x01e376e8                . = ALIGN (0x4)
                0x01e376e8                tws_sync_call_begin = .
 *(.tws_sync_call)
 .tws_sync_call
                0x01e376e8        0xc ..\..\..\..\cpu\br30_develop\tools\sdk.elf.o
                0x01e376f4                tws_sync_call_end = .
                0x01e376f4                . = ALIGN (0x4)
                0x01e376f4                tws_func_stub_begin = .
 *(.tws_func_stub)
 .tws_func_stub
                0x01e376f4       0x18 ..\..\..\..\cpu\br30_develop\tools\sdk.elf.o
                0x01e3770c                tws_func_stub_end = .
 *(.tws_media_sync_code)
 .tws_media_sync_code
                0x01e3770c        0xe ..\..\..\..\cpu\br30_develop\tools\sdk.elf.o
 *(.tws_media_sync_const)
 *(.tws_data_forward_code)
 *(.tws_data_forward_const)
                0x01e3771c                . = ALIGN (0x4)
 *fill*         0x01e3771a        0x2 
                0x01e3771c                tws_sync_channel_begin = .
 *(.tws_sync_channel.0)
 *(.tws_sync_channel.1)
 *(.tws_sync_channel.2)
 *(.tws_sync_channel.3)
 *(.tws_sync_channel.4)
 *(.tws_sync_channel.5)
 *(.tws_sync_channel.6)
 *(.tws_sync_channel.7)
 *(.tws_sync_channel.8)
 *(.tws_sync_channel.9)
 *(.tws_sync_channel.10)
 *(.tws_sync_channel.11)
 *(.tws_sync_channel.12)
 *(.tws_sync_channel.13)
 *(.tws_sync_channel.14)
 *(.tws_sync_channel.15)
                0x01e3771c                tws_sync_channel_end = .
                0x01e3771c                btctler_code_end = .
                0x01e3771c                . = ALIGN (0x4)
                0x01e3771c                update_code_start = .
 *(.bt_updata_ram_code)
 .bt_updata_ram_code
                0x01e3771c       0x84 ..\..\..\..\cpu\br30_develop\tools\sdk.elf.o
 *(.update_const)
 .update_const  0x01e377a0      0x15e ..\..\..\..\cpu\br30_develop\tools\sdk.elf.o
 *(.update_code)
 .update_code   0x01e378fe      0xff4 ..\..\..\..\cpu\br30_develop\tools\sdk.elf.o
                0x01e388f2                update_code_end = .
                0x01e388f2                driver_code_start = .
 *(.fm_code)
                0x01e388f2                CLOCK_CODE_START = .
 *(.clock_code)
 .clock_code    0x01e388f2      0x92a ..\..\..\..\cpu\br30_develop\tools\sdk.elf.o
 *(.clock_const)
                0x0000092a                CLOCK_CODE_SIZE = ABSOLUTE ((. - CLOCK_CODE_START))
 *(.debug_code)
 *(.debug_const)
 *(.power_code)
 *(.power_const)
 *(.uart_code)
 *(.uart_const)
                0x01e3921c                driver_code_end = .
                0x01e3921c                . = ALIGN (0x4)
                0x00000000                . = ORIGIN (ram0)

.mmu_tlb        0x00000000      0xb00
 *(.mmu_tlb_segment)
 .mmu_tlb_segment
                0x00000000      0xb00 ..\..\..\..\cpu\br30_develop\tools\sdk.elf.o

.boot_info      0x00000b00       0x40
 *(.boot_info)
 .boot_info     0x00000b00       0x28 ..\..\..\..\cpu\br30_develop\tools\sdk.elf.o
                0x00000b40                . = ALIGN (0x20)
 *fill*         0x00000b28       0x18 

.irq_stack      0x00000b40      0x800
                0x00000b40                _cpu0_sstack_begin = .
                [!provide]                PROVIDE (cpu0_sstack_begin, .)
 *(.stack)
 .stack         0x00000b40      0x800 ../../../../cpu/br30_develop/liba/cpu.a(startup.S.o)
                0x00001340                _stack
                0x00001340                _cpu0_sstack_end = .
                [!provide]                PROVIDE (cpu0_sstack_end, .)
                0x00001340                _stack_end = .
                0x00001340                . = ALIGN (0x4)

.data           0x00001340     0x4140
                0x00001340                . = ALIGN (0x4)
 *(.data_magic)
 .data_magic    0x00001340       0x40 ..\..\..\..\cpu\br30_develop\tools\sdk.elf.o
                0x00001340                data_magic
 *(.audio_dec_data)
                0x00001380                . = ALIGN (0x4)
                0x00001380                media_data_start = .
                0x00001380                . = ALIGN (0x4)
                0x00001380                EQ_COEFF_BASE = .
                0x000015b0                . = (EQ_COEFF_BASE + ((0x4 * EQ_SECTION_NUM) * 0xe))
 *fill*         0x00001380      0x230 
                0x000015b0                . = ALIGN (0x4)
 *(.aec_data)
                0x000015b0                . = ALIGN (0x4)
 *(.res_data)
                0x000015b0                . = ALIGN (0x4)
 *(.ns_data)
                0x000015b0                . = ALIGN (0x4)
 *(.der_data)
                0x000015b0                . = ALIGN (0x4)
 *(.nlp_data)
                0x000015b0                . = ALIGN (0x4)
 *(.qmf_data)
                0x000015b0                . = ALIGN (0x4)
 *(.fft_data)
                0x000015b0                . = ALIGN (0x4)
 *(.bt_audioplc_data)
 *(.sms_data)
 *(.pcm_data)
 *(.cvsd_data)
 .cvsd_data     0x000015b0       0x14 ..\..\..\..\cpu\br30_develop\tools\sdk.elf.o
 *(.g729_data)
 *(.g726_data)
 *(.wtg_dec_data)
 *(.wtgv2_data)
 *(.wtgv2dec_data)
 *(.mp3_data)
 *(.mp3_dec_data)
 *(.msbc_data)
 .msbc_data     0x000015c4        0x4 ..\..\..\..\cpu\br30_develop\tools\sdk.elf.o
 *(.mty_data)
 *(.mp3tsy_dec_data)
 *(.sbc_data)
 .sbc_data      0x000015c8        0x4 ..\..\..\..\cpu\br30_develop\tools\sdk.elf.o
 *(.sine_data)
 *(.wav_dec_data)
 *(.wav_data)
 *(.wma_data)
 *(.wma_dec_data)
 *(.amr_data)
 *(.amr_dec_data)
 *(.midi_data)
 *(.ape_data)
 *(.ape_dec_data)
 *(.audio_decoder_data)
 *(.dts_data)
 *(.dts_dec_data)
 *(.flac_data)
 *(.flac_dec_data)
 *(.m4a_data)
 *(.m4a_dec_data)
 *(.mp3_encode_data)
 *(.media_device_data)
 *(.audio_encoder_data)
 *(.mixer_data)
 *(.stream_data)
 *(.dec_server_data)
 *(.rec_server_data)
 *(.auto_mute_data)
 *(.plc_data)
 *(.wireless_sync_data)
 *(.resample_cal_data)
 *(.bt_compressor_data)
 *(.bt_crossOver_data)
 *(.bt_limiter_data)
 *(.bt_compressor_sparse_data)
 *(.bt_limiter_sparse_data)
 *(.bt_crossOver_sparse_data)
 *(.iap_data)
 *(.audio_bfilt_data)
 *(.audio_buf_sync_data)
 *(.audio_dec_app_data)
 *(.audio_dec_app_sync_data)
 *(.audio_dig_vol_data)
 *(.audio_echo_reverb_data)
 *(.audio_echo_src_data)
 *(.audio_energy_detect_data)
 *(.audio_eq_data)
 *(.audio_drc_data)
 *(.audio_eq_drc_apply_data)
 *(.audio_equalloudness_data)
 *(.audio_howling_data)
 *(.audio_noisegate_data)
 *(.audio_output_dac_data)
 .audio_output_dac_data
                0x000015cc        0x4 ..\..\..\..\cpu\br30_develop\tools\sdk.elf.o
 *(.audio_pemafrow_data)
 *(.audio_pitch_data)
 .audio_pitch_data
                0x000015d0        0x8 ..\..\..\..\cpu\br30_develop\tools\sdk.elf.o
 *(.audio_pitchspeed_data)
 *(.audio_surround_data)
 *(.audio_vbass_data)
 *(.audio_vocal_remove_data)
 *(.audio_vocal_tract_synthesis_data)
 *(.eq_config_data)
 *(.eq_config_protocol_data)
 *(.spectrum_eq_data)
 *(.spectrum_fft_data)
 *(.audio_localtws_data)
 *(.audio_dec_localtws_data)
 *(.audio_dec_a2dp_data)
 *(.audio_dec_esco_data)
 *(.audio_dec_file_data)
 *(.audio_dec_pcm_data)
 *(.audio_resample_data)
 *(.audio_splicing_data)
 *(.channel_switch_data)
 *(.sw_drc_data)
 *(.aptx_decoder_data)
 *(.ldac_decoder_data)
 *(.speex_encoder_data)
 *(.sbc_encoder_data)
 .sbc_encoder_data
                0x000015d8        0x4 ..\..\..\..\cpu\br30_develop\tools\sdk.elf.o
 *(.opus_encoder_data)
 *(.prevent_task_fill_data)
 *(.audio_cfifo_data)
 *(.audio_track_data)
 *(.audio_adc_data)
 *(.audio_dac_data)
 .audio_dac_data
                0x000015dc        0x4 ..\..\..\..\cpu\br30_develop\tools\sdk.elf.o
 *(.audio_linein_data)
 *(.audio_link_data)
 *(.audio_sample_sync_data)
 *(.audio_wireless_sync_data)
 *(.audio_spdif_data)
 *(.audio_src_data)
 *(.audio_src_base_data)
 .audio_src_base_data
                0x000015e0       0x29 ..\..\..\..\cpu\br30_develop\tools\sdk.elf.o
 *(.effectrs_sync_data)
 *(.eq_design_data)
 *(.hw_eq_data)
 *(.iic_data)
 *(.mic_cap_data)
 *(.sbc_hwaccel_data)
 *(.pitchshifter_data)
 *(.voiceChanger.data)
 *(.resample_fastcal_data)
 *(.aac_data)
 *(.alac_data)
                0x0000160c                . = ALIGN (0x4)
 *fill*         0x00001609        0x3 
 *(.dec2tws_mem)
 *(.midi_mem)
 *(.midi_ctrl_mem)
 *(.lfwordana_data)
                0x0000160c                . = ALIGN (0x4)
 *(.jlsp_data)
                0x0000160c                . = ALIGN (0x4)
 *(.llns.data)
                0x0000160c                . = ALIGN (0x4)
 *(.jla_decoder_data)
 *(.jla_codec_ari_c_const)
 *fill*         0x0000160c        0x4 
 .jla_codec_ari_c_const
                0x00001610     0x2d98 ..\..\..\..\cpu\br30_develop\tools\sdk.elf.o
 *(.jla_codec_ari_c_data)
 *(.jla_codec_c_data)
 *(.jla_codec_t8k_code)
 *(.jla_codec_t16k_code)
 *(.jla_codec_t24k_code)
 *(.jla_codec_t32k_code)
 .jla_codec_t32k_code
                0x000043a8      0x3a0 ..\..\..\..\cpu\br30_develop\tools\sdk.elf.o
 *(.jla_codec_t441k_code)
                0x00004748                . = ALIGN (0x4)
                0x00004748                media_data_end = .
                0x00004748                . = ALIGN (0x4)
 *(.wav_data)
 *(.wav_dec_data)
 *(.wav_mem)
 *(.wav_ctrl_mem)
                0x00004748                . = ALIGN (0x4)
 *(.data*)
 *fill*         0x00004748        0x8 
 .data          0x00004750      0x2cc ..\..\..\..\cpu\br30_develop\tools\sdk.elf.o
                0x000048c0                jiffies
 .data          0x00004a1c        0x4 C:\JL\pi32\pi32v2-lib\r3\libc.a(lib_a-ctype_.o)
                0x00004a1c                __ctype_ptr__
                0x00004a20                . = ALIGN (0x20)
                0x00004a20                btstack_data_start = .
 *(.bt_stack_data)
 .bt_stack_data
                0x00004a20       0x8c ..\..\..\..\cpu\br30_develop\tools\sdk.elf.o
 *(.ble_db_data)
 *(.ble_sm_data)
 *(.ble_att_data)
 *(.ble_gatt_data)
                0x00004aac                BTSTACK_LE_HOST_MESH_DATA_START = .
                0x00004aac                . = ((. + 0x3) & 0xfffffffc)
                0x00004aac                _net_buf_pool_list = .
 *(._net_buf_pool.static.*)
 *(.ble_mesh_data)
 *(.ble_mesh_tinycrypt_data)
                0x00000000                BTSTACK_LE_HOST_MESH_DATA_SIZE = ABSOLUTE ((. - BTSTACK_LE_HOST_MESH_DATA_START))
                0x00004aac                btstack_data_end = .
                0x00004aac                . = ALIGN (0x4)
                0x00004aac                . = ALIGN (0x4)
                0x00004aac                system_data_start = .
                0x00004aac                _video_subdev_begin = .
                [!provide]                PROVIDE (video_subdev_begin, .)
 *(.video_subdev.0)
 *(.video_subdev.1)
 *(.video_subdev.2)
 *(.video_subdev.3)
 *(.video_subdev.4)
 *(.video_subdev.5)
                0x00004aac                _video_subdev_end = .
                [!provide]                PROVIDE (video_subdev_end, .)
                0x00004aac                _audio_subdev_begin = .
                [!provide]                PROVIDE (audio_subdev_begin, .)
 *(.audio_subdev.0)
 *(.audio_subdev.1)
 *(.audio_subdev.2)
 *(.audio_subdev.3)
                0x00004aac                _audio_subdev_end = .
                [!provide]                PROVIDE (audio_subdev_end, .)
                0x00004aac                _iic_device_begin = .
                [!provide]                PROVIDE (iic_device_begin, .)
 *(.iic)
                0x00004aac                _iic_device_end = .
                [!provide]                PROVIDE (iic_device_end, .)
                0x00004aac                _avin_spi_device_begin = .
                [!provide]                PROVIDE (avin_spi_device_begin, .)
 *(.sw_spi)
                0x00004aac                _avin_spi_device_end = .
                [!provide]                PROVIDE (avin_spi_device_end, .)
                0x00004aac                _video_dev_begin = .
                [!provide]                PROVIDE (video_dev_begin, .)
 *(.video_device)
                0x00004aac                _video_dev_end = .
                [!provide]                PROVIDE (video_dev_end, .)
                0x00004aac                _key_driver_ops_begin = .
                [!provide]                PROVIDE (key_driver_ops_begin, .)
 *(.key_driver_ops)
                0x00004aac                _key_driver_ops_end = .
                [!provide]                PROVIDE (key_driver_ops_end, .)
                0x00004aac                _touch_driver_begin = .
                [!provide]                PROVIDE (touch_driver_begin, .)
 *(.touch_driver)
                0x00004aac                _touch_driver_end = .
                [!provide]                PROVIDE (touch_driver_end, .)